<html>
<body>
<pre>
<h1>µVision Build Log</h1>
<h2>Tool Versions:</h2>
IDE-Version: ¶ÃVision V5.28.0.0
Copyright (C) 2019 ARM Ltd and ARM Germany GmbH. All rights reserved.
License Information: Dutch dutch, suntop, LIC=BUURY-IH366-TGJ7T-RCYD7-YYSS0-EIVNS
 
Tool Versions:
Toolchain:       MDK-ARM Plus  Version: 5.28.0.0
Toolchain Path:  C:\Keil_v5\ARM\ARMCC\Bin
C Compiler:      Armcc.exe V5.06 update 6 (build 750)
Assembler:       Armasm.exe V5.06 update 6 (build 750)
Linker/Locator:  ArmLink.exe V5.06 update 6 (build 750)
Library Manager: ArmAr.exe V5.06 update 6 (build 750)
Hex Converter:   FromElf.exe V5.06 update 6 (build 750)
CPU DLL:         SARMCM3.DLL V5.28.0.0
Dialog DLL:      DARMCM1.DLL V1.19.2.0
Target DLL:      Segger\JL2CM3.dll V2.99.36.0
Dialog DLL:      TARMCM1.DLL V1.14.1.0
 
<h2>Project:</h2>
C:\Users\12497\Desktop\≈‡—µ◊ ¡œ\LKS08x_FOC_SensorLessV4.28.2\LK_StdPeriph.uvprojx
Project File Date:  07/01/2025

<h2>Output:</h2>
*** Using Compiler 'V5.06 update 6 (build 750)', folder: 'C:\Keil_v5\ARM\ARMCC\Bin'
Rebuild target 'Linko 08x Project'
compiling Global_Variable.c...
compiling Process_Control.c...
compiling hardware_init.c...
compiling MC_math.c...
compiling state_machine.c...
compiling Task_Scheduler.c...
compiling interrupt.c...
compiling SpeedScan.c...
compiling PID_regulators.c...
compiling FOC_Drive.c...
compiling System_Init.c...
compiling fault_detection.c...
compiling lks32mc08x_adc.c...
compiling PowerCalculation.c...
compiling main.c...
compiling lks32mc08x_cmp.c...
compiling SignalChain_Sample.c...
compiling App2Core.c...
compiling lks32mc08x_can.c...
compiling MC_hall.c...
compiling lks32mc08x_dac.c...
compiling lks32mc08x_dma.c...
compiling lks32mc08x_dsp.c...
compiling lks32mc08x_exti.c...
compiling lks32MC08x_flash.c...
compiling lks32mc08x_gpio.c...
compiling lks32mc08x_hall.c...
compiling lks32mc08x_i2c.c...
compiling lks32mc08x_iwdg.c...
compiling lks32mc08x_mcpwm.c...
compiling lks32mc08x_opa.c...
compiling lks32mc08x_spi.c...
compiling lks32mc08x_sys.c...
compiling lks32mc08x_tim.c...
assembling startup_lks32mc08x.s...
compiling lks32mc08x_uart.c...
compiling lks32mc08x_tmp.c...
compiling SEGGER_RTT_printf.c...
compiling SEGGER_RTT.c...
linking...
Program Size: Code=21672 RO-data=876 RW-data=120 ZI-data=5376  
FromELF: creating hex file...
".\Obj\LKS_MC_Project.axf" - 0 Error(s), 0 Warning(s).

<h2>Software Packages used:</h2>

Package Vendor: ARM
                http://www.keil.com/pack/ARM.CMSIS.5.5.1.pack
                ARM.CMSIS.5.5.1
                CMSIS (Cortex Microcontroller Software Interface Standard)
   * Component: CORE Version: 5.2.0

Package Vendor: Linko
                
                Linko.LKS08x.1.0.5
                LKS08 Device Family Pack

<h2>Collection of Component include folders:</h2>
  .\RTE\_Linko_08x_Project
  C:\Users\12497\AppData\Local\Arm\Packs\ARM\CMSIS\5.5.1\CMSIS\Core\Include
  C:\Users\12497\AppData\Local\Arm\Packs\Linko\LKS08x\1.0.5\Device\Include

<h2>Collection of Component Files used:</h2>

   * Component: ARM::CMSIS:CORE:5.2.0
Build Time Elapsed:  00:00:02
</pre>
</body>
</html>
