Component: ARM Compiler 5.06 update 7 (build 960) Tool: armlink [4d3601]

==============================================================================

Section Cross References

    hardware_init.o(i.ADC0_init) refers to lks32mc08x_adc.o(i.ADC_StructInit) for ADC_StructInit
    hardware_init.o(i.ADC0_init) refers to lks32mc08x_adc.o(i.ADC_Init) for ADC_Init
    hardware_init.o(i.ADC0_init) refers to signalchain_sample.o(i.ADC_NormalModeCFG) for ADC_NormalModeCFG
    hardware_init.o(i.CMP_init) refers to lks32mc08x_cmp.o(i.CMP_StructInit) for CMP_StructInit
    hardware_init.o(i.CMP_init) refers to lks32mc08x_cmp.o(i.CMP_Init) for CMP_Init
    hardware_init.o(i.Clock_Init) refers to lks32mc08x_sys.o(i.SYS_VolSelModule) for SYS_VolSelModule
    hardware_init.o(i.Clock_Init) refers to hardware_init.o(i.SoftDelay) for SoftDelay
    hardware_init.o(i.DAC_init) refers to lks32mc08x_sys.o(i.SYS_AnalogModuleClockCmd) for SYS_AnalogModuleClockCmd
    hardware_init.o(i.DAC_init) refers to lks32mc08x_nvr.o(i.Read_Trim) for Read_Trim
    hardware_init.o(i.DebugPWM_OutputFunction) refers to lks32mc08x_mcpwm.o(i.PWMOutputs) for PWMOutputs
    hardware_init.o(i.GPIO_init) refers to lks32mc08x_gpio.o(i.GPIO_StructInit) for GPIO_StructInit
    hardware_init.o(i.GPIO_init) refers to lks32mc08x_gpio.o(i.GPIO_Init) for GPIO_Init
    hardware_init.o(i.GPIO_init) refers to lks32mc08x_gpio.o(i.GPIO_PinAFConfig) for GPIO_PinAFConfig
    hardware_init.o(i.GPIO_init) refers to lks32mc08x_gpio.o(i.GPIO_SetBits) for GPIO_SetBits
    hardware_init.o(i.GPIO_init) refers to lks32mc08x_gpio.o(i.GPIO_ResetBits) for GPIO_ResetBits
    hardware_init.o(i.HALL_Perip_init) refers to lks32mc08x_hall.o(i.HALL_StructInit) for HALL_StructInit
    hardware_init.o(i.HALL_Perip_init) refers to lks32mc08x_hall.o(i.HALL_Init) for HALL_Init
    hardware_init.o(i.Hardware_init) refers to lks32mc08x_sys.o(i.DSP_Init) for DSP_Init
    hardware_init.o(i.Hardware_init) refers to hardware_init.o(i.UART_init) for UART_init
    hardware_init.o(i.Hardware_init) refers to hardware_init.o(i.ADC0_init) for ADC0_init
    hardware_init.o(i.Hardware_init) refers to hardware_init.o(i.MCPWM_init) for MCPWM_init
    hardware_init.o(i.Hardware_init) refers to hardware_init.o(i.UTimer_init) for UTimer_init
    hardware_init.o(i.Hardware_init) refers to hardware_init.o(i.GPIO_init) for GPIO_init
    hardware_init.o(i.Hardware_init) refers to hardware_init.o(i.DAC_init) for DAC_init
    hardware_init.o(i.Hardware_init) refers to hardware_init.o(i.PGA_init) for PGA_init
    hardware_init.o(i.Hardware_init) refers to hardware_init.o(i.CMP_init) for CMP_init
    hardware_init.o(i.Hardware_init) refers to hardware_init.o(i.HALL_Perip_init) for HALL_Perip_init
    hardware_init.o(i.Hardware_init) refers to lks32mc08x_tmp.o(i.TempSensor_Init) for TempSensor_Init
    hardware_init.o(i.Hardware_init) refers to hardware_init.o(i.SoftDelay) for SoftDelay
    hardware_init.o(i.Hardware_init) refers to hardware_init.o(i.__NVIC_SetPriority) for __NVIC_SetPriority
    hardware_init.o(i.Hardware_init) refers to hardware_init.o(i.__NVIC_EnableIRQ) for __NVIC_EnableIRQ
    hardware_init.o(i.Hardware_init) refers to segger_rtt.o(i.SEGGER_RTT_ConfigUpBuffer) for SEGGER_RTT_ConfigUpBuffer
    hardware_init.o(i.Hardware_init) refers to lks32mc08x_sys.o(i.SYS_VolSelModuleEnableIRQ) for SYS_VolSelModuleEnableIRQ
    hardware_init.o(i.Hardware_init) refers to segger_rtt.o(.bss) for bRttBuf
    hardware_init.o(i.MCPWM0_RegUpdate) refers to global_variable.o(.bss) for struFOC_CurrLoop
    hardware_init.o(i.MCPWM_init) refers to lks32mc08x_mcpwm.o(i.MCPWM_StructInit) for MCPWM_StructInit
    hardware_init.o(i.MCPWM_init) refers to lks32mc08x_mcpwm.o(i.MCPWM_Init) for MCPWM_Init
    hardware_init.o(i.MCPWM_init) refers to global_variable.o(.bss) for mIPD_CtrProc
    hardware_init.o(i.PGA_init) refers to lks32mc08x_sys.o(i.SYS_AnalogModuleClockCmd) for SYS_AnalogModuleClockCmd
    hardware_init.o(i.Reg_Reset) refers to hardware_init.o(i.Reg_Clr) for Reg_Clr
    hardware_init.o(i.SystemInit) refers to hardware_init.o(i.Clock_Init) for Clock_Init
    hardware_init.o(i.UART_init) refers to lks32mc08x_uart.o(i.UART_StructInit) for UART_StructInit
    hardware_init.o(i.UART_init) refers to lks32mc08x_uart.o(i.UART_Init) for UART_Init
    hardware_init.o(i.UTimer_init) refers to lks32mc08x_tim.o(i.TIM_TimerStrutInit) for TIM_TimerStrutInit
    hardware_init.o(i.UTimer_init) refers to lks32mc08x_tim.o(i.TIM_TimerInit) for TIM_TimerInit
    hardware_init.o(i.UTimer_init) refers to lks32mc08x_tim.o(i.TIM_TimerCmd) for TIM_TimerCmd
    interrupt.o(i.ADC0_IRQHandler) refers to foc_drive.o(i.FOC_Model) for FOC_Model
    interrupt.o(i.ADC0_IRQHandler) refers to powercalculation.o(i.PowerCalc) for PowerCalc
    interrupt.o(i.ADC0_IRQHandler) refers to fault_detection.o(i.CurrentAmplitudeCalc) for CurrentAmplitudeCalc
    interrupt.o(i.ADC0_IRQHandler) refers to segger_rtt.o(i.SEGGER_RTT_Write) for SEGGER_RTT_Write
[...]
    ../fplib/microlib/fpepilogue.c           0x00000000   Number         0  fepilogue.o ABSOLUTE
    ../fplib/microlib/fpepilogue.c           0x00000000   Number         0  depilogue.o ABSOLUTE
    ../fplib/microlib/fpfix.c                0x00000000   Number         0  dfixui.o ABSOLUTE
    ../fplib/microlib/fpfix.c                0x00000000   Number         0  dfixi.o ABSOLUTE
    ../fplib/microlib/fpfix.c                0x00000000   Number         0  ffixi.o ABSOLUTE
    ../fplib/microlib/fpflt.c                0x00000000   Number         0  fflti.o ABSOLUTE
    ../fplib/microlib/fpflt.c                0x00000000   Number         0  ffltui.o ABSOLUTE
    ../fplib/microlib/fpflt.c                0x00000000   Number         0  dflti.o ABSOLUTE
    ../fplib/microlib/fpflt.c                0x00000000   Number         0  dfltui.o ABSOLUTE
    ../fplib/microlib/fpflt.c                0x00000000   Number         0  dfltl.o ABSOLUTE
    ../fplib/microlib/fpmul.c                0x00000000   Number         0  fmul.o ABSOLUTE
    ../fplib/microlib/fpmul.c                0x00000000   Number         0  dmul.o ABSOLUTE
    AppFunction\Global_Variable.c            0x00000000   Number         0  global_variable.o ABSOLUTE
    AppFunction\PowerCalculation.c           0x00000000   Number         0  powercalculation.o ABSOLUTE
    AppFunction\Process_Control.c            0x00000000   Number         0  process_control.o ABSOLUTE
    AppFunction\SpeedScan.c                  0x00000000   Number         0  speedscan.o ABSOLUTE
    AppFunction\System_Init.c                0x00000000   Number         0  system_init.o ABSOLUTE
    AppFunction\Task_Scheduler.c             0x00000000   Number         0  task_scheduler.o ABSOLUTE
    AppFunction\\Global_Variable.c           0x00000000   Number         0  global_variable.o ABSOLUTE
    AppFunction\\PowerCalculation.c          0x00000000   Number         0  powercalculation.o ABSOLUTE
    AppFunction\\Process_Control.c           0x00000000   Number         0  process_control.o ABSOLUTE
    AppFunction\\SpeedScan.c                 0x00000000   Number         0  speedscan.o ABSOLUTE
    AppFunction\\System_Init.c               0x00000000   Number         0  system_init.o ABSOLUTE
    AppFunction\\Task_Scheduler.c            0x00000000   Number         0  task_scheduler.o ABSOLUTE
    AppFunction\\fault_detection.c           0x00000000   Number         0  fault_detection.o ABSOLUTE
    AppFunction\\hardware_init.c             0x00000000   Number         0  hardware_init.o ABSOLUTE
    AppFunction\\interrupt.c                 0x00000000   Number         0  interrupt.o ABSOLUTE
    AppFunction\\state_machine.c             0x00000000   Number         0  state_machine.o ABSOLUTE
    AppFunction\fault_detection.c            0x00000000   Number         0  fault_detection.o ABSOLUTE
    AppFunction\hardware_init.c              0x00000000   Number         0  hardware_init.o ABSOLUTE
    AppFunction\interrupt.c                  0x00000000   Number         0  interrupt.o ABSOLUTE
    AppFunction\state_machine.c              0x00000000   Number         0  state_machine.o ABSOLUTE
    Kernal_Source\App2Core.c                 0x00000000   Number         0  app2core.o ABSOLUTE
    Kernal_Source\Bemf_Check0824.c           0x00000000   Number         0  bemf_check0824.o ABSOLUTE
    Kernal_Source\FOC_Drive.c                0x00000000   Number         0  foc_drive.o ABSOLUTE
    Kernal_Source\FluxObserve.c              0x00000000   Number         0  fluxobserve.o ABSOLUTE
    Kernal_Source\Lib_IPD.c                  0x00000000   Number         0  lib_ipd.o ABSOLUTE
    Kernal_Source\Lib_MC_hall.c              0x00000000   Number         0  lib_mc_hall.o ABSOLUTE
    Kernal_Source\Lib_Svpwm.c                0x00000000   Number         0  lib_svpwm.o ABSOLUTE
    Kernal_Source\MC_hall.c                  0x00000000   Number         0  mc_hall.o ABSOLUTE
    Kernal_Source\MC_math.c                  0x00000000   Number         0  mc_math.o ABSOLUTE
    Kernal_Source\OnTheFly.c                 0x00000000   Number         0  onthefly.o ABSOLUTE
    Kernal_Source\PID_regulators.c           0x00000000   Number         0  pid_regulators.o ABSOLUTE
    Kernal_Source\SignalChain_Sample.c       0x00000000   Number         0  signalchain_sample.o ABSOLUTE
    Kernal_Source\\App2Core.c                0x00000000   Number         0  app2core.o ABSOLUTE
    Kernal_Source\\Bemf_Check0824.c          0x00000000   Number         0  bemf_check0824.o ABSOLUTE
    Kernal_Source\\FOC_Drive.c               0x00000000   Number         0  foc_drive.o ABSOLUTE
    Kernal_Source\\MC_hall.c                 0x00000000   Number         0  mc_hall.o ABSOLUTE
    Kernal_Source\\MC_math.c                 0x00000000   Number         0  mc_math.o ABSOLUTE
    Kernal_Source\\SignalChain_Sample.c      0x00000000   Number         0  signalchain_sample.o ABSOLUTE
    Kernal_Source\\main.c                    0x00000000   Number         0  main.o ABSOLUTE
    Kernal_Source\main.c                     0x00000000   Number         0  main.o ABSOLUTE
    LKS32MC08x_Periph_Driver\Source\lks32MC08x_flash.c 0x00000000   Number         0  lks32mc08x_flash.o ABSOLUTE
    LKS32MC08x_Periph_Driver\Source\lks32mc08x_NVR.c 0x00000000   Number         0  lks32mc08x_nvr.o ABSOLUTE
    LKS32MC08x_Periph_Driver\Source\lks32mc08x_adc.c 0x00000000   Number         0  lks32mc08x_adc.o ABSOLUTE
    LKS32MC08x_Periph_Driver\Source\lks32mc08x_can.c 0x00000000   Number         0  lks32mc08x_can.o ABSOLUTE
    LKS32MC08x_Periph_Driver\Source\lks32mc08x_cmp.c 0x00000000   Number         0  lks32mc08x_cmp.o ABSOLUTE
    LKS32MC08x_Periph_Driver\Source\lks32mc08x_dac.c 0x00000000   Number         0  lks32mc08x_dac.o ABSOLUTE
    LKS32MC08x_Periph_Driver\Source\lks32mc08x_dma.c 0x00000000   Number         0  lks32mc08x_dma.o ABSOLUTE
    LKS32MC08x_Periph_Driver\Source\lks32mc08x_dsp.c 0x00000000   Number         0  lks32mc08x_dsp.o ABSOLUTE
    LKS32MC08x_Periph_Driver\Source\lks32mc08x_exti.c 0x00000000   Number         0  lks32mc08x_exti.o ABSOLUTE
    LKS32MC08x_Periph_Driver\Source\lks32mc08x_gpio.c 0x00000000   Number         0  lks32mc08x_gpio.o ABSOLUTE
    LKS32MC08x_Periph_Driver\Source\lks32mc08x_hall.c 0x00000000   Number         0  lks32mc08x_hall.o ABSOLUTE
    LKS32MC08x_Periph_Driver\Source\lks32mc08x_i2c.c 0x00000000   Number         0  lks32mc08x_i2c.o ABSOLUTE
    LKS32MC08x_Periph_Driver\Source\lks32mc08x_iwdg.c 0x00000000   Number         0  lks32mc08x_iwdg.o ABSOLUTE
    LKS32MC08x_Periph_Driver\Source\lks32mc08x_mcpwm.c 0x00000000   Number         0  lks32mc08x_mcpwm.o ABSOLUTE
    LKS32MC08x_Periph_Driver\Source\lks32mc08x_opa.c 0x00000000   Number         0  lks32mc08x_opa.o ABSOLUTE
    LKS32MC08x_Periph_Driver\Source\lks32mc08x_spi.c 0x00000000   Number         0  lks32mc08x_spi.o ABSOLUTE
    LKS32MC08x_Periph_Driver\Source\lks32mc08x_sys.c 0x00000000   Number         0  lks32mc08x_sys.o ABSOLUTE
    LKS32MC08x_Periph_Driver\Source\lks32mc08x_tim.c 0x00000000   Number         0  lks32mc08x_tim.o ABSOLUTE
    LKS32MC08x_Periph_Driver\Source\lks32mc08x_tmp.c 0x00000000   Number         0  lks32mc08x_tmp.o ABSOLUTE
    LKS32MC08x_Periph_Driver\Source\lks32mc08x_uart.c 0x00000000   Number         0  lks32mc08x_uart.o ABSOLUTE
    LKS32MC08x_Periph_Driver\Source\startup_lks32mc08x.s 0x00000000   Number         0  startup_lks32mc08x.o ABSOLUTE
    LKS32MC08x_Periph_Driver\\Source\\lks32MC08x_flash.c 0x00000000   Number         0  lks32mc08x_flash.o ABSOLUTE
    LKS32MC08x_Periph_Driver\\Source\\lks32mc08x_adc.c 0x00000000   Number         0  lks32mc08x_adc.o ABSOLUTE
    LKS32MC08x_Periph_Driver\\Source\\lks32mc08x_can.c 0x00000000   Number         0  lks32mc08x_can.o ABSOLUTE
    LKS32MC08x_Periph_Driver\\Source\\lks32mc08x_cmp.c 0x00000000   Number         0  lks32mc08x_cmp.o ABSOLUTE
    LKS32MC08x_Periph_Driver\\Source\\lks32mc08x_dac.c 0x00000000   Number         0  lks32mc08x_dac.o ABSOLUTE
    LKS32MC08x_Periph_Driver\\Source\\lks32mc08x_dma.c 0x00000000   Number         0  lks32mc08x_dma.o ABSOLUTE
    LKS32MC08x_Periph_Driver\\Source\\lks32mc08x_dsp.c 0x00000000   Number         0  lks32mc08x_dsp.o ABSOLUTE
    LKS32MC08x_Periph_Driver\\Source\\lks32mc08x_exti.c 0x00000000   Number         0  lks32mc08x_exti.o ABSOLUTE
    LKS32MC08x_Periph_Driver\\Source\\lks32mc08x_gpio.c 0x00000000   Number         0  lks32mc08x_gpio.o ABSOLUTE
    LKS32MC08x_Periph_Driver\\Source\\lks32mc08x_hall.c 0x00000000   Number         0  lks32mc08x_hall.o ABSOLUTE
    LKS32MC08x_Periph_Driver\\Source\\lks32mc08x_i2c.c 0x00000000   Number         0  lks32mc08x_i2c.o ABSOLUTE
    LKS32MC08x_Periph_Driver\\Source\\lks32mc08x_iwdg.c 0x00000000   Number         0  lks32mc08x_iwdg.o ABSOLUTE
    LKS32MC08x_Periph_Driver\\Source\\lks32mc08x_mcpwm.c 0x00000000   Number         0  lks32mc08x_mcpwm.o ABSOLUTE
    LKS32MC08x_Periph_Driver\\Source\\lks32mc08x_opa.c 0x00000000   Number         0  lks32mc08x_opa.o ABSOLUTE
    LKS32MC08x_Periph_Driver\\Source\\lks32mc08x_spi.c 0x00000000   Number         0  lks32mc08x_spi.o ABSOLUTE
    LKS32MC08x_Periph_Driver\\Source\\lks32mc08x_sys.c 0x00000000   Number         0  lks32mc08x_sys.o ABSOLUTE
    LKS32MC08x_Periph_Driver\\Source\\lks32mc08x_tim.c 0x00000000   Number         0  lks32mc08x_tim.o ABSOLUTE
    LKS32MC08x_Periph_Driver\\Source\\lks32mc08x_tmp.c 0x00000000   Number         0  lks32mc08x_tmp.o ABSOLUTE
    LKS32MC08x_Periph_Driver\\Source\\lks32mc08x_uart.c 0x00000000   Number         0  lks32mc08x_uart.o ABSOLUTE
    SEGGER_RTT\SEGGER_RTT.c                  0x00000000   Number         0  segger_rtt.o ABSOLUTE
    SEGGER_RTT\SEGGER_RTT_printf.c           0x00000000   Number         0  segger_rtt_printf.o ABSOLUTE
    cdcmple.s                                0x00000000   Number         0  cdcmple.o ABSOLUTE
    dc.s                                     0x00000000   Number         0  dc.o ABSOLUTE
    handlers.s                               0x00000000   Number         0  handlers.o ABSOLUTE
    init.s                                   0x00000000   Number         0  init.o ABSOLUTE
    .ARM.Collect$$$$00000000                 0x000000c0   Section        0  entry.o(.ARM.Collect$$$$00000000)
    .ARM.Collect$$$$00000001                 0x000000c0   Section        4  entry2.o(.ARM.Collect$$$$00000001)
    .ARM.Collect$$$$00000004                 0x000000c4   Section        4  entry5.o(.ARM.Collect$$$$00000004)
    .ARM.Collect$$$$00000008                 0x000000c8   Section        0  entry7b.o(.ARM.Collect$$$$00000008)
    .ARM.Collect$$$$0000000A                 0x000000c8   Section        0  entry8b.o(.ARM.Collect$$$$0000000A)
    .ARM.Collect$$$$0000000B                 0x000000c8   Section        8  entry9a.o(.ARM.Collect$$$$0000000B)
    .ARM.Collect$$$$0000000E                 0x000000d0   Section        4  entry12b.o(.ARM.Collect$$$$0000000E)
    .ARM.Collect$$$$0000000F                 0x000000d4   Section        0  entry10a.o(.ARM.Collect$$$$0000000F)
    .ARM.Collect$$$$00000011                 0x000000d4   Section        0  entry11a.o(.ARM.Collect$$$$00000011)
    .ARM.Collect$$$$00002712                 0x000000d4   Section        4  entry2.o(.ARM.Collect$$$$00002712)
    __lit__00000000                          0x000000d4   Data           4  entry2.o(.ARM.Collect$$$$00002712)
    .text                                    0x000000d8   Section       40  startup_lks32mc08x.o(.text)
    .text                                    0x00000100   Section        0  uidiv.o(.text)
    .text                                    0x0000012c   Section        0  idiv.o(.text)
    .text                                    0x00000154   Section        0  uldiv.o(.text)
    .text                                    0x000001b4   Section        0  ldiv.o(.text)
    .text                                    0x00000200   Section        0  llmul.o(.text)
    .text                                    0x0000027a   Section        0  llshl.o(.text)
    .text                                    0x0000029a   Section        0  llsshr.o(.text)
    .text                                    0x000002c0   Section        0  memcpya.o(.text)
    .text                                    0x000002e4   Section        0  memseta.o(.text)
    .text                                    0x00000308   Section        0  strcpy.o(.text)
    .text                                    0x0000031a   Section        0  fmul.o(.text)
    .text                                    0x00000394   Section        0  fdiv.o(.text)
    .text                                    0x00000410   Section        0  dmul.o(.text)
    .text                                    0x000004e0   Section        0  ddiv.o(.text)
    .text                                    0x000005d0   Section        0  fflti.o(.text)
    .text                                    0x000005e6   Section        0  ffltui.o(.text)
    .text                                    0x000005f4   Section        0  dfltui.o(.text)
    .text                                    0x00000610   Section        0  dfltl.o(.text)
    .text                                    0x0000063c   Section        0  ffixi.o(.text)
    .text                                    0x00000670   Section        0  dfixi.o(.text)
    .text                                    0x000006b8   Section        0  dfixui.o(.text)
    .text                                    0x000006f4   Section        0  f2d.o(.text)
    .text                                    0x0000071c   Section        0  llushr.o(.text)
    .text                                    0x0000073e   Section        0  iusefp.o(.text)
    .text                                    0x0000073e   Section        0  fepilogue.o(.text)
    .text                                    0x000007c0   Section        0  depilogue.o(.text)
    .text                                    0x00000880   Section       36  init.o(.text)
    i.ADC0_IRQHandler                        0x000008a4   Section        0  interrupt.o(i.ADC0_IRQHandler)
    i.ADC0_init                              0x00000980   Section        0  hardware_init.o(i.ADC0_init)
    i.ADC_ChannelConfig                      0x000009cc   Section        0  lks32mc08x_adc.o(i.ADC_ChannelConfig)
    i.ADC_Init                               0x000009fc   Section        0  lks32mc08x_adc.o(i.ADC_Init)
    i.ADC_NormalModeCFG                      0x00000b60   Section        0  signalchain_sample.o(i.ADC_NormalModeCFG)
    i.ADC_StructInit                         0x00000bdc   Section        0  lks32mc08x_adc.o(i.ADC_StructInit)
    i.AdcSampleCal                           0x00000c00   Section        0  foc_drive.o(i.AdcSampleCal)
    i.App2CoreCurTrans                       0x00000c88   Section        0  app2core.o(i.App2CoreCurTrans)
    i.App2CoreFreqTrans                      0x00000ca0   Section        0  app2core.o(i.App2CoreFreqTrans)
    i.AutoFieldWeakReg                       0x00000cb8   Section        0  fluxobserve.o(i.AutoFieldWeakReg)
    i.BemfSwitch                             0x00000cdc   Section        0  bemf_check0824.o(i.BemfSwitch)
    i.Bemf_CheckInit                         0x00000dcc   Section        0  bemf_check0824.o(i.Bemf_CheckInit)
    i.Bemf_CheckProcess                      0x00000e90   Section        0  bemf_check0824.o(i.Bemf_CheckProcess)
    i.BrakeStateCheck                        0x00001050   Section        0  onthefly.o(i.BrakeStateCheck)
    i.CMP_IRQHandler                         0x000010c8   Section        0  interrupt.o(i.CMP_IRQHandler)
    i.CMP_Init                               0x00001144   Section        0  lks32mc08x_cmp.o(i.CMP_Init)
    i.CMP_StructInit                         0x0000128c   Section        0  lks32mc08x_cmp.o(i.CMP_StructInit)
    i.CMP_init                               0x0000129a   Section        0  hardware_init.o(i.CMP_init)
    i.Calc_Atan                              0x000012e0   Section        0  lib_svpwm.o(i.Calc_Atan)
    i.Clock_Init                             0x000014a0   Section        0  hardware_init.o(i.Clock_Init)
    i.CurrentAmplitudeCalc                   0x000014dc   Section        0  fault_detection.o(i.CurrentAmplitudeCalc)
    i.CurrentLoopAxisD_Set                   0x0000167c   Section        0  state_machine.o(i.CurrentLoopAxisD_Set)
    i.CurrentLoopAxisQ_Set                   0x00001704   Section        0  state_machine.o(i.CurrentLoopAxisQ_Set)
    i.CurrentLoopReg                         0x0000178c   Section        0  foc_drive.o(i.CurrentLoopReg)
    i.CurrentOffsetCalibration               0x0000181c   Section        0  system_init.o(i.CurrentOffsetCalibration)
    i.CurrentPIRegulator                     0x00001950   Section        0  pid_regulators.o(i.CurrentPIRegulator)
    i.DAC_init                               0x00001994   Section        0  hardware_init.o(i.DAC_init)
    i.DSP_Init                               0x00001a44   Section        0  lks32mc08x_sys.o(i.DSP_Init)
    i.DcVoltPerUnitCalc                      0x00001a50   Section        0  fluxobserve.o(i.DcVoltPerUnitCalc)
    i.ENCODER0_IRQHandler                    0x00001a90   Section        0  interrupt.o(i.ENCODER0_IRQHandler)
    i.ENCODER1_IRQHandler                    0x00001a92   Section        0  interrupt.o(i.ENCODER1_IRQHandler)
    i.FOC_InitstruParam                      0x00001a94   Section        0  foc_drive.o(i.FOC_InitstruParam)
    i.FOC_Model                              0x00001b1c   Section        0  foc_drive.o(i.FOC_Model)
    i.FWLoopPIReg                            0x00001ca8   Section        0  fluxobserve.o(i.FWLoopPIReg)
    i.FaultCheck                             0x00001ce8   Section        0  fault_detection.o(i.FaultCheck)
    i.FaultInit                              0x00001d44   Section        0  fault_detection.o(i.FaultInit)
    i.FaultRecoverInit                       0x00001e7c   Section        0  fault_detection.o(i.FaultRecoverInit)
    i.FaultVoltageCheck                      0x00001ed8   Section        0  fault_detection.o(i.FaultVoltageCheck)
    i.FindMaxIn3                             0x00001f58   Section        0  lib_ipd.o(i.FindMaxIn3)
    i.FindQNum                               0x00001f92   Section        0  fluxobserve.o(i.FindQNum)
    i.FluxObserveInit                        0x00001fb0   Section        0  system_init.o(i.FluxObserveInit)
    i.FluxObserveParaCalc                    0x00001fe4   Section        0  fluxobserve.o(i.FluxObserveParaCalc)
    i.GPIO_IRQHandler                        0x00002480   Section        0  interrupt.o(i.GPIO_IRQHandler)
    i.GPIO_Init                              0x00002482   Section        0  lks32mc08x_gpio.o(i.GPIO_Init)
    i.GPIO_PinAFConfig                       0x00002564   Section        0  lks32mc08x_gpio.o(i.GPIO_PinAFConfig)
    i.GPIO_ResetBits                         0x00002670   Section        0  lks32mc08x_gpio.o(i.GPIO_ResetBits)
    i.GPIO_SetBits                           0x00002682   Section        0  lks32mc08x_gpio.o(i.GPIO_SetBits)
    i.GPIO_StructInit                        0x00002694   Section        0  lks32mc08x_gpio.o(i.GPIO_StructInit)
    i.GPIO_WriteBit                          0x000026a0   Section        0  lks32mc08x_gpio.o(i.GPIO_WriteBit)
    i.GPIO_init                              0x000026b4   Section        0  hardware_init.o(i.GPIO_init)
    i.HALL_IRQHandler                        0x00002780   Section        0  interrupt.o(i.HALL_IRQHandler)
    i.HALL_Init                              0x00002784   Section        0  lks32mc08x_hall.o(i.HALL_Init)
    i.HALL_Perip_init                        0x000027c8   Section        0  hardware_init.o(i.HALL_Perip_init)
    i.HALL_StructInit                        0x000027f8   Section        0  lks32mc08x_hall.o(i.HALL_StructInit)
    i.Hardware_init                          0x0000281c   Section        0  hardware_init.o(i.Hardware_init)
    i.I2C0_IRQHandler                        0x000028fc   Section        0  interrupt.o(i.I2C0_IRQHandler)
    i.IPD_AngleCalc                          0x00002900   Section        0  lib_ipd.o(i.IPD_AngleCalc)
    i.IPD_RotorPosEst                        0x00002998   Section        0  lib_ipd.o(i.IPD_RotorPosEst)
    i.LowPassControl                         0x00002a90   Section        0  powercalculation.o(i.LowPassControl)
    i.MCPWM0_RegUpdate                       0x00002ac0   Section        0  hardware_init.o(i.MCPWM0_RegUpdate)
    i.MCPWM_Init                             0x00002b2c   Section        0  lks32mc08x_mcpwm.o(i.MCPWM_Init)
    i.MCPWM_StructInit                       0x00002e0c   Section        0  lks32mc08x_mcpwm.o(i.MCPWM_StructInit)
    i.MCPWM_init                             0x00002e1c   Section        0  hardware_init.o(i.MCPWM_init)
    i.ModuCircle_Limitation                  0x00002ee0   Section        0  fluxobserve.o(i.ModuCircle_Limitation)
    i.OnTheFlyDetectInit                     0x00002fa0   Section        0  fluxobserve.o(i.OnTheFlyDetectInit)
    i.OnTheFlyDetectPro                      0x00002fb0   Section        0  onthefly.o(i.OnTheFlyDetectPro)
    i.OpenCloseAngleSwitch                   0x00003020   Section        0  fluxobserve.o(i.OpenCloseAngleSwitch)
    i.OpenLoopCurRamp                        0x000030b4   Section        0  process_control.o(i.OpenLoopCurRamp)
    i.PGA_init                               0x00003100   Section        0  hardware_init.o(i.PGA_init)
    i.PWMOutputs                             0x0000313c   Section        0  lks32mc08x_mcpwm.o(i.PWMOutputs)
    i.PWRDN_IRQHandler                       0x00003178   Section        0  interrupt.o(i.PWRDN_IRQHandler)
    i.PmsmFluxObIni                          0x00003180   Section        0  fluxobserve.o(i.PmsmFluxObIni)
    i.PmsmFluxObserve                        0x000031f4   Section        0  fluxobserve.o(i.PmsmFluxObserve)
    i.PoloEstCurSample                       0x00003450   Section        0  lib_ipd.o(i.PoloEstCurSample)
    i.PowerCalc                              0x000034b0   Section        0  powercalculation.o(i.PowerCalc)
    i.Read_Trim                              0x00003504   Section        0  lks32mc08x_nvr.o(i.Read_Trim)
    i.SEGGER_RTT_ConfigUpBuffer              0x00003540   Section        0  segger_rtt.o(i.SEGGER_RTT_ConfigUpBuffer)
    i.SEGGER_RTT_Write                       0x000035d4   Section        0  segger_rtt.o(i.SEGGER_RTT_Write)
    i.SEGGER_RTT_WriteNoLock                 0x0000361c   Section        0  segger_rtt.o(i.SEGGER_RTT_WriteNoLock)
    i.SPI0_IRQHandler                        0x000036a0   Section        0  interrupt.o(i.SPI0_IRQHandler)
    i.SVPWM_2ShuntGEN                        0x000036a4   Section        0  lib_svpwm.o(i.SVPWM_2ShuntGEN)
    i.SVPWM_2ShuntGetPhaseCurrent            0x000037e0   Section        0  signalchain_sample.o(i.SVPWM_2ShuntGetPhaseCurrent)
    i.SYS_AnalogModuleClockCmd               0x000039cc   Section        0  lks32mc08x_sys.o(i.SYS_AnalogModuleClockCmd)
    i.SYS_ModuleClockCmd                     0x00003a00   Section        0  lks32mc08x_sys.o(i.SYS_ModuleClockCmd)
    i.SYS_VolSelModule                       0x00003a30   Section        0  lks32mc08x_sys.o(i.SYS_VolSelModule)
    i.SYS_VolSelModuleEnableIRQ              0x00003abc   Section        0  lks32mc08x_sys.o(i.SYS_VolSelModuleEnableIRQ)
    i.SYS_VolSelModuleIRQ                    0x00003af8   Section        0  lks32mc08x_sys.o(i.SYS_VolSelModuleIRQ)
    i.SoftDelay                              0x00003b80   Section        0  hardware_init.o(i.SoftDelay)
    i.SoftDelay                              0x00003b98   Section        0  lks32mc08x_sys.o(i.SoftDelay)
    SoftDelay                                0x00003b99   Thumb Code    24  lks32mc08x_sys.o(i.SoftDelay)
    i.SpeedReferenceGen                      0x00003bb0   Section        0  process_control.o(i.SpeedReferenceGen)
    i.StateAlign                             0x00003be8   Section        0  state_machine.o(i.StateAlign)
    i.StateBemfDirCheck                      0x00003c98   Section        0  state_machine.o(i.StateBemfDirCheck)
    i.StateBemfStop                          0x00003e68   Section        0  state_machine.o(i.StateBemfStop)
    i.StateCharge                            0x00003ec8   Section        0  state_machine.o(i.StateCharge)
    i.StateDirCheck                          0x00004074   Section        0  state_machine.o(i.StateDirCheck)
    i.StateFault                             0x000041d4   Section        0  state_machine.o(i.StateFault)
    i.StateHallRun                           0x000041e8   Section        0  state_machine.o(i.StateHallRun)
    i.StateInit                              0x00004240   Section        0  state_machine.o(i.StateInit)
    i.StateOpen                              0x0000445c   Section        0  state_machine.o(i.StateOpen)
    i.StatePosSeek                           0x00004544   Section        0  state_machine.o(i.StatePosSeek)
    i.StateRun                               0x000045d4   Section        0  state_machine.o(i.StateRun)
    i.StateStop                              0x0000470c   Section        0  state_machine.o(i.StateStop)
    i.SysTick_Handler                        0x0000479c   Section        0  interrupt.o(i.SysTick_Handler)
    i.Sys_State_Machine                      0x000047a0   Section        0  state_machine.o(i.Sys_State_Machine)
    i.SystemInit                             0x0000489c   Section        0  hardware_init.o(i.SystemInit)
    i.TIM_TimerCmd                           0x000048a4   Section        0  lks32mc08x_tim.o(i.TIM_TimerCmd)
    i.TIM_TimerInit                          0x00004978   Section        0  lks32mc08x_tim.o(i.TIM_TimerInit)
    i.TIM_TimerStrutInit                     0x00004abc   Section        0  lks32mc08x_tim.o(i.TIM_TimerStrutInit)
    i.Task_Scheduler                         0x00004ae4   Section        0  task_scheduler.o(i.Task_Scheduler)
    i.TempSensor_Init                        0x00004b6c   Section        0  lks32mc08x_tmp.o(i.TempSensor_Init)
    i.Trig_Functions                         0x00004ba8   Section        0  mc_math.o(i.Trig_Functions)
    i.UART0_IRQHandler                       0x00004bd8   Section        0  interrupt.o(i.UART0_IRQHandler)
    i.UART1_IRQHandler                       0x00004bda   Section        0  interrupt.o(i.UART1_IRQHandler)
    i.UART_Init                              0x00004bdc   Section        0  lks32mc08x_uart.o(i.UART_Init)
    i.UART_StructInit                        0x00004ce0   Section        0  lks32mc08x_uart.o(i.UART_StructInit)
    i.UART_init                              0x00004d00   Section        0  hardware_init.o(i.UART_init)
    i.UTIMER0_IRQHandler                     0x00004d2c   Section        0  interrupt.o(i.UTIMER0_IRQHandler)
    i.UTIMER1_IRQHandler                     0x00004d5c   Section        0  interrupt.o(i.UTIMER1_IRQHandler)
    i.UTIMER2_IRQHandler                     0x00004d5e   Section        0  interrupt.o(i.UTIMER2_IRQHandler)
    i.UTIMER3_IRQHandler                     0x00004d60   Section        0  interrupt.o(i.UTIMER3_IRQHandler)
    i.UTimer_init                            0x00004d64   Section        0  hardware_init.o(i.UTimer_init)
    i.User2AppAngleTrans                     0x00004db4   Section        0  app2core.o(i.User2AppAngleTrans)
    i.User2AppCurTrans                       0x00004de0   Section        0  app2core.o(i.User2AppCurTrans)
    i.User2AppFreqTrans                      0x00004e0c   Section        0  app2core.o(i.User2AppFreqTrans)
    i.User2AppVolTrans                       0x00004e38   Section        0  app2core.o(i.User2AppVolTrans)
    i.VolPulsePwmSet                         0x00004e88   Section        0  lib_ipd.o(i.VolPulsePwmSet)
    i._DoInit                                0x00004ed4   Section        0  segger_rtt.o(i._DoInit)
    _DoInit                                  0x00004ed5   Thumb Code    74  segger_rtt.o(i._DoInit)
    i._GetAvailWriteSpace                    0x00004f44   Section        0  segger_rtt.o(i._GetAvailWriteSpace)
    _GetAvailWriteSpace                      0x00004f45   Thumb Code    28  segger_rtt.o(i._GetAvailWriteSpace)
    i._WriteBlocking                         0x00004f60   Section        0  segger_rtt.o(i._WriteBlocking)
    _WriteBlocking                           0x00004f61   Thumb Code   128  segger_rtt.o(i._WriteBlocking)
    i._WriteNoCheck                          0x00004fe0   Section        0  segger_rtt.o(i._WriteNoCheck)
    _WriteNoCheck                            0x00004fe1   Thumb Code    74  segger_rtt.o(i._WriteNoCheck)
    i.__ARM_clz                              0x0000502a   Section        0  depilogue.o(i.__ARM_clz)
    i.__ARM_common_ll_mulss                  0x00005058   Section        0  fluxobserve.o(i.__ARM_common_ll_mulss)
    i.__ARM_common_ll_muluu                  0x00005088   Section        0  fluxobserve.o(i.__ARM_common_ll_muluu)
    i.__ARM_common_switch8                   0x000050b8   Section        0  lib_svpwm.o(i.__ARM_common_switch8)
    i.__NVIC_ClearPendingIRQ                 0x000050d4   Section        0  lks32mc08x_sys.o(i.__NVIC_ClearPendingIRQ)
    __NVIC_ClearPendingIRQ                   0x000050d5   Thumb Code    18  lks32mc08x_sys.o(i.__NVIC_ClearPendingIRQ)
    i.__NVIC_DisableIRQ                      0x000050ec   Section        0  lks32mc08x_sys.o(i.__NVIC_DisableIRQ)
    __NVIC_DisableIRQ                        0x000050ed   Thumb Code    26  lks32mc08x_sys.o(i.__NVIC_DisableIRQ)
    i.__NVIC_EnableIRQ                       0x0000510c   Section        0  hardware_init.o(i.__NVIC_EnableIRQ)
    __NVIC_EnableIRQ                         0x0000510d   Thumb Code    26  hardware_init.o(i.__NVIC_EnableIRQ)
    i.__NVIC_SetPriority                     0x0000512c   Section        0  hardware_init.o(i.__NVIC_SetPriority)
    __NVIC_SetPriority                       0x0000512d   Thumb Code   110  hardware_init.o(i.__NVIC_SetPriority)
    i.__NVIC_SetPriority                     0x000051a4   Section        0  lks32mc08x_sys.o(i.__NVIC_SetPriority)
    __NVIC_SetPriority                       0x000051a5   Thumb Code   110  lks32mc08x_sys.o(i.__NVIC_SetPriority)
    i.__scatterload_copy                     0x0000521c   Section       14  handlers.o(i.__scatterload_copy)
    i.__scatterload_null                     0x0000522a   Section        2  handlers.o(i.__scatterload_null)
    i.__scatterload_zeroinit                 0x0000522c   Section       14  handlers.o(i.__scatterload_zeroinit)
    i.lowPass_filter                         0x0000523a   Section        0  lib_svpwm.o(i.lowPass_filter)
    i.main                                   0x0000524c   Section        0  main.o(i.main)
    i.soft_Trg_ADC                           0x0000525c   Section        0  lib_ipd.o(i.soft_Trg_ADC)
    i.sys_init                               0x00005288   Section        0  system_init.o(i.sys_init)
    .constdata                               0x000052b8   Section      108  global_variable.o(.constdata)
    .constdata                               0x00005324   Section      544  lib_svpwm.o(.constdata)
    .data                                    0x20000000   Section        6  global_variable.o(.data)
    .data                                    0x20000006   Section        6  interrupt.o(.data)
    .data                                    0x2000000c   Section        4  state_machine.o(.data)
    .data                                    0x20000010   Section       10  fault_detection.o(.data)
    t_nFlagCheck                             0x20000018   Data           2  fault_detection.o(.data)
    .data                                    0x2000001a   Section        2  foc_drive.o(.data)
    .data                                    0x2000001c   Section        4  lks32mc08x_tmp.o(.data)
    .data                                    0x20000020   Section       72  fluxobserve.o(.data)
    motorControlFlag                         0x20000020   Data           1  fluxobserve.o(.data)
    iMarsWeEst                               0x20000040   Data           4  fluxobserve.o(.data)
    s32_udc_filt                             0x20000044   Data           4  fluxobserve.o(.data)
    iStatorSynDFedbak                        0x20000048   Data           4  fluxobserve.o(.data)
    iStatorSynQFedbak                        0x2000004c   Data           4  fluxobserve.o(.data)
    .data                                    0x20000068   Section       16  onthefly.o(.data)
    sDppAccCnt                               0x20000068   Data           1  onthefly.o(.data)
    s32MotorCurrentMagfilt                   0x2000006c   Data           4  onthefly.o(.data)
    s32MotorCurrentMagfilt1                  0x20000070   Data           4  onthefly.o(.data)
    s32MotorCurrentMagDifAvg                 0x20000074   Data           4  onthefly.o(.data)
    .bss                                     0x20000078   Section      892  global_variable.o(.bss)
    .bss                                     0x200003f4   Section       18  state_machine.o(.bss)
    .bss                                     0x20000408   Section      138  fault_detection.o(.bss)
    .bss                                     0x20000498   Section      108  powercalculation.o(.bss)
    .bss                                     0x20000504   Section       76  bemf_check0824.o(.bss)
    .bss                                     0x20000550   Section     3260  segger_rtt.o(.bss)
    _acUpBuffer                              0x20000dfc   Data        1024  segger_rtt.o(.bss)
    _acDownBuffer                            0x200011fc   Data          16  segger_rtt.o(.bss)
    .bss                                     0x2000120c   Section      104  fluxobserve.o(.bss)
    STACK                                    0x20001278   Section      768  startup_lks32mc08x.o(STACK)

    Global Symbols

    Symbol Name                              Value     Ov Type        Size  Object(Section)

    BuildAttributes$$THM_ISAv3M$S$PE$A:L22$X:L11$S22$IEEE1$IW$USESV6$~STKCKD$USESV7$~SHL$OTIME$ROPI$EBA8$MICROLIB$REQ8$PRES8$EABIv2 0x00000000   Number         0  anon$$obj.o ABSOLUTE
    __ARM_use_no_argv                        0x00000000   Number         0  main.o ABSOLUTE
    __Vectors                                0x00000000   Data           4  startup_lks32mc08x.o(RESET)
    __arm_fini_                               - Undefined Weak Reference
    __cpp_initialize__aeabi_                  - Undefined Weak Reference
    __cxa_finalize                            - Undefined Weak Reference
    __decompress                              - Undefined Weak Reference
    _clock_init                               - Undefined Weak Reference
    _microlib_exit                            - Undefined Weak Reference
    __Vectors_End                            0x000000c0   Data           0  startup_lks32mc08x.o(RESET)
    __Vectors_Size                           0x000000c0   Number         0  startup_lks32mc08x.o ABSOLUTE
    __main                                   0x000000c1   Thumb Code     0  entry.o(.ARM.Collect$$$$00000000)
    _main_stk                                0x000000c1   Thumb Code     0  entry2.o(.ARM.Collect$$$$00000001)
    _main_scatterload                        0x000000c5   Thumb Code     0  entry5.o(.ARM.Collect$$$$00000004)
    __main_after_scatterload                 0x000000c9   Thumb Code     0  entry5.o(.ARM.Collect$$$$00000004)
    _main_clock                              0x000000c9   Thumb Code     0  entry7b.o(.ARM.Collect$$$$00000008)
    _main_cpp_init                           0x000000c9   Thumb Code     0  entry8b.o(.ARM.Collect$$$$0000000A)
    _main_init                               0x000000c9   Thumb Code     0  entry9a.o(.ARM.Collect$$$$0000000B)
    __rt_lib_shutdown_fini                   0x000000d1   Thumb Code     0  entry12b.o(.ARM.Collect$$$$0000000E)
    __rt_final_cpp                           0x000000d5   Thumb Code     0  entry10a.o(.ARM.Collect$$$$0000000F)
    __rt_final_exit                          0x000000d5   Thumb Code     0  entry11a.o(.ARM.Collect$$$$00000011)
    Reset_Handler                            0x000000d9   Thumb Code    14  startup_lks32mc08x.o(.text)
    NMI_Handler                              0x000000e7   Thumb Code     2  startup_lks32mc08x.o(.text)
    HardFault_Handler                        0x000000e9   Thumb Code     2  startup_lks32mc08x.o(.text)
    SVC_Handler                              0x000000eb   Thumb Code     2  startup_lks32mc08x.o(.text)
    PendSV_Handler                           0x000000ed   Thumb Code     2  startup_lks32mc08x.o(.text)
    CAN_IRQHandler                           0x000000f1   Thumb Code     0  startup_lks32mc08x.o(.text)
    DMA_IRQHandler                           0x000000f1   Thumb Code     0  startup_lks32mc08x.o(.text)
    DSP_IRQHandler                           0x000000f1   Thumb Code     0  startup_lks32mc08x.o(.text)
    MCPWM_IRQHandler                         0x000000f1   Thumb Code     0  startup_lks32mc08x.o(.text)
    SIF_IRQHandler                           0x000000f1   Thumb Code     0  startup_lks32mc08x.o(.text)
    WAKE_IRQHandler                          0x000000f1   Thumb Code     0  startup_lks32mc08x.o(.text)
    __aeabi_uidiv                            0x00000101   Thumb Code     0  uidiv.o(.text)
    __aeabi_uidivmod                         0x00000101   Thumb Code    44  uidiv.o(.text)
    __aeabi_idiv                             0x0000012d   Thumb Code     0  idiv.o(.text)
    __aeabi_idivmod                          0x0000012d   Thumb Code    40  idiv.o(.text)
    __aeabi_uldivmod                         0x00000155   Thumb Code    96  uldiv.o(.text)
    __aeabi_ldivmod                          0x000001b5   Thumb Code    76  ldiv.o(.text)
    __aeabi_lmul                             0x00000201   Thumb Code   122  llmul.o(.text)
    _ll_mul                                  0x00000201   Thumb Code     0  llmul.o(.text)
    __aeabi_llsl                             0x0000027b   Thumb Code    32  llshl.o(.text)
    _ll_shift_l                              0x0000027b   Thumb Code     0  llshl.o(.text)
    __aeabi_lasr                             0x0000029b   Thumb Code    38  llsshr.o(.text)
    _ll_sshift_r                             0x0000029b   Thumb Code     0  llsshr.o(.text)
    __aeabi_memcpy                           0x000002c1   Thumb Code    36  memcpya.o(.text)
    __aeabi_memcpy4                          0x000002c1   Thumb Code     0  memcpya.o(.text)
    __aeabi_memcpy8                          0x000002c1   Thumb Code     0  memcpya.o(.text)
    __aeabi_memset                           0x000002e5   Thumb Code    14  memseta.o(.text)
    __aeabi_memset4                          0x000002e5   Thumb Code     0  memseta.o(.text)
    __aeabi_memset8                          0x000002e5   Thumb Code     0  memseta.o(.text)
    __aeabi_memclr                           0x000002f3   Thumb Code     4  memseta.o(.text)
    __aeabi_memclr4                          0x000002f3   Thumb Code     0  memseta.o(.text)
    __aeabi_memclr8                          0x000002f3   Thumb Code     0  memseta.o(.text)
    _memset$wrapper                          0x000002f7   Thumb Code    18  memseta.o(.text)
    strcpy                                   0x00000309   Thumb Code    18  strcpy.o(.text)
    __aeabi_fmul                             0x0000031b   Thumb Code   122  fmul.o(.text)
    __aeabi_fdiv                             0x00000395   Thumb Code   124  fdiv.o(.text)
    __aeabi_dmul                             0x00000411   Thumb Code   202  dmul.o(.text)
    __aeabi_ddiv                             0x000004e1   Thumb Code   234  ddiv.o(.text)
    __aeabi_i2f                              0x000005d1   Thumb Code    22  fflti.o(.text)
    __aeabi_ui2f                             0x000005e7   Thumb Code    14  ffltui.o(.text)
    __aeabi_ui2d                             0x000005f5   Thumb Code    24  dfltui.o(.text)
    __aeabi_l2d                              0x00000611   Thumb Code    38  dfltl.o(.text)
    __aeabi_f2iz                             0x0000063d   Thumb Code    50  ffixi.o(.text)
    __aeabi_d2iz                             0x00000671   Thumb Code    62  dfixi.o(.text)
    __aeabi_d2uiz                            0x000006b9   Thumb Code    50  dfixui.o(.text)
    __aeabi_f2d                              0x000006f5   Thumb Code    40  f2d.o(.text)
    __aeabi_llsr                             0x0000071d   Thumb Code    34  llushr.o(.text)
    _ll_ushift_r                             0x0000071d   Thumb Code     0  llushr.o(.text)
    __I$use$fp                               0x0000073f   Thumb Code     0  iusefp.o(.text)
    _float_round                             0x0000073f   Thumb Code    16  fepilogue.o(.text)
    _float_epilogue                          0x0000074f   Thumb Code   114  fepilogue.o(.text)
    _double_round                            0x000007c1   Thumb Code    26  depilogue.o(.text)
    _double_epilogue                         0x000007db   Thumb Code   164  depilogue.o(.text)
    __scatterload                            0x00000881   Thumb Code    28  init.o(.text)
    __scatterload_rt2                        0x00000881   Thumb Code     0  init.o(.text)
    ADC0_IRQHandler                          0x000008a5   Thumb Code   172  interrupt.o(i.ADC0_IRQHandler)
    ADC0_init                                0x00000981   Thumb Code    70  hardware_init.o(i.ADC0_init)
    ADC_ChannelConfig                        0x000009cd   Thumb Code    46  lks32mc08x_adc.o(i.ADC_ChannelConfig)
    ADC_Init                                 0x000009fd   Thumb Code   348  lks32mc08x_adc.o(i.ADC_Init)
    ADC_NormalModeCFG                        0x00000b61   Thumb Code   110  signalchain_sample.o(i.ADC_NormalModeCFG)
    ADC_StructInit                           0x00000bdd   Thumb Code    36  lks32mc08x_adc.o(i.ADC_StructInit)
    AdcSampleCal                             0x00000c01   Thumb Code   124  foc_drive.o(i.AdcSampleCal)
    App2CoreCurTrans                         0x00000c89   Thumb Code    18  app2core.o(i.App2CoreCurTrans)
    App2CoreFreqTrans                        0x00000ca1   Thumb Code    18  app2core.o(i.App2CoreFreqTrans)
    AutoFieldWeakReg                         0x00000cb9   Thumb Code    26  fluxobserve.o(i.AutoFieldWeakReg)
    BemfSwitch                               0x00000cdd   Thumb Code   174  bemf_check0824.o(i.BemfSwitch)
    Bemf_CheckInit                           0x00000dcd   Thumb Code   182  bemf_check0824.o(i.Bemf_CheckInit)
    Bemf_CheckProcess                        0x00000e91   Thumb Code   422  bemf_check0824.o(i.Bemf_CheckProcess)
    BrakeStateCheck                          0x00001051   Thumb Code   104  onthefly.o(i.BrakeStateCheck)
    CMP_IRQHandler                           0x000010c9   Thumb Code   110  interrupt.o(i.CMP_IRQHandler)
    CMP_Init                                 0x00001145   Thumb Code   314  lks32mc08x_cmp.o(i.CMP_Init)
    CMP_StructInit                           0x0000128d   Thumb Code    14  lks32mc08x_cmp.o(i.CMP_StructInit)
    CMP_init                                 0x0000129b   Thumb Code    68  hardware_init.o(i.CMP_init)
    Calc_Atan                                0x000012e1   Thumb Code   434  lib_svpwm.o(i.Calc_Atan)
    Clock_Init                               0x000014a1   Thumb Code    48  hardware_init.o(i.Clock_Init)
    CurrentAmplitudeCalc                     0x000014dd   Thumb Code   410  fault_detection.o(i.CurrentAmplitudeCalc)
    CurrentLoopAxisD_Set                     0x0000167d   Thumb Code   126  state_machine.o(i.CurrentLoopAxisD_Set)
    CurrentLoopAxisQ_Set                     0x00001705   Thumb Code   126  state_machine.o(i.CurrentLoopAxisQ_Set)
    CurrentLoopReg                           0x0000178d   Thumb Code   138  foc_drive.o(i.CurrentLoopReg)
    CurrentOffsetCalibration                 0x0000181d   Thumb Code   282  system_init.o(i.CurrentOffsetCalibration)
    CurrentPIRegulator                       0x00001951   Thumb Code    68  pid_regulators.o(i.CurrentPIRegulator)
    DAC_init                                 0x00001995   Thumb Code   168  hardware_init.o(i.DAC_init)
    DSP_Init                                 0x00001a45   Thumb Code    12  lks32mc08x_sys.o(i.DSP_Init)
    DcVoltPerUnitCalc                        0x00001a51   Thumb Code    48  fluxobserve.o(i.DcVoltPerUnitCalc)
    ENCODER0_IRQHandler                      0x00001a91   Thumb Code     2  interrupt.o(i.ENCODER0_IRQHandler)
    ENCODER1_IRQHandler                      0x00001a93   Thumb Code     2  interrupt.o(i.ENCODER1_IRQHandler)
    FOC_InitstruParam                        0x00001a95   Thumb Code   116  foc_drive.o(i.FOC_InitstruParam)
    FOC_Model                                0x00001b1d   Thumb Code   358  foc_drive.o(i.FOC_Model)
    FWLoopPIReg                              0x00001ca9   Thumb Code    64  fluxobserve.o(i.FWLoopPIReg)
    FaultCheck                               0x00001ce9   Thumb Code    78  fault_detection.o(i.FaultCheck)
    FaultInit                                0x00001d45   Thumb Code   244  fault_detection.o(i.FaultInit)
    FaultRecoverInit                         0x00001e7d   Thumb Code    56  fault_detection.o(i.FaultRecoverInit)
    FaultVoltageCheck                        0x00001ed9   Thumb Code   118  fault_detection.o(i.FaultVoltageCheck)
    FindMaxIn3                               0x00001f59   Thumb Code    58  lib_ipd.o(i.FindMaxIn3)
    FindQNum                                 0x00001f93   Thumb Code    28  fluxobserve.o(i.FindQNum)
    FluxObserveInit                          0x00001fb1   Thumb Code    40  system_init.o(i.FluxObserveInit)
    FluxObserveParaCalc                      0x00001fe5   Thumb Code  1176  fluxobserve.o(i.FluxObserveParaCalc)
    GPIO_IRQHandler                          0x00002481   Thumb Code     2  interrupt.o(i.GPIO_IRQHandler)
    GPIO_Init                                0x00002483   Thumb Code   226  lks32mc08x_gpio.o(i.GPIO_Init)
    GPIO_PinAFConfig                         0x00002565   Thumb Code   258  lks32mc08x_gpio.o(i.GPIO_PinAFConfig)
    GPIO_ResetBits                           0x00002671   Thumb Code    18  lks32mc08x_gpio.o(i.GPIO_ResetBits)
    GPIO_SetBits                             0x00002683   Thumb Code    18  lks32mc08x_gpio.o(i.GPIO_SetBits)
    GPIO_StructInit                          0x00002695   Thumb Code    12  lks32mc08x_gpio.o(i.GPIO_StructInit)
    GPIO_WriteBit                            0x000026a1   Thumb Code    20  lks32mc08x_gpio.o(i.GPIO_WriteBit)
    GPIO_init                                0x000026b5   Thumb Code   200  hardware_init.o(i.GPIO_init)
    HALL_IRQHandler                          0x00002781   Thumb Code     2  interrupt.o(i.HALL_IRQHandler)
    HALL_Init                                0x00002785   Thumb Code    64  lks32mc08x_hall.o(i.HALL_Init)
    HALL_Perip_init                          0x000027c9   Thumb Code    42  hardware_init.o(i.HALL_Perip_init)
    HALL_StructInit                          0x000027f9   Thumb Code    32  lks32mc08x_hall.o(i.HALL_StructInit)
    Hardware_init                            0x0000281d   Thumb Code   186  hardware_init.o(i.Hardware_init)
    I2C0_IRQHandler                          0x000028fd   Thumb Code     2  interrupt.o(i.I2C0_IRQHandler)
    IPD_AngleCalc                            0x00002901   Thumb Code   134  lib_ipd.o(i.IPD_AngleCalc)
    IPD_RotorPosEst                          0x00002999   Thumb Code   220  lib_ipd.o(i.IPD_RotorPosEst)
    LowPassControl                           0x00002a91   Thumb Code    46  powercalculation.o(i.LowPassControl)
    MCPWM0_RegUpdate                         0x00002ac1   Thumb Code    96  hardware_init.o(i.MCPWM0_RegUpdate)
    MCPWM_Init                               0x00002b2d   Thumb Code   718  lks32mc08x_mcpwm.o(i.MCPWM_Init)
    MCPWM_StructInit                         0x00002e0d   Thumb Code    14  lks32mc08x_mcpwm.o(i.MCPWM_StructInit)
    MCPWM_init                               0x00002e1d   Thumb Code   180  hardware_init.o(i.MCPWM_init)
    ModuCircle_Limitation                    0x00002ee1   Thumb Code   162  fluxobserve.o(i.ModuCircle_Limitation)
    OnTheFlyDetectInit                       0x00002fa1   Thumb Code    12  fluxobserve.o(i.OnTheFlyDetectInit)
    OnTheFlyDetectPro                        0x00002fb1   Thumb Code    96  onthefly.o(i.OnTheFlyDetectPro)
    OpenCloseAngleSwitch                     0x00003021   Thumb Code   120  fluxobserve.o(i.OpenCloseAngleSwitch)
    OpenLoopCurRamp                          0x000030b5   Thumb Code    74  process_control.o(i.OpenLoopCurRamp)
    PGA_init                                 0x00003101   Thumb Code    52  hardware_init.o(i.PGA_init)
    PWMOutputs                               0x0000313d   Thumb Code    44  lks32mc08x_mcpwm.o(i.PWMOutputs)
    PWRDN_IRQHandler                         0x00003179   Thumb Code     8  interrupt.o(i.PWRDN_IRQHandler)
    PmsmFluxObIni                            0x00003181   Thumb Code    92  fluxobserve.o(i.PmsmFluxObIni)
    PmsmFluxObserve                          0x000031f5   Thumb Code   576  fluxobserve.o(i.PmsmFluxObserve)
    PoloEstCurSample                         0x00003451   Thumb Code    88  lib_ipd.o(i.PoloEstCurSample)
    PowerCalc                                0x000034b1   Thumb Code    82  powercalculation.o(i.PowerCalc)
    Read_Trim                                0x00003505   Thumb Code    50  lks32mc08x_nvr.o(i.Read_Trim)
    SEGGER_RTT_ConfigUpBuffer                0x00003541   Thumb Code   142  segger_rtt.o(i.SEGGER_RTT_ConfigUpBuffer)
    SEGGER_RTT_Write                         0x000035d5   Thumb Code    66  segger_rtt.o(i.SEGGER_RTT_Write)
    SEGGER_RTT_WriteNoLock                   0x0000361d   Thumb Code   128  segger_rtt.o(i.SEGGER_RTT_WriteNoLock)
    SPI0_IRQHandler                          0x000036a1   Thumb Code     2  interrupt.o(i.SPI0_IRQHandler)
    SVPWM_2ShuntGEN                          0x000036a5   Thumb Code   310  lib_svpwm.o(i.SVPWM_2ShuntGEN)
    SVPWM_2ShuntGetPhaseCurrent              0x000037e1   Thumb Code   482  signalchain_sample.o(i.SVPWM_2ShuntGetPhaseCurrent)
    SYS_AnalogModuleClockCmd                 0x000039cd   Thumb Code    44  lks32mc08x_sys.o(i.SYS_AnalogModuleClockCmd)
    SYS_ModuleClockCmd                       0x00003a01   Thumb Code    38  lks32mc08x_sys.o(i.SYS_ModuleClockCmd)
    SYS_VolSelModule                         0x00003a31   Thumb Code   130  lks32mc08x_sys.o(i.SYS_VolSelModule)
    SYS_VolSelModuleEnableIRQ                0x00003abd   Thumb Code    54  lks32mc08x_sys.o(i.SYS_VolSelModuleEnableIRQ)
    SYS_VolSelModuleIRQ                      0x00003af9   Thumb Code   112  lks32mc08x_sys.o(i.SYS_VolSelModuleIRQ)
    SoftDelay                                0x00003b81   Thumb Code    24  hardware_init.o(i.SoftDelay)
    SpeedReferenceGen                        0x00003bb1   Thumb Code    54  process_control.o(i.SpeedReferenceGen)
    StateAlign                               0x00003be9   Thumb Code   144  state_machine.o(i.StateAlign)
    StateBemfDirCheck                        0x00003c99   Thumb Code   430  state_machine.o(i.StateBemfDirCheck)
    StateBemfStop                            0x00003e69   Thumb Code    78  state_machine.o(i.StateBemfStop)
    StateCharge                              0x00003ec9   Thumb Code   380  state_machine.o(i.StateCharge)
    StateDirCheck                            0x00004075   Thumb Code   326  state_machine.o(i.StateDirCheck)
    StateFault                               0x000041d5   Thumb Code    14  state_machine.o(i.StateFault)
    StateHallRun                             0x000041e9   Thumb Code    78  state_machine.o(i.StateHallRun)
    StateInit                                0x00004241   Thumb Code   470  state_machine.o(i.StateInit)
    StateOpen                                0x0000445d   Thumb Code   204  state_machine.o(i.StateOpen)
    StatePosSeek                             0x00004545   Thumb Code   118  state_machine.o(i.StatePosSeek)
    StateRun                                 0x000045d5   Thumb Code   278  state_machine.o(i.StateRun)
    StateStop                                0x0000470d   Thumb Code   120  state_machine.o(i.StateStop)
    SysTick_Handler                          0x0000479d   Thumb Code     2  interrupt.o(i.SysTick_Handler)
    Sys_State_Machine                        0x000047a1   Thumb Code   240  state_machine.o(i.Sys_State_Machine)
    SystemInit                               0x0000489d   Thumb Code     8  hardware_init.o(i.SystemInit)
    TIM_TimerCmd                             0x000048a5   Thumb Code   208  lks32mc08x_tim.o(i.TIM_TimerCmd)
    TIM_TimerInit                            0x00004979   Thumb Code   320  lks32mc08x_tim.o(i.TIM_TimerInit)
    TIM_TimerStrutInit                       0x00004abd   Thumb Code    40  lks32mc08x_tim.o(i.TIM_TimerStrutInit)
    Task_Scheduler                           0x00004ae5   Thumb Code   118  task_scheduler.o(i.Task_Scheduler)
    TempSensor_Init                          0x00004b6d   Thumb Code    46  lks32mc08x_tmp.o(i.TempSensor_Init)
    Trig_Functions                           0x00004ba9   Thumb Code    42  mc_math.o(i.Trig_Functions)
    UART0_IRQHandler                         0x00004bd9   Thumb Code     2  interrupt.o(i.UART0_IRQHandler)
    UART1_IRQHandler                         0x00004bdb   Thumb Code     2  interrupt.o(i.UART1_IRQHandler)
    UART_Init                                0x00004bdd   Thumb Code   238  lks32mc08x_uart.o(i.UART_Init)
    UART_StructInit                          0x00004ce1   Thumb Code    30  lks32mc08x_uart.o(i.UART_StructInit)
    UART_init                                0x00004d01   Thumb Code    38  hardware_init.o(i.UART_init)
    UTIMER0_IRQHandler                       0x00004d2d   Thumb Code    40  interrupt.o(i.UTIMER0_IRQHandler)
    UTIMER1_IRQHandler                       0x00004d5d   Thumb Code     2  interrupt.o(i.UTIMER1_IRQHandler)
    UTIMER2_IRQHandler                       0x00004d5f   Thumb Code     2  interrupt.o(i.UTIMER2_IRQHandler)
    UTIMER3_IRQHandler                       0x00004d61   Thumb Code     2  interrupt.o(i.UTIMER3_IRQHandler)
    UTimer_init                              0x00004d65   Thumb Code    70  hardware_init.o(i.UTimer_init)
    User2AppAngleTrans                       0x00004db5   Thumb Code    38  app2core.o(i.User2AppAngleTrans)
    User2AppCurTrans                         0x00004de1   Thumb Code    38  app2core.o(i.User2AppCurTrans)
    User2AppFreqTrans                        0x00004e0d   Thumb Code    38  app2core.o(i.User2AppFreqTrans)
    User2AppVolTrans                         0x00004e39   Thumb Code    58  app2core.o(i.User2AppVolTrans)
    VolPulsePwmSet                           0x00004e89   Thumb Code    68  lib_ipd.o(i.VolPulsePwmSet)
    __ARM_clz                                0x0000502b   Thumb Code    46  depilogue.o(i.__ARM_clz)
    __ARM_common_ll_mulss                    0x00005059   Thumb Code    48  fluxobserve.o(i.__ARM_common_ll_mulss)
    __ARM_common_ll_muluu                    0x00005089   Thumb Code    48  fluxobserve.o(i.__ARM_common_ll_muluu)
    __ARM_common_switch8                     0x000050b9   Thumb Code    26  lib_svpwm.o(i.__ARM_common_switch8)
    __scatterload_copy                       0x0000521d   Thumb Code    14  handlers.o(i.__scatterload_copy)
    __scatterload_null                       0x0000522b   Thumb Code     2  handlers.o(i.__scatterload_null)
    __scatterload_zeroinit                   0x0000522d   Thumb Code    14  handlers.o(i.__scatterload_zeroinit)
    lowPass_filter                           0x0000523b   Thumb Code    18  lib_svpwm.o(i.lowPass_filter)
    main                                     0x0000524d   Thumb Code    16  main.o(i.main)
    soft_Trg_ADC                             0x0000525d   Thumb Code    34  lib_ipd.o(i.soft_Trg_ADC)
    sys_init                                 0x00005289   Thumb Code    34  system_init.o(i.sys_init)
    sVersion                                 0x000052b8   Data          10  global_variable.o(.constdata)
    struFOC_ConstParam                       0x000052c2   Data          16  global_variable.o(.constdata)
    struMotorParam                           0x000052d4   Data          44  global_variable.o(.constdata)
    struBoardParam                           0x00005300   Data          36  global_variable.o(.constdata)
    atantab1                                 0x00005324   Data         544  lib_svpwm.o(.constdata)
    Region$$Table$$Base                      0x00005544   Number         0  anon$$obj.o(Region$$Table)
    Region$$Table$$Limit                     0x00005564   Number         0  anon$$obj.o(Region$$Table)
    struBemfVolt                             0x20000000   Data           6  global_variable.o(.data)
    Rttstru                                  0x20000006   Data           6  interrupt.o(.data)
    Iq_Set                                   0x2000000c   Data           4  state_machine.o(.data)
    struImaxCurrent                          0x20000010   Data           6  fault_detection.o(.data)
    stru_Faults                              0x20000016   Data           2  fault_detection.o(.data)
    tElectAngle                              0x2000001a   Data           2  foc_drive.o(.data)
    m_TempertureCof                          0x2000001c   Data           4  lks32mc08x_tmp.o(.data)
    AFWR_KP                                  0x20000022   Data           2  fluxobserve.o(.data)
    AFWR_KI                                  0x20000024   Data           2  fluxobserve.o(.data)
    s16UmRohRef                              0x20000026   Data           2  fluxobserve.o(.data)
    s16UtRohRef                              0x20000028   Data           2  fluxobserve.o(.data)
    iMrasUd                                  0x2000002a   Data           2  fluxobserve.o(.data)
    iMrasUq                                  0x2000002c   Data           2  fluxobserve.o(.data)
    iMrasId                                  0x2000002e   Data           2  fluxobserve.o(.data)
    iMrasIq                                  0x20000030   Data           2  fluxobserve.o(.data)
    iMrasIqEstN                              0x20000032   Data           2  fluxobserve.o(.data)
    iEemfMEst                                0x20000034   Data           2  fluxobserve.o(.data)
    iEemfTEst                                0x20000036   Data           2  fluxobserve.o(.data)
    iEemfMEstAvg                             0x20000038   Data           2  fluxobserve.o(.data)
    iEemfTEstAvg                             0x2000003a   Data           2  fluxobserve.o(.data)
    uMrasTheta_est                           0x2000003c   Data           4  fluxobserve.o(.data)
    vectorComponentsAfo                      0x20000050   Data           4  fluxobserve.o(.data)
    vectorComponentsDThe                     0x20000054   Data           4  fluxobserve.o(.data)
    s32VolOutAvg                             0x20000058   Data           4  fluxobserve.o(.data)
    iMrasIdEstN_1_Fs                         0x2000005c   Data           4  fluxobserve.o(.data)
    iMrasIqEstN_1_Fs                         0x20000060   Data           4  fluxobserve.o(.data)
    synWeObsFilt                             0x20000064   Data           4  fluxobserve.o(.data)
    struTaskScheduler                        0x20000078   Data          12  global_variable.o(.bss)
    struFOC_CtrProc                          0x20000084   Data          20  global_variable.o(.bss)
    struFOC_CurrLoop                         0x20000098   Data         184  global_variable.o(.bss)
    struFluxOB_Param                         0x20000150   Data          56  global_variable.o(.bss)
    struAppCommData                          0x20000188   Data          76  global_variable.o(.bss)
    struMotorSpeed                           0x200001d8   Data          88  global_variable.o(.bss)
    mOnTheFlyDetect                          0x20000230   Data          36  global_variable.o(.bss)
    mSpeedPI                                 0x20000254   Data          28  global_variable.o(.bss)
    mOpenForceRun                            0x20000270   Data          28  global_variable.o(.bss)
    struUser2App                             0x2000028c   Data          32  global_variable.o(.bss)
    struCore2App                             0x200002ac   Data          32  global_variable.o(.bss)
    struApp2Core                             0x200002cc   Data          32  global_variable.o(.bss)
    struHallProcess                          0x200002ec   Data         232  global_variable.o(.bss)
    mIPD_CtrProc                             0x200003d4   Data          32  global_variable.o(.bss)
    struTime                                 0x200003f4   Data          18  state_machine.o(.bss)
    struCurrentAmplitude                     0x20000408   Data          28  fault_detection.o(.bss)
    stru_FaultValue                          0x20000424   Data          40  fault_detection.o(.bss)
    struFaultVoltTime                        0x2000044c   Data          10  fault_detection.o(.bss)
    struFaultEmptyTime                       0x20000456   Data          10  fault_detection.o(.bss)
    struFaultStallTime                       0x20000460   Data          10  fault_detection.o(.bss)
    struFaultCurrentTime                     0x2000046a   Data          10  fault_detection.o(.bss)
    struFaultTempTime                        0x20000474   Data          10  fault_detection.o(.bss)
    struFaultPhaseTime                       0x2000047e   Data          10  fault_detection.o(.bss)
    struFaultStartTime                       0x20000488   Data          10  fault_detection.o(.bss)
    struPower                                0x20000498   Data          96  powercalculation.o(.bss)
    PowerRamp                                0x200004f8   Data          12  powercalculation.o(.bss)
    stru_BEMF_Check                          0x20000504   Data          76  bemf_check0824.o(.bss)
    bRttBuf                                  0x20000550   Data        2050  segger_rtt.o(.bss)
    _SEGGER_RTT                              0x20000d54   Data         168  segger_rtt.o(.bss)
    struFluxOB_Var                           0x2000120c   Data          28  fluxobserve.o(.bss)
    AEMFRM                                   0x20001228   Data          28  fluxobserve.o(.bss)
    AEMFRT                                   0x20001244   Data          28  fluxobserve.o(.bss)
    AFWR                                     0x20001260   Data          20  fluxobserve.o(.bss)
    __initial_sp                             0x20001578   Data           0  startup_lks32mc08x.o(STACK)



==============================================================================

Memory Map of the image

  Image Entry point : 0x000000c1

  Load Region LR_IROM1 (Base: 0x00000000, Size: 0x000055dc, Max: 0x00010000, ABSOLUTE)

    Execution Region ER_IROM1 (Exec base: 0x00000000, Load base: 0x00000000, Size: 0x00005564, Max: 0x00010000, ABSOLUTE)

    Exec Addr    Load Addr    Size         Type   Attr      Idx    E Section Name        Object

    0x00000000   0x00000000   0x000000c0   Data   RO         2613    RESET               startup_lks32mc08x.o
    0x000000c0   0x000000c0   0x00000000   Code   RO         3326  * .ARM.Collect$$$$00000000  mc_p.l(entry.o)
    0x000000c0   0x000000c0   0x00000004   Code   RO         3385    .ARM.Collect$$$$00000001  mc_p.l(entry2.o)
    0x000000c4   0x000000c4   0x00000004   Code   RO         3388    .ARM.Collect$$$$00000004  mc_p.l(entry5.o)
    0x000000c8   0x000000c8   0x00000000   Code   RO         3390    .ARM.Collect$$$$00000008  mc_p.l(entry7b.o)
    0x000000c8   0x000000c8   0x00000000   Code   RO         3392    .ARM.Collect$$$$0000000A  mc_p.l(entry8b.o)
    0x000000c8   0x000000c8   0x00000008   Code   RO         3393    .ARM.Collect$$$$0000000B  mc_p.l(entry9a.o)
    0x000000d0   0x000000d0   0x00000004   Code   RO         3400    .ARM.Collect$$$$0000000E  mc_p.l(entry12b.o)
    0x000000d4   0x000000d4   0x00000000   Code   RO         3395    .ARM.Collect$$$$0000000F  mc_p.l(entry10a.o)
    0x000000d4   0x000000d4   0x00000000   Code   RO         3397    .ARM.Collect$$$$00000011  mc_p.l(entry11a.o)
    0x000000d4   0x000000d4   0x00000004   Code   RO         3386    .ARM.Collect$$$$00002712  mc_p.l(entry2.o)
    0x000000d8   0x000000d8   0x00000028   Code   RO         2614    .text               startup_lks32mc08x.o
    0x00000100   0x00000100   0x0000002c   Code   RO         3329    .text               mc_p.l(uidiv.o)
    0x0000012c   0x0000012c   0x00000028   Code   RO         3331    .text               mc_p.l(idiv.o)
    0x00000154   0x00000154   0x00000060   Code   RO         3333    .text               mc_p.l(uldiv.o)
    0x000001b4   0x000001b4   0x0000004c   Code   RO         3335    .text               mc_p.l(ldiv.o)
    0x00000200   0x00000200   0x0000007a   Code   RO         3337    .text               mc_p.l(llmul.o)
    0x0000027a   0x0000027a   0x00000020   Code   RO         3339    .text               mc_p.l(llshl.o)
    0x0000029a   0x0000029a   0x00000026   Code   RO         3341    .text               mc_p.l(llsshr.o)
    0x000002c0   0x000002c0   0x00000024   Code   RO         3343    .text               mc_p.l(memcpya.o)
    0x000002e4   0x000002e4   0x00000024   Code   RO         3345    .text               mc_p.l(memseta.o)
    0x00000308   0x00000308   0x00000012   Code   RO         3349    .text               mc_p.l(strcpy.o)
    0x0000031a   0x0000031a   0x0000007a   Code   RO         3353    .text               mf_p.l(fmul.o)
    0x00000394   0x00000394   0x0000007c   Code   RO         3355    .text               mf_p.l(fdiv.o)
    0x00000410   0x00000410   0x000000d0   Code   RO         3359    .text               mf_p.l(dmul.o)
    0x000004e0   0x000004e0   0x000000f0   Code   RO         3361    .text               mf_p.l(ddiv.o)
    0x000005d0   0x000005d0   0x00000016   Code   RO         3363    .text               mf_p.l(fflti.o)
    0x000005e6   0x000005e6   0x0000000e   Code   RO         3365    .text               mf_p.l(ffltui.o)
    0x000005f4   0x000005f4   0x0000001c   Code   RO         3369    .text               mf_p.l(dfltui.o)
    0x00000610   0x00000610   0x0000002c   Code   RO         3371    .text               mf_p.l(dfltl.o)
    0x0000063c   0x0000063c   0x00000032   Code   RO         3373    .text               mf_p.l(ffixi.o)
    0x0000066e   0x0000066e   0x00000002   PAD
    0x00000670   0x00000670   0x00000048   Code   RO         3375    .text               mf_p.l(dfixi.o)
    0x000006b8   0x000006b8   0x0000003c   Code   RO         3377    .text               mf_p.l(dfixui.o)
    0x000006f4   0x000006f4   0x00000028   Code   RO         3379    .text               mf_p.l(f2d.o)
    0x0000071c   0x0000071c   0x00000022   Code   RO         3401    .text               mc_p.l(llushr.o)
    0x0000073e   0x0000073e   0x00000000   Code   RO         3403    .text               mc_p.l(iusefp.o)
    0x0000073e   0x0000073e   0x00000082   Code   RO         3404    .text               mf_p.l(fepilogue.o)
    0x000007c0   0x000007c0   0x000000be   Code   RO         3406    .text               mf_p.l(depilogue.o)
    0x0000087e   0x0000087e   0x00000002   PAD
    0x00000880   0x00000880   0x00000024   Code   RO         3410    .text               mc_p.l(init.o)
    0x000008a4   0x000008a4   0x000000dc   Code   RO          334    i.ADC0_IRQHandler   interrupt.o
    0x00000980   0x00000980   0x0000004c   Code   RO          172    i.ADC0_init         hardware_init.o
    0x000009cc   0x000009cc   0x0000002e   Code   RO         1443    i.ADC_ChannelConfig  lks32mc08x_adc.o
    0x000009fa   0x000009fa   0x00000002   PAD
    0x000009fc   0x000009fc   0x00000164   Code   RO         1447    i.ADC_Init          lks32mc08x_adc.o
    0x00000b60   0x00000b60   0x0000007c   Code   RO         1145    i.ADC_NormalModeCFG  signalchain_sample.o
    0x00000bdc   0x00000bdc   0x00000024   Code   RO         1449    i.ADC_StructInit    lks32mc08x_adc.o
    0x00000c00   0x00000c00   0x00000088   Code   RO         1078    i.AdcSampleCal      foc_drive.o
    0x00000c88   0x00000c88   0x00000018   Code   RO          981    i.App2CoreCurTrans  app2core.o
    0x00000ca0   0x00000ca0   0x00000018   Code   RO          982    i.App2CoreFreqTrans  app2core.o
    0x00000cb8   0x00000cb8   0x00000024   Code   RO         2964    i.AutoFieldWeakReg  LKS08x_FluxOBS_Hall_V4p2.lib(fluxobserve.o)
    0x00000cdc   0x00000cdc   0x000000f0   Code   RO         1283    i.BemfSwitch        bemf_check0824.o
    0x00000dcc   0x00000dcc   0x000000c4   Code   RO         1284    i.Bemf_CheckInit    bemf_check0824.o
    0x00000e90   0x00000e90   0x000001c0   Code   RO         1285    i.Bemf_CheckProcess  bemf_check0824.o
    0x00001050   0x00001050   0x00000078   Code   RO         3110    i.BrakeStateCheck   LKS08x_FluxOBS_Hall_V4p2.lib(onthefly.o)
    0x000010c8   0x000010c8   0x0000007c   Code   RO          335    i.CMP_IRQHandler    interrupt.o
    0x00001144   0x00001144   0x00000148   Code   RO         1617    i.CMP_Init          lks32mc08x_cmp.o
    0x0000128c   0x0000128c   0x0000000e   Code   RO         1618    i.CMP_StructInit    lks32mc08x_cmp.o
    0x0000129a   0x0000129a   0x00000044   Code   RO          173    i.CMP_init          hardware_init.o
    0x000012de   0x000012de   0x00000002   PAD
    0x000012e0   0x000012e0   0x000001c0   Code   RO         2853    i.Calc_Atan         LKS08x_FluxOBS_Hall_V4p2.lib(lib_svpwm.o)
    0x000014a0   0x000014a0   0x0000003c   Code   RO          174    i.Clock_Init        hardware_init.o
    0x000014dc   0x000014dc   0x000001a0   Code   RO          688    i.CurrentAmplitudeCalc  fault_detection.o
    0x0000167c   0x0000167c   0x00000088   Code   RO          537    i.CurrentLoopAxisD_Set  state_machine.o
    0x00001704   0x00001704   0x00000088   Code   RO          538    i.CurrentLoopAxisQ_Set  state_machine.o
    0x0000178c   0x0000178c   0x00000090   Code   RO         1079    i.CurrentLoopReg    foc_drive.o
    0x0000181c   0x0000181c   0x00000134   Code   RO          465    i.CurrentOffsetCalibration  system_init.o
    0x00001950   0x00001950   0x00000044   Code   RO         1169    i.CurrentPIRegulator  pid_regulators.o
    0x00001994   0x00001994   0x000000b0   Code   RO          175    i.DAC_init          hardware_init.o
    0x00001a44   0x00001a44   0x0000000c   Code   RO         2270    i.DSP_Init          lks32mc08x_sys.o
    0x00001a50   0x00001a50   0x00000040   Code   RO         2965    i.DcVoltPerUnitCalc  LKS08x_FluxOBS_Hall_V4p2.lib(fluxobserve.o)
    0x00001a90   0x00001a90   0x00000002   Code   RO          336    i.ENCODER0_IRQHandler  interrupt.o
    0x00001a92   0x00001a92   0x00000002   Code   RO          337    i.ENCODER1_IRQHandler  interrupt.o
    0x00001a94   0x00001a94   0x00000088   Code   RO         1080    i.FOC_InitstruParam  foc_drive.o
    0x00001b1c   0x00001b1c   0x0000018c   Code   RO         1081    i.FOC_Model         foc_drive.o
    0x00001ca8   0x00001ca8   0x00000040   Code   RO         2966    i.FWLoopPIReg       LKS08x_FluxOBS_Hall_V4p2.lib(fluxobserve.o)
    0x00001ce8   0x00001ce8   0x0000005c   Code   RO          689    i.FaultCheck        fault_detection.o
    0x00001d44   0x00001d44   0x00000138   Code   RO          692    i.FaultInit         fault_detection.o
    0x00001e7c   0x00001e7c   0x0000005c   Code   RO          695    i.FaultRecoverInit  fault_detection.o
    0x00001ed8   0x00001ed8   0x00000080   Code   RO          699    i.FaultVoltageCheck  fault_detection.o
    0x00001f58   0x00001f58   0x0000003a   Code   RO         3038    i.FindMaxIn3        LKS08x_FluxOBS_Hall_V4p2.lib(lib_ipd.o)
    0x00001f92   0x00001f92   0x0000001c   Code   RO         2967    i.FindQNum          LKS08x_FluxOBS_Hall_V4p2.lib(fluxobserve.o)
    0x00001fae   0x00001fae   0x00000002   PAD
    0x00001fb0   0x00001fb0   0x00000034   Code   RO          466    i.FluxObserveInit   system_init.o
    0x00001fe4   0x00001fe4   0x0000049c   Code   RO         2968    i.FluxObserveParaCalc  LKS08x_FluxOBS_Hall_V4p2.lib(fluxobserve.o)
    0x00002480   0x00002480   0x00000002   Code   RO          338    i.GPIO_IRQHandler   interrupt.o
    0x00002482   0x00002482   0x000000e2   Code   RO         1863    i.GPIO_Init         lks32mc08x_gpio.o
    0x00002564   0x00002564   0x0000010c   Code   RO         1865    i.GPIO_PinAFConfig  lks32mc08x_gpio.o
    0x00002670   0x00002670   0x00000012   Code   RO         1870    i.GPIO_ResetBits    lks32mc08x_gpio.o
    0x00002682   0x00002682   0x00000012   Code   RO         1871    i.GPIO_SetBits      lks32mc08x_gpio.o
    0x00002694   0x00002694   0x0000000c   Code   RO         1872    i.GPIO_StructInit   lks32mc08x_gpio.o
    0x000026a0   0x000026a0   0x00000014   Code   RO         1875    i.GPIO_WriteBit     lks32mc08x_gpio.o
    0x000026b4   0x000026b4   0x000000cc   Code   RO          177    i.GPIO_init         hardware_init.o
    0x00002780   0x00002780   0x00000002   Code   RO          339    i.HALL_IRQHandler   interrupt.o
    0x00002782   0x00002782   0x00000002   PAD
    0x00002784   0x00002784   0x00000044   Code   RO         1966    i.HALL_Init         lks32mc08x_hall.o
    0x000027c8   0x000027c8   0x00000030   Code   RO          178    i.HALL_Perip_init   hardware_init.o
    0x000027f8   0x000027f8   0x00000024   Code   RO         1967    i.HALL_StructInit   lks32mc08x_hall.o
    0x0000281c   0x0000281c   0x000000e0   Code   RO          179    i.Hardware_init     hardware_init.o
    0x000028fc   0x000028fc   0x00000002   Code   RO          340    i.I2C0_IRQHandler   interrupt.o
    0x000028fe   0x000028fe   0x00000002   PAD
    0x00002900   0x00002900   0x00000098   Code   RO         3039    i.IPD_AngleCalc     LKS08x_FluxOBS_Hall_V4p2.lib(lib_ipd.o)
    0x00002998   0x00002998   0x000000f8   Code   RO         3040    i.IPD_RotorPosEst   LKS08x_FluxOBS_Hall_V4p2.lib(lib_ipd.o)
    0x00002a90   0x00002a90   0x0000002e   Code   RO          821    i.LowPassControl    powercalculation.o
    0x00002abe   0x00002abe   0x00000002   PAD
    0x00002ac0   0x00002ac0   0x0000006c   Code   RO          180    i.MCPWM0_RegUpdate  hardware_init.o
    0x00002b2c   0x00002b2c   0x000002e0   Code   RO         2143    i.MCPWM_Init        lks32mc08x_mcpwm.o
    0x00002e0c   0x00002e0c   0x0000000e   Code   RO         2144    i.MCPWM_StructInit  lks32mc08x_mcpwm.o
    0x00002e1a   0x00002e1a   0x00000002   PAD
    0x00002e1c   0x00002e1c   0x000000c4   Code   RO          181    i.MCPWM_init        hardware_init.o
    0x00002ee0   0x00002ee0   0x000000c0   Code   RO         2969    i.ModuCircle_Limitation  LKS08x_FluxOBS_Hall_V4p2.lib(fluxobserve.o)
    0x00002fa0   0x00002fa0   0x00000010   Code   RO         2970    i.OnTheFlyDetectInit  LKS08x_FluxOBS_Hall_V4p2.lib(fluxobserve.o)
    0x00002fb0   0x00002fb0   0x00000070   Code   RO         3111    i.OnTheFlyDetectPro  LKS08x_FluxOBS_Hall_V4p2.lib(onthefly.o)
    0x00003020   0x00003020   0x00000094   Code   RO         2971    i.OpenCloseAngleSwitch  LKS08x_FluxOBS_Hall_V4p2.lib(fluxobserve.o)
    0x000030b4   0x000030b4   0x0000004a   Code   RO          788    i.OpenLoopCurRamp   process_control.o
    0x000030fe   0x000030fe   0x00000002   PAD
    0x00003100   0x00003100   0x0000003c   Code   RO          182    i.PGA_init          hardware_init.o
    0x0000313c   0x0000313c   0x0000003c   Code   RO         2145    i.PWMOutputs        lks32mc08x_mcpwm.o
    0x00003178   0x00003178   0x00000008   Code   RO          341    i.PWRDN_IRQHandler  interrupt.o
    0x00003180   0x00003180   0x00000074   Code   RO         2972    i.PmsmFluxObIni     LKS08x_FluxOBS_Hall_V4p2.lib(fluxobserve.o)
    0x000031f4   0x000031f4   0x0000025c   Code   RO         2973    i.PmsmFluxObserve   LKS08x_FluxOBS_Hall_V4p2.lib(fluxobserve.o)
    0x00003450   0x00003450   0x00000060   Code   RO         3041    i.PoloEstCurSample  LKS08x_FluxOBS_Hall_V4p2.lib(lib_ipd.o)
    0x000034b0   0x000034b0   0x00000052   Code   RO          822    i.PowerCalc         powercalculation.o
    0x00003502   0x00003502   0x00000002   PAD
    0x00003504   0x00003504   0x0000003c   Code   RO         3263    i.Read_Trim         lks32mc08x_nvr.lib(lks32mc08x_nvr.o)
    0x00003540   0x00003540   0x00000094   Code   RO         2621    i.SEGGER_RTT_ConfigUpBuffer  segger_rtt.o
    0x000035d4   0x000035d4   0x00000048   Code   RO         2638    i.SEGGER_RTT_Write  segger_rtt.o
    0x0000361c   0x0000361c   0x00000084   Code   RO         2639    i.SEGGER_RTT_WriteNoLock  segger_rtt.o
    0x000036a0   0x000036a0   0x00000002   Code   RO          342    i.SPI0_IRQHandler   interrupt.o
    0x000036a2   0x000036a2   0x00000002   PAD
    0x000036a4   0x000036a4   0x0000013c   Code   RO         2856    i.SVPWM_2ShuntGEN   LKS08x_FluxOBS_Hall_V4p2.lib(lib_svpwm.o)
    0x000037e0   0x000037e0   0x000001ec   Code   RO         1146    i.SVPWM_2ShuntGetPhaseCurrent  signalchain_sample.o
    0x000039cc   0x000039cc   0x00000034   Code   RO         2271    i.SYS_AnalogModuleClockCmd  lks32mc08x_sys.o
    0x00003a00   0x00003a00   0x00000030   Code   RO         2278    i.SYS_ModuleClockCmd  lks32mc08x_sys.o
    0x00003a30   0x00003a30   0x0000008c   Code   RO         2282    i.SYS_VolSelModule  lks32mc08x_sys.o
    0x00003abc   0x00003abc   0x0000003c   Code   RO         2283    i.SYS_VolSelModuleEnableIRQ  lks32mc08x_sys.o
    0x00003af8   0x00003af8   0x00000088   Code   RO         2284    i.SYS_VolSelModuleIRQ  lks32mc08x_sys.o
    0x00003b80   0x00003b80   0x00000018   Code   RO          185    i.SoftDelay         hardware_init.o
    0x00003b98   0x00003b98   0x00000018   Code   RO         2287    i.SoftDelay         lks32mc08x_sys.o
    0x00003bb0   0x00003bb0   0x00000036   Code   RO          790    i.SpeedReferenceGen  process_control.o
    0x00003be6   0x00003be6   0x00000002   PAD
    0x00003be8   0x00003be8   0x000000b0   Code   RO          540    i.StateAlign        state_machine.o
    0x00003c98   0x00003c98   0x000001d0   Code   RO          541    i.StateBemfDirCheck  state_machine.o
    0x00003e68   0x00003e68   0x00000060   Code   RO          542    i.StateBemfStop     state_machine.o
    0x00003ec8   0x00003ec8   0x000001ac   Code   RO          543    i.StateCharge       state_machine.o
    0x00004074   0x00004074   0x00000160   Code   RO          544    i.StateDirCheck     state_machine.o
    0x000041d4   0x000041d4   0x00000014   Code   RO          545    i.StateFault        state_machine.o
    0x000041e8   0x000041e8   0x00000058   Code   RO          546    i.StateHallRun      state_machine.o
    0x00004240   0x00004240   0x0000021c   Code   RO          547    i.StateInit         state_machine.o
    0x0000445c   0x0000445c   0x000000e8   Code   RO          548    i.StateOpen         state_machine.o
    0x00004544   0x00004544   0x00000090   Code   RO          549    i.StatePosSeek      state_machine.o
    0x000045d4   0x000045d4   0x00000138   Code   RO          550    i.StateRun          state_machine.o
    0x0000470c   0x0000470c   0x00000090   Code   RO          551    i.StateStop         state_machine.o
    0x0000479c   0x0000479c   0x00000002   Code   RO          344    i.SysTick_Handler   interrupt.o
    0x0000479e   0x0000479e   0x00000002   PAD
    0x000047a0   0x000047a0   0x000000fc   Code   RO          552    i.Sys_State_Machine  state_machine.o
    0x0000489c   0x0000489c   0x00000008   Code   RO          186    i.SystemInit        hardware_init.o
    0x000048a4   0x000048a4   0x000000d4   Code   RO         2432    i.TIM_TimerCmd      lks32mc08x_tim.o
    0x00004978   0x00004978   0x00000144   Code   RO         2433    i.TIM_TimerInit     lks32mc08x_tim.o
    0x00004abc   0x00004abc   0x00000028   Code   RO         2434    i.TIM_TimerStrutInit  lks32mc08x_tim.o
    0x00004ae4   0x00004ae4   0x00000088   Code   RO          505    i.Task_Scheduler    task_scheduler.o
    0x00004b6c   0x00004b6c   0x0000003c   Code   RO         2585    i.TempSensor_Init   lks32mc08x_tmp.o
    0x00004ba8   0x00004ba8   0x00000030   Code   RO          952    i.Trig_Functions    mc_math.o
    0x00004bd8   0x00004bd8   0x00000002   Code   RO          345    i.UART0_IRQHandler  interrupt.o
    0x00004bda   0x00004bda   0x00000002   Code   RO          346    i.UART1_IRQHandler  interrupt.o
    0x00004bdc   0x00004bdc   0x00000104   Code   RO         2524    i.UART_Init         lks32mc08x_uart.o
    0x00004ce0   0x00004ce0   0x0000001e   Code   RO         2529    i.UART_StructInit   lks32mc08x_uart.o
    0x00004cfe   0x00004cfe   0x00000002   PAD
    0x00004d00   0x00004d00   0x0000002c   Code   RO          189    i.UART_init         hardware_init.o
    0x00004d2c   0x00004d2c   0x00000030   Code   RO          347    i.UTIMER0_IRQHandler  interrupt.o
    0x00004d5c   0x00004d5c   0x00000002   Code   RO          348    i.UTIMER1_IRQHandler  interrupt.o
    0x00004d5e   0x00004d5e   0x00000002   Code   RO          349    i.UTIMER2_IRQHandler  interrupt.o
    0x00004d60   0x00004d60   0x00000002   Code   RO          350    i.UTIMER3_IRQHandler  interrupt.o
    0x00004d62   0x00004d62   0x00000002   PAD
    0x00004d64   0x00004d64   0x00000050   Code   RO          190    i.UTimer_init       hardware_init.o
    0x00004db4   0x00004db4   0x0000002c   Code   RO          990    i.User2AppAngleTrans  app2core.o
    0x00004de0   0x00004de0   0x0000002c   Code   RO          991    i.User2AppCurTrans  app2core.o
    0x00004e0c   0x00004e0c   0x0000002c   Code   RO          992    i.User2AppFreqTrans  app2core.o
    0x00004e38   0x00004e38   0x00000050   Code   RO          993    i.User2AppVolTrans  app2core.o
    0x00004e88   0x00004e88   0x0000004c   Code   RO         3042    i.VolPulsePwmSet    LKS08x_FluxOBS_Hall_V4p2.lib(lib_ipd.o)
    0x00004ed4   0x00004ed4   0x00000070   Code   RO         2643    i._DoInit           segger_rtt.o
    0x00004f44   0x00004f44   0x0000001c   Code   RO         2644    i._GetAvailWriteSpace  segger_rtt.o
    0x00004f60   0x00004f60   0x00000080   Code   RO         2646    i._WriteBlocking    segger_rtt.o
    0x00004fe0   0x00004fe0   0x0000004a   Code   RO         2647    i._WriteNoCheck     segger_rtt.o
    0x0000502a   0x0000502a   0x0000002e   Code   RO         3408    i.__ARM_clz         mf_p.l(depilogue.o)
    0x00005058   0x00005058   0x00000030   Code   RO         3032    i.__ARM_common_ll_mulss  LKS08x_FluxOBS_Hall_V4p2.lib(fluxobserve.o)
    0x00005088   0x00005088   0x00000030   Code   RO         3030    i.__ARM_common_ll_muluu  LKS08x_FluxOBS_Hall_V4p2.lib(fluxobserve.o)
    0x000050b8   0x000050b8   0x0000001a   Code   RO         2902    i.__ARM_common_switch8  LKS08x_FluxOBS_Hall_V4p2.lib(lib_svpwm.o)
    0x000050d2   0x000050d2   0x00000002   PAD
    0x000050d4   0x000050d4   0x00000018   Code   RO         2290    i.__NVIC_ClearPendingIRQ  lks32mc08x_sys.o
    0x000050ec   0x000050ec   0x00000020   Code   RO         2291    i.__NVIC_DisableIRQ  lks32mc08x_sys.o
    0x0000510c   0x0000510c   0x00000020   Code   RO          191    i.__NVIC_EnableIRQ  hardware_init.o
    0x0000512c   0x0000512c   0x00000078   Code   RO          192    i.__NVIC_SetPriority  hardware_init.o
    0x000051a4   0x000051a4   0x00000078   Code   RO         2292    i.__NVIC_SetPriority  lks32mc08x_sys.o
    0x0000521c   0x0000521c   0x0000000e   Code   RO         3413    i.__scatterload_copy  mc_p.l(handlers.o)
    0x0000522a   0x0000522a   0x00000002   Code   RO         3414    i.__scatterload_null  mc_p.l(handlers.o)
    0x0000522c   0x0000522c   0x0000000e   Code   RO         3415    i.__scatterload_zeroinit  mc_p.l(handlers.o)
    0x0000523a   0x0000523a   0x00000012   Code   RO         2859    i.lowPass_filter    LKS08x_FluxOBS_Hall_V4p2.lib(lib_svpwm.o)
    0x0000524c   0x0000524c   0x00000010   Code   RO          931    i.main              main.o
    0x0000525c   0x0000525c   0x0000002c   Code   RO         3043    i.soft_Trg_ADC      LKS08x_FluxOBS_Hall_V4p2.lib(lib_ipd.o)
    0x00005288   0x00005288   0x00000030   Code   RO          467    i.sys_init          system_init.o
    0x000052b8   0x000052b8   0x0000006c   Data   RO            4    .constdata          global_variable.o
    0x00005324   0x00005324   0x00000220   Data   RO         2860    .constdata          LKS08x_FluxOBS_Hall_V4p2.lib(lib_svpwm.o)
    0x00005544   0x00005544   0x00000020   Data   RO         3412    Region$$Table       anon$$obj.o


    Execution Region RW_IRAM1 (Exec base: 0x20000000, Load base: 0x00005564, Size: 0x00001578, Max: 0x00002000, ABSOLUTE)

    Exec Addr    Load Addr    Size         Type   Attr      Idx    E Section Name        Object

    0x20000000   0x00005564   0x00000006   Data   RW            5    .data               global_variable.o
    0x20000006   0x0000556a   0x00000006   Data   RW          351    .data               interrupt.o
    0x2000000c   0x00005570   0x00000004   Data   RW          554    .data               state_machine.o
    0x20000010   0x00005574   0x0000000a   Data   RW          701    .data               fault_detection.o
    0x2000001a   0x0000557e   0x00000002   Data   RW         1084    .data               foc_drive.o
    0x2000001c   0x00005580   0x00000004   Data   RW         2586    .data               lks32mc08x_tmp.o
    0x20000020   0x00005584   0x00000048   Data   RW         2975    .data               LKS08x_FluxOBS_Hall_V4p2.lib(fluxobserve.o)
    0x20000068   0x000055cc   0x00000010   Data   RW         3112    .data               LKS08x_FluxOBS_Hall_V4p2.lib(onthefly.o)
    0x20000078        -       0x0000037c   Zero   RW            3    .bss                global_variable.o
    0x200003f4        -       0x00000012   Zero   RW          553    .bss                state_machine.o
    0x20000406   0x000055dc   0x00000002   PAD
    0x20000408        -       0x0000008a   Zero   RW          700    .bss                fault_detection.o
    0x20000492   0x000055dc   0x00000006   PAD
    0x20000498        -       0x0000006c   Zero   RW          829    .bss                powercalculation.o
    0x20000504        -       0x0000004c   Zero   RW         1286    .bss                bemf_check0824.o
    0x20000550        -       0x00000cbc   Zero   RW         2648    .bss                segger_rtt.o
    0x2000120c        -       0x00000068   Zero   RW         2974    .bss                LKS08x_FluxOBS_Hall_V4p2.lib(fluxobserve.o)
    0x20001274   0x000055dc   0x00000004   PAD
    0x20001278        -       0x00000300   Zero   RW         2611    STACK               startup_lks32mc08x.o


==============================================================================

Image component sizes


      Code (inc. data)   RO Data    RW Data    ZI Data      Debug   Object Name

       260         52          0          0          0       3514   app2core.o
       884        106          0          0         76      13538   bemf_check0824.o
      1040        142          0         10        138       5971   fault_detection.o
       812         94          0          2          0       9608   foc_drive.o
         0          0        108          6        892      65462   global_variable.o
      1528        142          0          0          0      20305   hardware_init.o
       424         70          0          6          0       8432   interrupt.o
       438          8          0          0          0       2484   lks32mc08x_adc.o
       342         14          0          0          0       1644   lks32mc08x_cmp.o
       562         28          0          0          0       4613   lks32mc08x_gpio.o
       104          8          0          0          0       1594   lks32mc08x_hall.o
       810         34          0          0          0       6537   lks32mc08x_mcpwm.o
       648         80          0          0          0      14220   lks32mc08x_sys.o
       576          8          0          0          0       2628   lks32mc08x_tim.o
        60         14          0          4          0        852   lks32mc08x_tmp.o
       290         22          0          0          0       1894   lks32mc08x_uart.o
        16          0          0          0          0        471   main.o
        48          6          0          0          0        597   mc_math.o
        68          0          0          0          0       1137   pid_regulators.o
       128          0          0          0        108       3123   powercalculation.o
       128          0          0          0          0       1590   process_control.o
       694         54          0          0       3260       9150   segger_rtt.o
       616         44          0          0          0       2178   signalchain_sample.o
        40         14        192          0        768        688   startup_lks32mc08x.o
      3520        410          0          4         18      13565   state_machine.o
       408         52          0          0          0       1908   system_init.o
       136         18          0          0          0       2305   task_scheduler.o

    ----------------------------------------------------------------------
     14606       1420        332         32       5268     200008   Object Totals
         0          0         32          0          0          0   (incl. Generated)
        26          0          0          0          8          0   (incl. Padding)

    ----------------------------------------------------------------------

      Code (inc. data)   RO Data    RW Data    ZI Data      Debug   Library Member Name

      2544        222          0         72        104       8947   fluxobserve.o
       674         92          0          0          0       3722   lib_ipd.o
         0          0          0          0          0       2276   lib_mc_hall.o
       808         20        544          0          0      17072   lib_svpwm.o
       232         32          0         16          0       1386   onthefly.o
        60         10          0          0          0        712   lks32mc08x_nvr.o
         0          0          0          0          0          0   entry.o
         0          0          0          0          0          0   entry10a.o
         0          0          0          0          0          0   entry11a.o
         4          0          0          0          0          0   entry12b.o
         8          4          0          0          0          0   entry2.o
         4          0          0          0          0          0   entry5.o
         0          0          0          0          0          0   entry7b.o
         0          0          0          0          0          0   entry8b.o
         8          4          0          0          0          0   entry9a.o
        30          0          0          0          0          0   handlers.o
        40          0          0          0          0         72   idiv.o
        36          8          0          0          0         68   init.o
         0          0          0          0          0          0   iusefp.o
        76          0          0          0          0         76   ldiv.o
       122          0          0          0          0         84   llmul.o
        32          0          0          0          0         68   llshl.o
        38          0          0          0          0         68   llsshr.o
        34          0          0          0          0         68   llushr.o
        36          0          0          0          0         60   memcpya.o
        36          0          0          0          0        100   memseta.o
        18          0          0          0          0         60   strcpy.o
        44          0          0          0          0         72   uidiv.o
        96          0          0          0          0         84   uldiv.o
       240          6          0          0          0         84   ddiv.o
       236          0          0          0          0        216   depilogue.o
        72         10          0          0          0         72   dfixi.o
        60         10          0          0          0         68   dfixui.o
        44          6          0          0          0         72   dfltl.o
        28          4          0          0          0         68   dfltui.o
       208          6          0          0          0         88   dmul.o
        40          0          0          0          0         60   f2d.o
       124          0          0          0          0         72   fdiv.o
       130          0          0          0          0        144   fepilogue.o
        50          0          0          0          0         60   ffixi.o
        22          0          0          0          0         68   fflti.o
        14          0          0          0          0         68   ffltui.o
       122          0          0          0          0         72   fmul.o

    ----------------------------------------------------------------------
      6378        434        544         88        108      36207   Library Totals
         8          0          0          0          4          0   (incl. Padding)

    ----------------------------------------------------------------------

      Code (inc. data)   RO Data    RW Data    ZI Data      Debug   Library Name

      4258        366        544         88        104      33403   LKS08x_FluxOBS_Hall_V4p2.lib
        60         10          0          0          0        712   lks32mc08x_nvr.lib
       662         16          0          0          0        880   mc_p.l
      1390         42          0          0          0       1212   mf_p.l

    ----------------------------------------------------------------------
      6378        434        544         88        108      36207   Library Totals

    ----------------------------------------------------------------------

==============================================================================


      Code (inc. data)   RO Data    RW Data    ZI Data      Debug   

     20984       1854        876        120       5376     229239   Grand Totals
     20984       1854        876        120       5376     229239   ELF Image Totals
     20984       1854        876        120          0          0   ROM Totals

==============================================================================

    Total RO  Size (Code + RO Data)                21860 (  21.35kB)
    Total RW  Size (RW Data + ZI Data)              5496 (   5.37kB)
    Total ROM Size (Code + RO Data + RW Data)      21980 (  21.46kB)

==============================================================================

