Component: ARM Compiler 5.06 update 7 (build 960) Tool: armlink [4d3601]

==============================================================================

Section Cross References

    hardware_init.o(i.ADC0_init) refers to lks32mc08x_adc.o(i.ADC_StructInit) for ADC_StructInit
    hardware_init.o(i.ADC0_init) refers to lks32mc08x_adc.o(i.ADC_Init) for ADC_Init
    hardware_init.o(i.ADC0_init) refers to signalchain_sample.o(i.ADC_NormalModeCFG) for ADC_NormalModeCFG
    hardware_init.o(i.CMP_init) refers to lks32mc08x_cmp.o(i.CMP_StructInit) for CMP_StructInit
    hardware_init.o(i.CMP_init) refers to lks32mc08x_cmp.o(i.CMP_Init) for CMP_Init
    hardware_init.o(i.Clock_Init) refers to lks32mc08x_sys.o(i.SYS_VolSelModule) for SYS_VolSelModule
    hardware_init.o(i.Clock_Init) refers to hardware_init.o(i.SoftDelay) for SoftDelay
    hardware_init.o(i.DAC_init) refers to lks32mc08x_sys.o(i.SYS_AnalogModuleClockCmd) for SYS_AnalogModuleClockCmd
    hardware_init.o(i.DAC_init) refers to lks32mc08x_nvr.o(i.Read_Trim) for Read_Trim
    hardware_init.o(i.DebugPWM_OutputFunction) refers to lks32mc08x_mcpwm.o(i.PWMOutputs) for PWMOutputs
    hardware_init.o(i.GPIO_init) refers to lks32mc08x_gpio.o(i.GPIO_StructInit) for GPIO_StructInit
    hardware_init.o(i.GPIO_init) refers to lks32mc08x_gpio.o(i.GPIO_Init) for GPIO_Init
    hardware_init.o(i.GPIO_init) refers to lks32mc08x_gpio.o(i.GPIO_PinAFConfig) for GPIO_PinAFConfig
    hardware_init.o(i.HALL_Perip_init) refers to lks32mc08x_hall.o(i.HALL_StructInit) for HALL_StructInit
    hardware_init.o(i.HALL_Perip_init) refers to lks32mc08x_hall.o(i.HALL_Init) for HALL_Init
    hardware_init.o(i.Hardware_init) refers to lks32mc08x_sys.o(i.DSP_Init) for DSP_Init
    hardware_init.o(i.Hardware_init) refers to hardware_init.o(i.UART_init) for UART_init
    hardware_init.o(i.Hardware_init) refers to hardware_init.o(i.ADC0_init) for ADC0_init
    hardware_init.o(i.Hardware_init) refers to hardware_init.o(i.MCPWM_init) for MCPWM_init
    hardware_init.o(i.Hardware_init) refers to hardware_init.o(i.UTimer_init) for UTimer_init
    hardware_init.o(i.Hardware_init) refers to hardware_init.o(i.GPIO_init) for GPIO_init
    hardware_init.o(i.Hardware_init) refers to hardware_init.o(i.DAC_init) for DAC_init
    hardware_init.o(i.Hardware_init) refers to hardware_init.o(i.PGA_init) for PGA_init
    hardware_init.o(i.Hardware_init) refers to hardware_init.o(i.CMP_init) for CMP_init
    hardware_init.o(i.Hardware_init) refers to hardware_init.o(i.HALL_Perip_init) for HALL_Perip_init
    hardware_init.o(i.Hardware_init) refers to lks32mc08x_tmp.o(i.TempSensor_Init) for TempSensor_Init
    hardware_init.o(i.Hardware_init) refers to hardware_init.o(i.SoftDelay) for SoftDelay
    hardware_init.o(i.Hardware_init) refers to hardware_init.o(i.__NVIC_SetPriority) for __NVIC_SetPriority
    hardware_init.o(i.Hardware_init) refers to hardware_init.o(i.__NVIC_EnableIRQ) for __NVIC_EnableIRQ
    hardware_init.o(i.Hardware_init) refers to segger_rtt.o(i.SEGGER_RTT_ConfigUpBuffer) for SEGGER_RTT_ConfigUpBuffer
    hardware_init.o(i.Hardware_init) refers to lks32mc08x_sys.o(i.SYS_VolSelModuleEnableIRQ) for SYS_VolSelModuleEnableIRQ
    hardware_init.o(i.Hardware_init) refers to segger_rtt.o(.bss) for bRttBuf
    hardware_init.o(i.MCPWM0_RegUpdate) refers to global_variable.o(.bss) for struFOC_CurrLoop
    hardware_init.o(i.MCPWM_init) refers to lks32mc08x_mcpwm.o(i.MCPWM_StructInit) for MCPWM_StructInit
    hardware_init.o(i.MCPWM_init) refers to lks32mc08x_mcpwm.o(i.MCPWM_Init) for MCPWM_Init
    hardware_init.o(i.MCPWM_init) refers to global_variable.o(.bss) for mIPD_CtrProc
    hardware_init.o(i.PGA_init) refers to lks32mc08x_sys.o(i.SYS_AnalogModuleClockCmd) for SYS_AnalogModuleClockCmd
    hardware_init.o(i.Reg_Reset) refers to hardware_init.o(i.Reg_Clr) for Reg_Clr
    hardware_init.o(i.SystemInit) refers to hardware_init.o(i.Clock_Init) for Clock_Init
    hardware_init.o(i.UART_init) refers to lks32mc08x_uart.o(i.UART_StructInit) for UART_StructInit
    hardware_init.o(i.UART_init) refers to lks32mc08x_uart.o(i.UART_Init) for UART_Init
    hardware_init.o(i.UTimer_init) refers to lks32mc08x_tim.o(i.TIM_TimerStrutInit) for TIM_TimerStrutInit
    hardware_init.o(i.UTimer_init) refers to lks32mc08x_tim.o(i.TIM_TimerInit) for TIM_TimerInit
    hardware_init.o(i.UTimer_init) refers to lks32mc08x_tim.o(i.TIM_TimerCmd) for TIM_TimerCmd
    interrupt.o(i.ADC0_IRQHandler) refers to mc_hall.o(i.Hall_ElecAnglePWM_Process) for Hall_ElecAnglePWM_Process
    interrupt.o(i.ADC0_IRQHandler) refers to foc_drive.o(i.FOC_Model) for FOC_Model
    interrupt.o(i.ADC0_IRQHandler) refers to fault_detection.o(i.FaultCurrentCheck) for FaultCurrentCheck
    interrupt.o(i.ADC0_IRQHandler) refers to powercalculation.o(i.PowerCalc) for PowerCalc
    interrupt.o(i.ADC0_IRQHandler) refers to fault_detection.o(i.CurrentAmplitudeCalc) for CurrentAmplitudeCalc
[...]
    LKS32MC08x_Periph_Driver\\Source\\lks32mc08x_iwdg.c 0x00000000   Number         0  lks32mc08x_iwdg.o ABSOLUTE
    LKS32MC08x_Periph_Driver\\Source\\lks32mc08x_mcpwm.c 0x00000000   Number         0  lks32mc08x_mcpwm.o ABSOLUTE
    LKS32MC08x_Periph_Driver\\Source\\lks32mc08x_opa.c 0x00000000   Number         0  lks32mc08x_opa.o ABSOLUTE
    LKS32MC08x_Periph_Driver\\Source\\lks32mc08x_spi.c 0x00000000   Number         0  lks32mc08x_spi.o ABSOLUTE
    LKS32MC08x_Periph_Driver\\Source\\lks32mc08x_sys.c 0x00000000   Number         0  lks32mc08x_sys.o ABSOLUTE
    LKS32MC08x_Periph_Driver\\Source\\lks32mc08x_tim.c 0x00000000   Number         0  lks32mc08x_tim.o ABSOLUTE
    LKS32MC08x_Periph_Driver\\Source\\lks32mc08x_tmp.c 0x00000000   Number         0  lks32mc08x_tmp.o ABSOLUTE
    LKS32MC08x_Periph_Driver\\Source\\lks32mc08x_uart.c 0x00000000   Number         0  lks32mc08x_uart.o ABSOLUTE
    SEGGER_RTT\SEGGER_RTT.c                  0x00000000   Number         0  segger_rtt.o ABSOLUTE
    SEGGER_RTT\SEGGER_RTT_printf.c           0x00000000   Number         0  segger_rtt_printf.o ABSOLUTE
    cdcmple.s                                0x00000000   Number         0  cdcmple.o ABSOLUTE
    dc.s                                     0x00000000   Number         0  dc.o ABSOLUTE
    handlers.s                               0x00000000   Number         0  handlers.o ABSOLUTE
    init.s                                   0x00000000   Number         0  init.o ABSOLUTE
    .ARM.Collect$$$$00000000                 0x000000c0   Section        0  entry.o(.ARM.Collect$$$$00000000)
    .ARM.Collect$$$$00000001                 0x000000c0   Section        4  entry2.o(.ARM.Collect$$$$00000001)
    .ARM.Collect$$$$00000004                 0x000000c4   Section        4  entry5.o(.ARM.Collect$$$$00000004)
    .ARM.Collect$$$$00000008                 0x000000c8   Section        0  entry7b.o(.ARM.Collect$$$$00000008)
    .ARM.Collect$$$$0000000A                 0x000000c8   Section        0  entry8b.o(.ARM.Collect$$$$0000000A)
    .ARM.Collect$$$$0000000B                 0x000000c8   Section        8  entry9a.o(.ARM.Collect$$$$0000000B)
    .ARM.Collect$$$$0000000E                 0x000000d0   Section        4  entry12b.o(.ARM.Collect$$$$0000000E)
    .ARM.Collect$$$$0000000F                 0x000000d4   Section        0  entry10a.o(.ARM.Collect$$$$0000000F)
    .ARM.Collect$$$$00000011                 0x000000d4   Section        0  entry11a.o(.ARM.Collect$$$$00000011)
    .ARM.Collect$$$$00002712                 0x000000d4   Section        4  entry2.o(.ARM.Collect$$$$00002712)
    __lit__00000000                          0x000000d4   Data           4  entry2.o(.ARM.Collect$$$$00002712)
    .text                                    0x000000d8   Section       40  startup_lks32mc08x.o(.text)
    .text                                    0x00000100   Section        0  uidiv.o(.text)
    .text                                    0x0000012c   Section        0  idiv.o(.text)
    .text                                    0x00000154   Section        0  uldiv.o(.text)
    .text                                    0x000001b4   Section        0  ldiv.o(.text)
    .text                                    0x00000200   Section        0  llmul.o(.text)
    .text                                    0x0000027a   Section        0  llshl.o(.text)
    .text                                    0x0000029a   Section        0  llsshr.o(.text)
    .text                                    0x000002c0   Section        0  memcpya.o(.text)
    .text                                    0x000002e4   Section        0  memseta.o(.text)
    .text                                    0x00000308   Section        0  strcpy.o(.text)
    .text                                    0x0000031a   Section        0  fmul.o(.text)
    .text                                    0x00000394   Section        0  fdiv.o(.text)
    .text                                    0x00000410   Section        0  dadd.o(.text)
    .text                                    0x00000578   Section        0  dmul.o(.text)
    .text                                    0x00000648   Section        0  ddiv.o(.text)
    .text                                    0x00000738   Section        0  fflti.o(.text)
    .text                                    0x0000074e   Section        0  ffltui.o(.text)
    .text                                    0x0000075c   Section        0  dflti.o(.text)
    .text                                    0x00000784   Section        0  dfltui.o(.text)
    .text                                    0x000007a0   Section        0  dfltl.o(.text)
    .text                                    0x000007cc   Section        0  ffixi.o(.text)
    .text                                    0x00000800   Section        0  dfixi.o(.text)
    .text                                    0x00000848   Section        0  dfixui.o(.text)
    .text                                    0x00000884   Section        0  f2d.o(.text)
    .text                                    0x000008ac   Section       40  cdcmple.o(.text)
    .text                                    0x000008d4   Section        0  d2f.o(.text)
    .text                                    0x0000090c   Section        0  llushr.o(.text)
    .text                                    0x0000092e   Section        0  fepilogue.o(.text)
    .text                                    0x0000092e   Section        0  iusefp.o(.text)
    .text                                    0x000009b0   Section        0  depilogue.o(.text)
    .text                                    0x00000a70   Section       36  init.o(.text)
    i.ADC0_IRQHandler                        0x00000a94   Section        0  interrupt.o(i.ADC0_IRQHandler)
    i.ADC0_init                              0x00000b88   Section        0  hardware_init.o(i.ADC0_init)
    i.ADC_ChannelConfig                      0x00000bd4   Section        0  lks32mc08x_adc.o(i.ADC_ChannelConfig)
    i.ADC_Init                               0x00000c04   Section        0  lks32mc08x_adc.o(i.ADC_Init)
    i.ADC_NormalModeCFG                      0x00000d68   Section        0  signalchain_sample.o(i.ADC_NormalModeCFG)
    i.ADC_StructInit                         0x00000de4   Section        0  lks32mc08x_adc.o(i.ADC_StructInit)
    i.AdcSampleCal                           0x00000e08   Section        0  foc_drive.o(i.AdcSampleCal)
    i.Angle_Init_Process                     0x00000e90   Section        0  mc_hall.o(i.Angle_Init_Process)
    Angle_Init_Process                       0x00000e91   Thumb Code   180  mc_hall.o(i.Angle_Init_Process)
    i.App2CoreCurTrans                       0x00000f48   Section        0  app2core.o(i.App2CoreCurTrans)
    i.App2CoreFreqTrans                      0x00000f60   Section        0  app2core.o(i.App2CoreFreqTrans)
    i.AutoFieldWeakReg                       0x00000f78   Section        0  fluxobserve.o(i.AutoFieldWeakReg)
    i.BemfSwitch                             0x00000f9c   Section        0  bemf_check0824.o(i.BemfSwitch)
    i.Bemf_CheckInit                         0x0000108c   Section        0  bemf_check0824.o(i.Bemf_CheckInit)
    i.Bemf_CheckProcess                      0x00001150   Section        0  bemf_check0824.o(i.Bemf_CheckProcess)
    i.BrakeStateCheck                        0x00001310   Section        0  onthefly.o(i.BrakeStateCheck)
    i.CMP_IRQHandler                         0x00001388   Section        0  interrupt.o(i.CMP_IRQHandler)
    i.CMP_Init                               0x00001404   Section        0  lks32mc08x_cmp.o(i.CMP_Init)
    i.CMP_StructInit                         0x0000154c   Section        0  lks32mc08x_cmp.o(i.CMP_StructInit)
    i.CMP_init                               0x0000155a   Section        0  hardware_init.o(i.CMP_init)
    i.Calc_Atan                              0x000015a0   Section        0  lib_svpwm.o(i.Calc_Atan)
    i.Clock_Init                             0x00001760   Section        0  hardware_init.o(i.Clock_Init)
    i.CurrentAmplitudeCalc                   0x0000179c   Section        0  fault_detection.o(i.CurrentAmplitudeCalc)
    i.CurrentLoopAxisD_Set                   0x0000193c   Section        0  state_machine.o(i.CurrentLoopAxisD_Set)
    i.CurrentLoopAxisQ_Set                   0x000019c4   Section        0  state_machine.o(i.CurrentLoopAxisQ_Set)
    i.CurrentLoopReg                         0x00001a4c   Section        0  foc_drive.o(i.CurrentLoopReg)
    i.CurrentOffsetCalibration               0x00001adc   Section        0  system_init.o(i.CurrentOffsetCalibration)
    i.CurrentPIRegulator                     0x00001c10   Section        0  pid_regulators.o(i.CurrentPIRegulator)
    i.DAC_init                               0x00001c54   Section        0  hardware_init.o(i.DAC_init)
    i.DSP_Init                               0x00001d04   Section        0  lks32mc08x_sys.o(i.DSP_Init)
    i.DcVoltPerUnitCalc                      0x00001d10   Section        0  fluxobserve.o(i.DcVoltPerUnitCalc)
    i.ENCODER0_IRQHandler                    0x00001d50   Section        0  interrupt.o(i.ENCODER0_IRQHandler)
    i.ENCODER1_IRQHandler                    0x00001d52   Section        0  interrupt.o(i.ENCODER1_IRQHandler)
    i.FOC_InitstruParam                      0x00001d54   Section        0  foc_drive.o(i.FOC_InitstruParam)
    i.FOC_Model                              0x00001ddc   Section        0  foc_drive.o(i.FOC_Model)
    i.FWLoopPIReg                            0x00001f70   Section        0  fluxobserve.o(i.FWLoopPIReg)
    i.FaultCheck                             0x00001fb0   Section        0  fault_detection.o(i.FaultCheck)
    i.FaultCurrentCheck                      0x0000200c   Section        0  fault_detection.o(i.FaultCurrentCheck)
    i.FaultInit                              0x00002088   Section        0  fault_detection.o(i.FaultInit)
    i.FaultRecoverInit                       0x000021c0   Section        0  fault_detection.o(i.FaultRecoverInit)
    i.FaultVoltageCheck                      0x0000221c   Section        0  fault_detection.o(i.FaultVoltageCheck)
    i.FindMaxIn3                             0x0000229c   Section        0  lib_ipd.o(i.FindMaxIn3)
    i.FindQNum                               0x000022d6   Section        0  fluxobserve.o(i.FindQNum)
    i.FluxObserveInit                        0x000022f4   Section        0  system_init.o(i.FluxObserveInit)
    i.FluxObserveParaCalc                    0x00002328   Section        0  fluxobserve.o(i.FluxObserveParaCalc)
    i.GPIO_IRQHandler                        0x000027c4   Section        0  interrupt.o(i.GPIO_IRQHandler)
    i.GPIO_Init                              0x000027c6   Section        0  lks32mc08x_gpio.o(i.GPIO_Init)
    i.GPIO_PinAFConfig                       0x000028a8   Section        0  lks32mc08x_gpio.o(i.GPIO_PinAFConfig)
    i.GPIO_StructInit                        0x000029b4   Section        0  lks32mc08x_gpio.o(i.GPIO_StructInit)
    i.GPIO_init                              0x000029c0   Section        0  hardware_init.o(i.GPIO_init)
    i.GetAvrgHallPeriod                      0x00002a78   Section        0  mc_hall.o(i.GetAvrgHallPeriod)
    GetAvrgHallPeriod                        0x00002a79   Thumb Code    94  mc_hall.o(i.GetAvrgHallPeriod)
    i.GetHall_edgeAngle                      0x00002adc   Section        0  lib_mc_hall.o(i.GetHall_edgeAngle)
    i.HALL_IRQHandler                        0x00002d20   Section        0  interrupt.o(i.HALL_IRQHandler)
    i.HALL_IRQProcess                        0x00002d34   Section        0  mc_hall.o(i.HALL_IRQProcess)
    i.HALL_Init                              0x00002e74   Section        0  lks32mc08x_hall.o(i.HALL_Init)
    i.HALL_InitHallMeasure                   0x00002eb8   Section        0  mc_hall.o(i.HALL_InitHallMeasure)
    i.HALL_Init_Electrical_Angle             0x00002fec   Section        0  mc_hall.o(i.HALL_Init_Electrical_Angle)
    i.HALL_Perip_init                        0x000031ac   Section        0  hardware_init.o(i.HALL_Perip_init)
    i.HALL_StructInit                        0x000031dc   Section        0  lks32mc08x_hall.o(i.HALL_StructInit)
    i.Hall_ElecAnglePWM_Process              0x00003200   Section        0  mc_hall.o(i.Hall_ElecAnglePWM_Process)
    i.Hall_learn_Process                     0x00003280   Section        0  mc_hall.o(i.Hall_learn_Process)
    i.Hardware_init                          0x00003320   Section        0  hardware_init.o(i.Hardware_init)
    i.I2C0_IRQHandler                        0x00003404   Section        0  interrupt.o(i.I2C0_IRQHandler)
    i.IPD_AngleCalc                          0x00003408   Section        0  lib_ipd.o(i.IPD_AngleCalc)
    i.IPD_RotorPosEst                        0x000034a0   Section        0  lib_ipd.o(i.IPD_RotorPosEst)
    i.LowPassControl                         0x00003598   Section        0  powercalculation.o(i.LowPassControl)
    i.MCPWM0_RegUpdate                       0x000035c8   Section        0  hardware_init.o(i.MCPWM0_RegUpdate)
    i.MCPWM_Init                             0x00003634   Section        0  lks32mc08x_mcpwm.o(i.MCPWM_Init)
    i.MCPWM_StructInit                       0x00003914   Section        0  lks32mc08x_mcpwm.o(i.MCPWM_StructInit)
    i.MCPWM_init                             0x00003924   Section        0  hardware_init.o(i.MCPWM_init)
    i.ModuCircle_Limitation                  0x000039e8   Section        0  fluxobserve.o(i.ModuCircle_Limitation)
    i.OnTheFlyDetectInit                     0x00003aa8   Section        0  fluxobserve.o(i.OnTheFlyDetectInit)
    i.OnTheFlyDetectPro                      0x00003ab8   Section        0  onthefly.o(i.OnTheFlyDetectPro)
    i.OpenCloseAngleSwitch                   0x00003b28   Section        0  fluxobserve.o(i.OpenCloseAngleSwitch)
    i.OpenLoopCurRamp                        0x00003bbc   Section        0  process_control.o(i.OpenLoopCurRamp)
    i.PGA_init                               0x00003c08   Section        0  hardware_init.o(i.PGA_init)
    i.PWMOutputs                             0x00003c44   Section        0  lks32mc08x_mcpwm.o(i.PWMOutputs)
    i.PWRDN_IRQHandler                       0x00003c80   Section        0  interrupt.o(i.PWRDN_IRQHandler)
    i.PoloEstCurSample                       0x00003c88   Section        0  lib_ipd.o(i.PoloEstCurSample)
    i.PowerCalc                              0x00003ce8   Section        0  powercalculation.o(i.PowerCalc)
    i.ReadHallState                          0x00003d3a   Section        0  mc_hall.o(i.ReadHallState)
    ReadHallState                            0x00003d3b   Thumb Code    18  mc_hall.o(i.ReadHallState)
    i.Read_Trim                              0x00003d4c   Section        0  lks32mc08x_nvr.o(i.Read_Trim)
    i.SEGGER_RTT_ConfigUpBuffer              0x00003d88   Section        0  segger_rtt.o(i.SEGGER_RTT_ConfigUpBuffer)
    i.SEGGER_RTT_Write                       0x00003e1c   Section        0  segger_rtt.o(i.SEGGER_RTT_Write)
    i.SEGGER_RTT_WriteNoLock                 0x00003e64   Section        0  segger_rtt.o(i.SEGGER_RTT_WriteNoLock)
    i.SPI0_IRQHandler                        0x00003ee8   Section        0  interrupt.o(i.SPI0_IRQHandler)
    i.SVPWM_2ShuntGEN                        0x00003eec   Section        0  lib_svpwm.o(i.SVPWM_2ShuntGEN)
    i.SVPWM_2ShuntGetPhaseCurrent            0x00004028   Section        0  signalchain_sample.o(i.SVPWM_2ShuntGetPhaseCurrent)
    i.SYS_AnalogModuleClockCmd               0x00004214   Section        0  lks32mc08x_sys.o(i.SYS_AnalogModuleClockCmd)
    i.SYS_ModuleClockCmd                     0x00004248   Section        0  lks32mc08x_sys.o(i.SYS_ModuleClockCmd)
    i.SYS_VolSelModule                       0x00004278   Section        0  lks32mc08x_sys.o(i.SYS_VolSelModule)
    i.SYS_VolSelModuleEnableIRQ              0x00004304   Section        0  lks32mc08x_sys.o(i.SYS_VolSelModuleEnableIRQ)
    i.SYS_VolSelModuleIRQ                    0x00004340   Section        0  lks32mc08x_sys.o(i.SYS_VolSelModuleIRQ)
    i.SoftDelay                              0x000043c8   Section        0  hardware_init.o(i.SoftDelay)
    i.SoftDelay                              0x000043e0   Section        0  lks32mc08x_sys.o(i.SoftDelay)
    SoftDelay                                0x000043e1   Thumb Code    24  lks32mc08x_sys.o(i.SoftDelay)
    i.SpeedLoopReg                           0x000043f8   Section        0  foc_drive.o(i.SpeedLoopReg)
    i.SpeedLoop_Set                          0x00004440   Section        0  state_machine.o(i.SpeedLoop_Set)
    i.SpeedPIRegulator                       0x0000447a   Section        0  pid_regulators.o(i.SpeedPIRegulator)
    i.SpeedReferenceGen                      0x0000456e   Section        0  process_control.o(i.SpeedReferenceGen)
    i.StateAlign                             0x000045a4   Section        0  state_machine.o(i.StateAlign)
    i.StateBemfDirCheck                      0x00004650   Section        0  state_machine.o(i.StateBemfDirCheck)
    i.StateBemfStop                          0x00004820   Section        0  state_machine.o(i.StateBemfStop)
    i.StateCharge                            0x00004880   Section        0  state_machine.o(i.StateCharge)
    i.StateDirCheck                          0x00004a2c   Section        0  state_machine.o(i.StateDirCheck)
    i.StateFault                             0x00004b8c   Section        0  state_machine.o(i.StateFault)
    i.StateHallRun                           0x00004ba0   Section        0  state_machine.o(i.StateHallRun)
    i.StateInit                              0x00004cb0   Section        0  state_machine.o(i.StateInit)
    i.StateOpen                              0x00004f40   Section        0  state_machine.o(i.StateOpen)
    i.StatePosSeek                           0x000050c8   Section        0  state_machine.o(i.StatePosSeek)
    i.StateRun                               0x00005158   Section        0  state_machine.o(i.StateRun)
    i.StateStop                              0x00005308   Section        0  state_machine.o(i.StateStop)
    i.StopMotorImmdly                        0x00005398   Section        0  foc_drive.o(i.StopMotorImmdly)
    i.SysTick_Handler                        0x0000539a   Section        0  interrupt.o(i.SysTick_Handler)
    i.Sys_State_Machine                      0x0000539c   Section        0  state_machine.o(i.Sys_State_Machine)
    i.SystemInit                             0x000054b8   Section        0  hardware_init.o(i.SystemInit)
    i.TIM_TimerCmd                           0x000054c0   Section        0  lks32mc08x_tim.o(i.TIM_TimerCmd)
    i.TIM_TimerInit                          0x00005594   Section        0  lks32mc08x_tim.o(i.TIM_TimerInit)
    i.TIM_TimerStrutInit                     0x000056d8   Section        0  lks32mc08x_tim.o(i.TIM_TimerStrutInit)
    i.Task_Scheduler                         0x00005700   Section        0  task_scheduler.o(i.Task_Scheduler)
    i.TempSensor_Init                        0x000057a0   Section        0  lks32mc08x_tmp.o(i.TempSensor_Init)
    i.Trig_Functions                         0x000057dc   Section        0  mc_math.o(i.Trig_Functions)
    i.UART0_IRQHandler                       0x0000580c   Section        0  interrupt.o(i.UART0_IRQHandler)
    i.UART1_IRQHandler                       0x0000580e   Section        0  interrupt.o(i.UART1_IRQHandler)
    i.UART_Init                              0x00005810   Section        0  lks32mc08x_uart.o(i.UART_Init)
    i.UART_StructInit                        0x00005914   Section        0  lks32mc08x_uart.o(i.UART_StructInit)
    i.UART_init                              0x00005934   Section        0  hardware_init.o(i.UART_init)
    i.UTIMER0_IRQHandler                     0x00005960   Section        0  interrupt.o(i.UTIMER0_IRQHandler)
    i.UTIMER1_IRQHandler                     0x00005990   Section        0  interrupt.o(i.UTIMER1_IRQHandler)
    i.UTIMER2_IRQHandler                     0x00005992   Section        0  interrupt.o(i.UTIMER2_IRQHandler)
    i.UTIMER3_IRQHandler                     0x00005994   Section        0  interrupt.o(i.UTIMER3_IRQHandler)
    i.UTimer_init                            0x00005998   Section        0  hardware_init.o(i.UTimer_init)
    i.User2AppAngleTrans                     0x000059e8   Section        0  app2core.o(i.User2AppAngleTrans)
    i.User2AppCurTrans                       0x00005a14   Section        0  app2core.o(i.User2AppCurTrans)
    i.User2AppFreqTrans                      0x00005a40   Section        0  app2core.o(i.User2AppFreqTrans)
    i.User2AppVolTrans                       0x00005a6c   Section        0  app2core.o(i.User2AppVolTrans)
    i.Verify_Hall_State                      0x00005abc   Section        0  mc_hall.o(i.Verify_Hall_State)
    i.VolPulsePwmSet                         0x00005c94   Section        0  lib_ipd.o(i.VolPulsePwmSet)
    i.VspSpeedScan                           0x00005ce0   Section        0  speedscan.o(i.VspSpeedScan)
    i._DoInit                                0x00005df8   Section        0  segger_rtt.o(i._DoInit)
    _DoInit                                  0x00005df9   Thumb Code    74  segger_rtt.o(i._DoInit)
    i._GetAvailWriteSpace                    0x00005e68   Section        0  segger_rtt.o(i._GetAvailWriteSpace)
    _GetAvailWriteSpace                      0x00005e69   Thumb Code    28  segger_rtt.o(i._GetAvailWriteSpace)
    i._WriteBlocking                         0x00005e84   Section        0  segger_rtt.o(i._WriteBlocking)
    _WriteBlocking                           0x00005e85   Thumb Code   128  segger_rtt.o(i._WriteBlocking)
    i._WriteNoCheck                          0x00005f04   Section        0  segger_rtt.o(i._WriteNoCheck)
    _WriteNoCheck                            0x00005f05   Thumb Code    74  segger_rtt.o(i._WriteNoCheck)
    i.__ARM_clz                              0x00005f4e   Section        0  depilogue.o(i.__ARM_clz)
    i.__ARM_common_ll_mulss                  0x00005f7c   Section        0  fluxobserve.o(i.__ARM_common_ll_mulss)
    i.__ARM_common_ll_muluu                  0x00005fac   Section        0  fluxobserve.o(i.__ARM_common_ll_muluu)
    i.__ARM_common_switch8                   0x00005fdc   Section        0  lib_svpwm.o(i.__ARM_common_switch8)
    i.__NVIC_ClearPendingIRQ                 0x00005ff8   Section        0  lks32mc08x_sys.o(i.__NVIC_ClearPendingIRQ)
    __NVIC_ClearPendingIRQ                   0x00005ff9   Thumb Code    18  lks32mc08x_sys.o(i.__NVIC_ClearPendingIRQ)
    i.__NVIC_DisableIRQ                      0x00006010   Section        0  lks32mc08x_sys.o(i.__NVIC_DisableIRQ)
    __NVIC_DisableIRQ                        0x00006011   Thumb Code    26  lks32mc08x_sys.o(i.__NVIC_DisableIRQ)
    i.__NVIC_EnableIRQ                       0x00006030   Section        0  hardware_init.o(i.__NVIC_EnableIRQ)
    __NVIC_EnableIRQ                         0x00006031   Thumb Code    26  hardware_init.o(i.__NVIC_EnableIRQ)
    i.__NVIC_SetPriority                     0x00006050   Section        0  hardware_init.o(i.__NVIC_SetPriority)
    __NVIC_SetPriority                       0x00006051   Thumb Code   110  hardware_init.o(i.__NVIC_SetPriority)
    i.__NVIC_SetPriority                     0x000060c8   Section        0  lks32mc08x_sys.o(i.__NVIC_SetPriority)
    __NVIC_SetPriority                       0x000060c9   Thumb Code   110  lks32mc08x_sys.o(i.__NVIC_SetPriority)
    i.__scatterload_copy                     0x00006140   Section       14  handlers.o(i.__scatterload_copy)
    i.__scatterload_null                     0x0000614e   Section        2  handlers.o(i.__scatterload_null)
    i.__scatterload_zeroinit                 0x00006150   Section       14  handlers.o(i.__scatterload_zeroinit)
    i.calc_first_ElectAngle                  0x00006160   Section        0  lib_mc_hall.o(i.calc_first_ElectAngle)
    i.check_hall_state                       0x000061f4   Section        0  lib_mc_hall.o(i.check_hall_state)
    i.closeLoopAnglePLL                      0x0000654c   Section        0  lib_mc_hall.o(i.closeLoopAnglePLL)
    i.closeLoopAnglePLLInit                  0x000065b4   Section        0  lib_mc_hall.o(i.closeLoopAnglePLLInit)
    i.hall_comm_VariableInit                 0x000066bc   Section        0  mc_hall.o(i.hall_comm_VariableInit)
    i.hall_repare_process                    0x0000681c   Section        0  lib_mc_hall.o(i.hall_repare_process)
    i.learn_hall_proc                        0x00006900   Section        0  lib_mc_hall.o(i.learn_hall_proc)
    i.lowPass_filter                         0x00006a84   Section        0  lib_svpwm.o(i.lowPass_filter)
    i.main                                   0x00006a96   Section        0  main.o(i.main)
    i.reduceToqueAnglePll                    0x00006aa6   Section        0  lib_mc_hall.o(i.reduceToqueAnglePll)
    i.soft_Trg_ADC                           0x00006ad0   Section        0  lib_ipd.o(i.soft_Trg_ADC)
    i.sys_init                               0x00006afc   Section        0  system_init.o(i.sys_init)
    .constdata                               0x00006b40   Section      108  global_variable.o(.constdata)
    .constdata                               0x00006bac   Section       48  mc_hall.o(.constdata)
    .constdata                               0x00006bdc   Section      544  lib_svpwm.o(.constdata)
    .data                                    0x20000000   Section        6  global_variable.o(.data)
    .data                                    0x20000006   Section        6  interrupt.o(.data)
    .data                                    0x2000000c   Section       10  fault_detection.o(.data)
    t_nFlagCheck                             0x20000014   Data           2  fault_detection.o(.data)
    .data                                    0x20000016   Section        2  foc_drive.o(.data)
    .data                                    0x20000018   Section        4  lks32mc08x_tmp.o(.data)
    .data                                    0x2000001c   Section       72  fluxobserve.o(.data)
    motorControlFlag                         0x2000001c   Data           1  fluxobserve.o(.data)
    iMarsWeEst                               0x2000003c   Data           4  fluxobserve.o(.data)
    s32_udc_filt                             0x20000040   Data           4  fluxobserve.o(.data)
    iStatorSynDFedbak                        0x20000044   Data           4  fluxobserve.o(.data)
    iStatorSynQFedbak                        0x20000048   Data           4  fluxobserve.o(.data)
    .data                                    0x20000064   Section       16  onthefly.o(.data)
    sDppAccCnt                               0x20000064   Data           1  onthefly.o(.data)
    s32MotorCurrentMagfilt                   0x20000068   Data           4  onthefly.o(.data)
    s32MotorCurrentMagfilt1                  0x2000006c   Data           4  onthefly.o(.data)
    s32MotorCurrentMagDifAvg                 0x20000070   Data           4  onthefly.o(.data)
    .data                                    0x20000074   Section        6  lib_mc_hall.o(.data)
    s_Learn_hallStep                         0x20000074   Data           1  lib_mc_hall.o(.data)
    tErrCnt                                  0x20000076   Data           2  lib_mc_hall.o(.data)
    .bss                                     0x20000080   Section      892  global_variable.o(.bss)
    .bss                                     0x200003fc   Section       18  state_machine.o(.bss)
    .bss                                     0x20000410   Section      138  fault_detection.o(.bss)
    .bss                                     0x200004a0   Section      108  powercalculation.o(.bss)
    .bss                                     0x2000050c   Section       76  bemf_check0824.o(.bss)
    .bss                                     0x20000558   Section     3260  segger_rtt.o(.bss)
    _acUpBuffer                              0x20000e04   Data        1024  segger_rtt.o(.bss)
    _acDownBuffer                            0x20001204   Data          16  segger_rtt.o(.bss)
    .bss                                     0x20001214   Section      104  fluxobserve.o(.bss)
    STACK                                    0x20001280   Section      768  startup_lks32mc08x.o(STACK)

    Global Symbols

    Symbol Name                              Value     Ov Type        Size  Object(Section)

    BuildAttributes$$THM_ISAv3M$S$PE$A:L22$X:L11$S22$IEEE1$IW$USESV6$~STKCKD$USESV7$~SHL$OTIME$ROPI$EBA8$MICROLIB$REQ8$PRES8$EABIv2 0x00000000   Number         0  anon$$obj.o ABSOLUTE
    __ARM_use_no_argv                        0x00000000   Number         0  main.o ABSOLUTE
    __Vectors                                0x00000000   Data           4  startup_lks32mc08x.o(RESET)
    __arm_fini_                               - Undefined Weak Reference
    __cpp_initialize__aeabi_                  - Undefined Weak Reference
    __cxa_finalize                            - Undefined Weak Reference
    __decompress                              - Undefined Weak Reference
    _clock_init                               - Undefined Weak Reference
    _microlib_exit                            - Undefined Weak Reference
    __Vectors_End                            0x000000c0   Data           0  startup_lks32mc08x.o(RESET)
    __Vectors_Size                           0x000000c0   Number         0  startup_lks32mc08x.o ABSOLUTE
    __main                                   0x000000c1   Thumb Code     0  entry.o(.ARM.Collect$$$$00000000)
    _main_stk                                0x000000c1   Thumb Code     0  entry2.o(.ARM.Collect$$$$00000001)
    _main_scatterload                        0x000000c5   Thumb Code     0  entry5.o(.ARM.Collect$$$$00000004)
    __main_after_scatterload                 0x000000c9   Thumb Code     0  entry5.o(.ARM.Collect$$$$00000004)
    _main_clock                              0x000000c9   Thumb Code     0  entry7b.o(.ARM.Collect$$$$00000008)
    _main_cpp_init                           0x000000c9   Thumb Code     0  entry8b.o(.ARM.Collect$$$$0000000A)
    _main_init                               0x000000c9   Thumb Code     0  entry9a.o(.ARM.Collect$$$$0000000B)
    __rt_lib_shutdown_fini                   0x000000d1   Thumb Code     0  entry12b.o(.ARM.Collect$$$$0000000E)
    __rt_final_cpp                           0x000000d5   Thumb Code     0  entry10a.o(.ARM.Collect$$$$0000000F)
    __rt_final_exit                          0x000000d5   Thumb Code     0  entry11a.o(.ARM.Collect$$$$00000011)
    Reset_Handler                            0x000000d9   Thumb Code    14  startup_lks32mc08x.o(.text)
    NMI_Handler                              0x000000e7   Thumb Code     2  startup_lks32mc08x.o(.text)
    HardFault_Handler                        0x000000e9   Thumb Code     2  startup_lks32mc08x.o(.text)
    SVC_Handler                              0x000000eb   Thumb Code     2  startup_lks32mc08x.o(.text)
    PendSV_Handler                           0x000000ed   Thumb Code     2  startup_lks32mc08x.o(.text)
    CAN_IRQHandler                           0x000000f1   Thumb Code     0  startup_lks32mc08x.o(.text)
    DMA_IRQHandler                           0x000000f1   Thumb Code     0  startup_lks32mc08x.o(.text)
    DSP_IRQHandler                           0x000000f1   Thumb Code     0  startup_lks32mc08x.o(.text)
    MCPWM_IRQHandler                         0x000000f1   Thumb Code     0  startup_lks32mc08x.o(.text)
    SIF_IRQHandler                           0x000000f1   Thumb Code     0  startup_lks32mc08x.o(.text)
    WAKE_IRQHandler                          0x000000f1   Thumb Code     0  startup_lks32mc08x.o(.text)
    __aeabi_uidiv                            0x00000101   Thumb Code     0  uidiv.o(.text)
    __aeabi_uidivmod                         0x00000101   Thumb Code    44  uidiv.o(.text)
    __aeabi_idiv                             0x0000012d   Thumb Code     0  idiv.o(.text)
    __aeabi_idivmod                          0x0000012d   Thumb Code    40  idiv.o(.text)
    __aeabi_uldivmod                         0x00000155   Thumb Code    96  uldiv.o(.text)
    __aeabi_ldivmod                          0x000001b5   Thumb Code    76  ldiv.o(.text)
    __aeabi_lmul                             0x00000201   Thumb Code   122  llmul.o(.text)
    _ll_mul                                  0x00000201   Thumb Code     0  llmul.o(.text)
    __aeabi_llsl                             0x0000027b   Thumb Code    32  llshl.o(.text)
    _ll_shift_l                              0x0000027b   Thumb Code     0  llshl.o(.text)
    __aeabi_lasr                             0x0000029b   Thumb Code    38  llsshr.o(.text)
    _ll_sshift_r                             0x0000029b   Thumb Code     0  llsshr.o(.text)
    __aeabi_memcpy                           0x000002c1   Thumb Code    36  memcpya.o(.text)
    __aeabi_memcpy4                          0x000002c1   Thumb Code     0  memcpya.o(.text)
    __aeabi_memcpy8                          0x000002c1   Thumb Code     0  memcpya.o(.text)
    __aeabi_memset                           0x000002e5   Thumb Code    14  memseta.o(.text)
    __aeabi_memset4                          0x000002e5   Thumb Code     0  memseta.o(.text)
    __aeabi_memset8                          0x000002e5   Thumb Code     0  memseta.o(.text)
    __aeabi_memclr                           0x000002f3   Thumb Code     4  memseta.o(.text)
    __aeabi_memclr4                          0x000002f3   Thumb Code     0  memseta.o(.text)
    __aeabi_memclr8                          0x000002f3   Thumb Code     0  memseta.o(.text)
    _memset$wrapper                          0x000002f7   Thumb Code    18  memseta.o(.text)
    strcpy                                   0x00000309   Thumb Code    18  strcpy.o(.text)
    __aeabi_fmul                             0x0000031b   Thumb Code   122  fmul.o(.text)
    __aeabi_fdiv                             0x00000395   Thumb Code   124  fdiv.o(.text)
    __aeabi_dadd                             0x00000411   Thumb Code   330  dadd.o(.text)
    __aeabi_dsub                             0x0000055b   Thumb Code    12  dadd.o(.text)
    __aeabi_drsub                            0x00000567   Thumb Code    12  dadd.o(.text)
    __aeabi_dmul                             0x00000579   Thumb Code   202  dmul.o(.text)
    __aeabi_ddiv                             0x00000649   Thumb Code   234  ddiv.o(.text)
    __aeabi_i2f                              0x00000739   Thumb Code    22  fflti.o(.text)
    __aeabi_ui2f                             0x0000074f   Thumb Code    14  ffltui.o(.text)
    __aeabi_i2d                              0x0000075d   Thumb Code    34  dflti.o(.text)
    __aeabi_ui2d                             0x00000785   Thumb Code    24  dfltui.o(.text)
    __aeabi_l2d                              0x000007a1   Thumb Code    38  dfltl.o(.text)
    __aeabi_f2iz                             0x000007cd   Thumb Code    50  ffixi.o(.text)
    __aeabi_d2iz                             0x00000801   Thumb Code    62  dfixi.o(.text)
    __aeabi_d2uiz                            0x00000849   Thumb Code    50  dfixui.o(.text)
    __aeabi_f2d                              0x00000885   Thumb Code    40  f2d.o(.text)
    __aeabi_cdcmpeq                          0x000008ad   Thumb Code     0  cdcmple.o(.text)
    __aeabi_cdcmple                          0x000008ad   Thumb Code    38  cdcmple.o(.text)
    __aeabi_d2f                              0x000008d5   Thumb Code    56  d2f.o(.text)
    __aeabi_llsr                             0x0000090d   Thumb Code    34  llushr.o(.text)
    _ll_ushift_r                             0x0000090d   Thumb Code     0  llushr.o(.text)
    __I$use$fp                               0x0000092f   Thumb Code     0  iusefp.o(.text)
    _float_round                             0x0000092f   Thumb Code    16  fepilogue.o(.text)
    _float_epilogue                          0x0000093f   Thumb Code   114  fepilogue.o(.text)
    _double_round                            0x000009b1   Thumb Code    26  depilogue.o(.text)
    _double_epilogue                         0x000009cb   Thumb Code   164  depilogue.o(.text)
    __scatterload                            0x00000a71   Thumb Code    28  init.o(.text)
    __scatterload_rt2                        0x00000a71   Thumb Code     0  init.o(.text)
    ADC0_IRQHandler                          0x00000a95   Thumb Code   192  interrupt.o(i.ADC0_IRQHandler)
    ADC0_init                                0x00000b89   Thumb Code    70  hardware_init.o(i.ADC0_init)
    ADC_ChannelConfig                        0x00000bd5   Thumb Code    46  lks32mc08x_adc.o(i.ADC_ChannelConfig)
    ADC_Init                                 0x00000c05   Thumb Code   348  lks32mc08x_adc.o(i.ADC_Init)
    ADC_NormalModeCFG                        0x00000d69   Thumb Code   110  signalchain_sample.o(i.ADC_NormalModeCFG)
    ADC_StructInit                           0x00000de5   Thumb Code    36  lks32mc08x_adc.o(i.ADC_StructInit)
    AdcSampleCal                             0x00000e09   Thumb Code   124  foc_drive.o(i.AdcSampleCal)
    App2CoreCurTrans                         0x00000f49   Thumb Code    18  app2core.o(i.App2CoreCurTrans)
    App2CoreFreqTrans                        0x00000f61   Thumb Code    18  app2core.o(i.App2CoreFreqTrans)
    AutoFieldWeakReg                         0x00000f79   Thumb Code    26  fluxobserve.o(i.AutoFieldWeakReg)
    BemfSwitch                               0x00000f9d   Thumb Code   174  bemf_check0824.o(i.BemfSwitch)
    Bemf_CheckInit                           0x0000108d   Thumb Code   182  bemf_check0824.o(i.Bemf_CheckInit)
    Bemf_CheckProcess                        0x00001151   Thumb Code   422  bemf_check0824.o(i.Bemf_CheckProcess)
    BrakeStateCheck                          0x00001311   Thumb Code   104  onthefly.o(i.BrakeStateCheck)
    CMP_IRQHandler                           0x00001389   Thumb Code   110  interrupt.o(i.CMP_IRQHandler)
    CMP_Init                                 0x00001405   Thumb Code   314  lks32mc08x_cmp.o(i.CMP_Init)
    CMP_StructInit                           0x0000154d   Thumb Code    14  lks32mc08x_cmp.o(i.CMP_StructInit)
    CMP_init                                 0x0000155b   Thumb Code    68  hardware_init.o(i.CMP_init)
    Calc_Atan                                0x000015a1   Thumb Code   434  lib_svpwm.o(i.Calc_Atan)
    Clock_Init                               0x00001761   Thumb Code    48  hardware_init.o(i.Clock_Init)
    CurrentAmplitudeCalc                     0x0000179d   Thumb Code   410  fault_detection.o(i.CurrentAmplitudeCalc)
    CurrentLoopAxisD_Set                     0x0000193d   Thumb Code   126  state_machine.o(i.CurrentLoopAxisD_Set)
    CurrentLoopAxisQ_Set                     0x000019c5   Thumb Code   126  state_machine.o(i.CurrentLoopAxisQ_Set)
    CurrentLoopReg                           0x00001a4d   Thumb Code   138  foc_drive.o(i.CurrentLoopReg)
    CurrentOffsetCalibration                 0x00001add   Thumb Code   282  system_init.o(i.CurrentOffsetCalibration)
    CurrentPIRegulator                       0x00001c11   Thumb Code    68  pid_regulators.o(i.CurrentPIRegulator)
    DAC_init                                 0x00001c55   Thumb Code   168  hardware_init.o(i.DAC_init)
    DSP_Init                                 0x00001d05   Thumb Code    12  lks32mc08x_sys.o(i.DSP_Init)
    DcVoltPerUnitCalc                        0x00001d11   Thumb Code    48  fluxobserve.o(i.DcVoltPerUnitCalc)
    ENCODER0_IRQHandler                      0x00001d51   Thumb Code     2  interrupt.o(i.ENCODER0_IRQHandler)
    ENCODER1_IRQHandler                      0x00001d53   Thumb Code     2  interrupt.o(i.ENCODER1_IRQHandler)
    FOC_InitstruParam                        0x00001d55   Thumb Code   116  foc_drive.o(i.FOC_InitstruParam)
    FOC_Model                                0x00001ddd   Thumb Code   362  foc_drive.o(i.FOC_Model)
    FWLoopPIReg                              0x00001f71   Thumb Code    64  fluxobserve.o(i.FWLoopPIReg)
    FaultCheck                               0x00001fb1   Thumb Code    78  fault_detection.o(i.FaultCheck)
    FaultCurrentCheck                        0x0000200d   Thumb Code   116  fault_detection.o(i.FaultCurrentCheck)
    FaultInit                                0x00002089   Thumb Code   244  fault_detection.o(i.FaultInit)
    FaultRecoverInit                         0x000021c1   Thumb Code    56  fault_detection.o(i.FaultRecoverInit)
    FaultVoltageCheck                        0x0000221d   Thumb Code   118  fault_detection.o(i.FaultVoltageCheck)
    FindMaxIn3                               0x0000229d   Thumb Code    58  lib_ipd.o(i.FindMaxIn3)
    FindQNum                                 0x000022d7   Thumb Code    28  fluxobserve.o(i.FindQNum)
    FluxObserveInit                          0x000022f5   Thumb Code    40  system_init.o(i.FluxObserveInit)
    FluxObserveParaCalc                      0x00002329   Thumb Code  1176  fluxobserve.o(i.FluxObserveParaCalc)
    GPIO_IRQHandler                          0x000027c5   Thumb Code     2  interrupt.o(i.GPIO_IRQHandler)
    GPIO_Init                                0x000027c7   Thumb Code   226  lks32mc08x_gpio.o(i.GPIO_Init)
    GPIO_PinAFConfig                         0x000028a9   Thumb Code   258  lks32mc08x_gpio.o(i.GPIO_PinAFConfig)
    GPIO_StructInit                          0x000029b5   Thumb Code    12  lks32mc08x_gpio.o(i.GPIO_StructInit)
    GPIO_init                                0x000029c1   Thumb Code   180  hardware_init.o(i.GPIO_init)
    GetHall_edgeAngle                        0x00002add   Thumb Code   564  lib_mc_hall.o(i.GetHall_edgeAngle)
    HALL_IRQHandler                          0x00002d21   Thumb Code    12  interrupt.o(i.HALL_IRQHandler)
    HALL_IRQProcess                          0x00002d35   Thumb Code   308  mc_hall.o(i.HALL_IRQProcess)
    HALL_Init                                0x00002e75   Thumb Code    64  lks32mc08x_hall.o(i.HALL_Init)
    HALL_InitHallMeasure                     0x00002eb9   Thumb Code   262  mc_hall.o(i.HALL_InitHallMeasure)
    HALL_Init_Electrical_Angle               0x00002fed   Thumb Code   440  mc_hall.o(i.HALL_Init_Electrical_Angle)
    HALL_Perip_init                          0x000031ad   Thumb Code    42  hardware_init.o(i.HALL_Perip_init)
    HALL_StructInit                          0x000031dd   Thumb Code    32  lks32mc08x_hall.o(i.HALL_StructInit)
    Hall_ElecAnglePWM_Process                0x00003201   Thumb Code   128  mc_hall.o(i.Hall_ElecAnglePWM_Process)
    Hall_learn_Process                       0x00003281   Thumb Code   148  mc_hall.o(i.Hall_learn_Process)
    Hardware_init                            0x00003321   Thumb Code   192  hardware_init.o(i.Hardware_init)
    I2C0_IRQHandler                          0x00003405   Thumb Code     2  interrupt.o(i.I2C0_IRQHandler)
    IPD_AngleCalc                            0x00003409   Thumb Code   134  lib_ipd.o(i.IPD_AngleCalc)
    IPD_RotorPosEst                          0x000034a1   Thumb Code   220  lib_ipd.o(i.IPD_RotorPosEst)
    LowPassControl                           0x00003599   Thumb Code    46  powercalculation.o(i.LowPassControl)
    MCPWM0_RegUpdate                         0x000035c9   Thumb Code    96  hardware_init.o(i.MCPWM0_RegUpdate)
    MCPWM_Init                               0x00003635   Thumb Code   718  lks32mc08x_mcpwm.o(i.MCPWM_Init)
    MCPWM_StructInit                         0x00003915   Thumb Code    14  lks32mc08x_mcpwm.o(i.MCPWM_StructInit)
    MCPWM_init                               0x00003925   Thumb Code   180  hardware_init.o(i.MCPWM_init)
    ModuCircle_Limitation                    0x000039e9   Thumb Code   162  fluxobserve.o(i.ModuCircle_Limitation)
    OnTheFlyDetectInit                       0x00003aa9   Thumb Code    12  fluxobserve.o(i.OnTheFlyDetectInit)
    OnTheFlyDetectPro                        0x00003ab9   Thumb Code    96  onthefly.o(i.OnTheFlyDetectPro)
    OpenCloseAngleSwitch                     0x00003b29   Thumb Code   120  fluxobserve.o(i.OpenCloseAngleSwitch)
    OpenLoopCurRamp                          0x00003bbd   Thumb Code    74  process_control.o(i.OpenLoopCurRamp)
    PGA_init                                 0x00003c09   Thumb Code    52  hardware_init.o(i.PGA_init)
    PWMOutputs                               0x00003c45   Thumb Code    44  lks32mc08x_mcpwm.o(i.PWMOutputs)
    PWRDN_IRQHandler                         0x00003c81   Thumb Code     8  interrupt.o(i.PWRDN_IRQHandler)
    PoloEstCurSample                         0x00003c89   Thumb Code    88  lib_ipd.o(i.PoloEstCurSample)
    PowerCalc                                0x00003ce9   Thumb Code    82  powercalculation.o(i.PowerCalc)
    Read_Trim                                0x00003d4d   Thumb Code    50  lks32mc08x_nvr.o(i.Read_Trim)
    SEGGER_RTT_ConfigUpBuffer                0x00003d89   Thumb Code   142  segger_rtt.o(i.SEGGER_RTT_ConfigUpBuffer)
    SEGGER_RTT_Write                         0x00003e1d   Thumb Code    66  segger_rtt.o(i.SEGGER_RTT_Write)
    SEGGER_RTT_WriteNoLock                   0x00003e65   Thumb Code   128  segger_rtt.o(i.SEGGER_RTT_WriteNoLock)
    SPI0_IRQHandler                          0x00003ee9   Thumb Code     2  interrupt.o(i.SPI0_IRQHandler)
    SVPWM_2ShuntGEN                          0x00003eed   Thumb Code   310  lib_svpwm.o(i.SVPWM_2ShuntGEN)
    SVPWM_2ShuntGetPhaseCurrent              0x00004029   Thumb Code   482  signalchain_sample.o(i.SVPWM_2ShuntGetPhaseCurrent)
    SYS_AnalogModuleClockCmd                 0x00004215   Thumb Code    44  lks32mc08x_sys.o(i.SYS_AnalogModuleClockCmd)
    SYS_ModuleClockCmd                       0x00004249   Thumb Code    38  lks32mc08x_sys.o(i.SYS_ModuleClockCmd)
    SYS_VolSelModule                         0x00004279   Thumb Code   130  lks32mc08x_sys.o(i.SYS_VolSelModule)
    SYS_VolSelModuleEnableIRQ                0x00004305   Thumb Code    54  lks32mc08x_sys.o(i.SYS_VolSelModuleEnableIRQ)
    SYS_VolSelModuleIRQ                      0x00004341   Thumb Code   112  lks32mc08x_sys.o(i.SYS_VolSelModuleIRQ)
    SoftDelay                                0x000043c9   Thumb Code    24  hardware_init.o(i.SoftDelay)
    SpeedLoopReg                             0x000043f9   Thumb Code    58  foc_drive.o(i.SpeedLoopReg)
    SpeedLoop_Set                            0x00004441   Thumb Code    58  state_machine.o(i.SpeedLoop_Set)
    SpeedPIRegulator                         0x0000447b   Thumb Code   244  pid_regulators.o(i.SpeedPIRegulator)
    SpeedReferenceGen                        0x0000456f   Thumb Code    54  process_control.o(i.SpeedReferenceGen)
    StateAlign                               0x000045a5   Thumb Code   142  state_machine.o(i.StateAlign)
    StateBemfDirCheck                        0x00004651   Thumb Code   430  state_machine.o(i.StateBemfDirCheck)
    StateBemfStop                            0x00004821   Thumb Code    78  state_machine.o(i.StateBemfStop)
    StateCharge                              0x00004881   Thumb Code   380  state_machine.o(i.StateCharge)
    StateDirCheck                            0x00004a2d   Thumb Code   326  state_machine.o(i.StateDirCheck)
    StateFault                               0x00004b8d   Thumb Code    14  state_machine.o(i.StateFault)
    StateHallRun                             0x00004ba1   Thumb Code   244  state_machine.o(i.StateHallRun)
    StateInit                                0x00004cb1   Thumb Code   572  state_machine.o(i.StateInit)
    StateOpen                                0x00004f41   Thumb Code   356  state_machine.o(i.StateOpen)
    StatePosSeek                             0x000050c9   Thumb Code   118  state_machine.o(i.StatePosSeek)
    StateRun                                 0x00005159   Thumb Code   406  state_machine.o(i.StateRun)
    StateStop                                0x00005309   Thumb Code   120  state_machine.o(i.StateStop)
    StopMotorImmdly                          0x00005399   Thumb Code     2  foc_drive.o(i.StopMotorImmdly)
    SysTick_Handler                          0x0000539b   Thumb Code     2  interrupt.o(i.SysTick_Handler)
    Sys_State_Machine                        0x0000539d   Thumb Code   272  state_machine.o(i.Sys_State_Machine)
    SystemInit                               0x000054b9   Thumb Code     8  hardware_init.o(i.SystemInit)
    TIM_TimerCmd                             0x000054c1   Thumb Code   208  lks32mc08x_tim.o(i.TIM_TimerCmd)
    TIM_TimerInit                            0x00005595   Thumb Code   320  lks32mc08x_tim.o(i.TIM_TimerInit)
    TIM_TimerStrutInit                       0x000056d9   Thumb Code    40  lks32mc08x_tim.o(i.TIM_TimerStrutInit)
    Task_Scheduler                           0x00005701   Thumb Code   134  task_scheduler.o(i.Task_Scheduler)
    TempSensor_Init                          0x000057a1   Thumb Code    46  lks32mc08x_tmp.o(i.TempSensor_Init)
    Trig_Functions                           0x000057dd   Thumb Code    42  mc_math.o(i.Trig_Functions)
    UART0_IRQHandler                         0x0000580d   Thumb Code     2  interrupt.o(i.UART0_IRQHandler)
    UART1_IRQHandler                         0x0000580f   Thumb Code     2  interrupt.o(i.UART1_IRQHandler)
    UART_Init                                0x00005811   Thumb Code   238  lks32mc08x_uart.o(i.UART_Init)
    UART_StructInit                          0x00005915   Thumb Code    30  lks32mc08x_uart.o(i.UART_StructInit)
    UART_init                                0x00005935   Thumb Code    38  hardware_init.o(i.UART_init)
    UTIMER0_IRQHandler                       0x00005961   Thumb Code    40  interrupt.o(i.UTIMER0_IRQHandler)
    UTIMER1_IRQHandler                       0x00005991   Thumb Code     2  interrupt.o(i.UTIMER1_IRQHandler)
    UTIMER2_IRQHandler                       0x00005993   Thumb Code     2  interrupt.o(i.UTIMER2_IRQHandler)
    UTIMER3_IRQHandler                       0x00005995   Thumb Code     2  interrupt.o(i.UTIMER3_IRQHandler)
    UTimer_init                              0x00005999   Thumb Code    70  hardware_init.o(i.UTimer_init)
    User2AppAngleTrans                       0x000059e9   Thumb Code    38  app2core.o(i.User2AppAngleTrans)
    User2AppCurTrans                         0x00005a15   Thumb Code    38  app2core.o(i.User2AppCurTrans)
    User2AppFreqTrans                        0x00005a41   Thumb Code    38  app2core.o(i.User2AppFreqTrans)
    User2AppVolTrans                         0x00005a6d   Thumb Code    58  app2core.o(i.User2AppVolTrans)
    Verify_Hall_State                        0x00005abd   Thumb Code   462  mc_hall.o(i.Verify_Hall_State)
    VolPulsePwmSet                           0x00005c95   Thumb Code    68  lib_ipd.o(i.VolPulsePwmSet)
    VspSpeedScan                             0x00005ce1   Thumb Code   242  speedscan.o(i.VspSpeedScan)
    __ARM_clz                                0x00005f4f   Thumb Code    46  depilogue.o(i.__ARM_clz)
    __ARM_common_ll_mulss                    0x00005f7d   Thumb Code    48  fluxobserve.o(i.__ARM_common_ll_mulss)
    __ARM_common_ll_muluu                    0x00005fad   Thumb Code    48  fluxobserve.o(i.__ARM_common_ll_muluu)
    __ARM_common_switch8                     0x00005fdd   Thumb Code    26  lib_svpwm.o(i.__ARM_common_switch8)
    __scatterload_copy                       0x00006141   Thumb Code    14  handlers.o(i.__scatterload_copy)
    __scatterload_null                       0x0000614f   Thumb Code     2  handlers.o(i.__scatterload_null)
    __scatterload_zeroinit                   0x00006151   Thumb Code    14  handlers.o(i.__scatterload_zeroinit)
    calc_first_ElectAngle                    0x00006161   Thumb Code   140  lib_mc_hall.o(i.calc_first_ElectAngle)
    check_hall_state                         0x000061f5   Thumb Code   848  lib_mc_hall.o(i.check_hall_state)
    closeLoopAnglePLL                        0x0000654d   Thumb Code   104  lib_mc_hall.o(i.closeLoopAnglePLL)
    closeLoopAnglePLLInit                    0x000065b5   Thumb Code   250  lib_mc_hall.o(i.closeLoopAnglePLLInit)
    hall_comm_VariableInit                   0x000066bd   Thumb Code   352  mc_hall.o(i.hall_comm_VariableInit)
    hall_repare_process                      0x0000681d   Thumb Code   228  lib_mc_hall.o(i.hall_repare_process)
    learn_hall_proc                          0x00006901   Thumb Code   378  lib_mc_hall.o(i.learn_hall_proc)
    lowPass_filter                           0x00006a85   Thumb Code    18  lib_svpwm.o(i.lowPass_filter)
    main                                     0x00006a97   Thumb Code    16  main.o(i.main)
    reduceToqueAnglePll                      0x00006aa7   Thumb Code    40  lib_mc_hall.o(i.reduceToqueAnglePll)
    soft_Trg_ADC                             0x00006ad1   Thumb Code    34  lib_ipd.o(i.soft_Trg_ADC)
    sys_init                                 0x00006afd   Thumb Code    46  system_init.o(i.sys_init)
    sVersion                                 0x00006b40   Data          10  global_variable.o(.constdata)
    struFOC_ConstParam                       0x00006b4a   Data          16  global_variable.o(.constdata)
    struMotorParam                           0x00006b5c   Data          44  global_variable.o(.constdata)
    struBoardParam                           0x00006b88   Data          36  global_variable.o(.constdata)
    struHallParamaConst                      0x00006bac   Data          48  mc_hall.o(.constdata)
    atantab1                                 0x00006bdc   Data         544  lib_svpwm.o(.constdata)
    Region$$Table$$Base                      0x00006dfc   Number         0  anon$$obj.o(Region$$Table)
    Region$$Table$$Limit                     0x00006e1c   Number         0  anon$$obj.o(Region$$Table)
    struBemfVolt                             0x20000000   Data           6  global_variable.o(.data)
    Rttstru                                  0x20000006   Data           6  interrupt.o(.data)
    struImaxCurrent                          0x2000000c   Data           6  fault_detection.o(.data)
    stru_Faults                              0x20000012   Data           2  fault_detection.o(.data)
    tElectAngle                              0x20000016   Data           2  foc_drive.o(.data)
    m_TempertureCof                          0x20000018   Data           4  lks32mc08x_tmp.o(.data)
    AFWR_KP                                  0x2000001e   Data           2  fluxobserve.o(.data)
    AFWR_KI                                  0x20000020   Data           2  fluxobserve.o(.data)
    s16UmRohRef                              0x20000022   Data           2  fluxobserve.o(.data)
    s16UtRohRef                              0x20000024   Data           2  fluxobserve.o(.data)
    iMrasUd                                  0x20000026   Data           2  fluxobserve.o(.data)
    iMrasUq                                  0x20000028   Data           2  fluxobserve.o(.data)
    iMrasId                                  0x2000002a   Data           2  fluxobserve.o(.data)
    iMrasIq                                  0x2000002c   Data           2  fluxobserve.o(.data)
    iMrasIqEstN                              0x2000002e   Data           2  fluxobserve.o(.data)
    iEemfMEst                                0x20000030   Data           2  fluxobserve.o(.data)
    iEemfTEst                                0x20000032   Data           2  fluxobserve.o(.data)
    iEemfMEstAvg                             0x20000034   Data           2  fluxobserve.o(.data)
    iEemfTEstAvg                             0x20000036   Data           2  fluxobserve.o(.data)
    uMrasTheta_est                           0x20000038   Data           4  fluxobserve.o(.data)
    vectorComponentsAfo                      0x2000004c   Data           4  fluxobserve.o(.data)
    vectorComponentsDThe                     0x20000050   Data           4  fluxobserve.o(.data)
    s32VolOutAvg                             0x20000054   Data           4  fluxobserve.o(.data)
    iMrasIdEstN_1_Fs                         0x20000058   Data           4  fluxobserve.o(.data)
    iMrasIqEstN_1_Fs                         0x2000005c   Data           4  fluxobserve.o(.data)
    synWeObsFilt                             0x20000060   Data           4  fluxobserve.o(.data)
    BEMF_electAngle                          0x20000078   Data           2  lib_mc_hall.o(.data)
    struTaskScheduler                        0x20000080   Data          12  global_variable.o(.bss)
    struFOC_CtrProc                          0x2000008c   Data          20  global_variable.o(.bss)
    struFOC_CurrLoop                         0x200000a0   Data         184  global_variable.o(.bss)
    struFluxOB_Param                         0x20000158   Data          56  global_variable.o(.bss)
    struAppCommData                          0x20000190   Data          76  global_variable.o(.bss)
    struMotorSpeed                           0x200001e0   Data          88  global_variable.o(.bss)
    mOnTheFlyDetect                          0x20000238   Data          36  global_variable.o(.bss)
    mSpeedPI                                 0x2000025c   Data          28  global_variable.o(.bss)
    mOpenForceRun                            0x20000278   Data          28  global_variable.o(.bss)
    struUser2App                             0x20000294   Data          32  global_variable.o(.bss)
    struCore2App                             0x200002b4   Data          32  global_variable.o(.bss)
    struApp2Core                             0x200002d4   Data          32  global_variable.o(.bss)
    struHallProcess                          0x200002f4   Data         232  global_variable.o(.bss)
    mIPD_CtrProc                             0x200003dc   Data          32  global_variable.o(.bss)
    struTime                                 0x200003fc   Data          18  state_machine.o(.bss)
    struCurrentAmplitude                     0x20000410   Data          28  fault_detection.o(.bss)
    stru_FaultValue                          0x2000042c   Data          40  fault_detection.o(.bss)
    struFaultVoltTime                        0x20000454   Data          10  fault_detection.o(.bss)
    struFaultEmptyTime                       0x2000045e   Data          10  fault_detection.o(.bss)
    struFaultStallTime                       0x20000468   Data          10  fault_detection.o(.bss)
    struFaultCurrentTime                     0x20000472   Data          10  fault_detection.o(.bss)
    struFaultTempTime                        0x2000047c   Data          10  fault_detection.o(.bss)
    struFaultPhaseTime                       0x20000486   Data          10  fault_detection.o(.bss)
    struFaultStartTime                       0x20000490   Data          10  fault_detection.o(.bss)
    struPower                                0x200004a0   Data          96  powercalculation.o(.bss)
    PowerRamp                                0x20000500   Data          12  powercalculation.o(.bss)
    stru_BEMF_Check                          0x2000050c   Data          76  bemf_check0824.o(.bss)
    bRttBuf                                  0x20000558   Data        2050  segger_rtt.o(.bss)
    _SEGGER_RTT                              0x20000d5c   Data         168  segger_rtt.o(.bss)
    struFluxOB_Var                           0x20001214   Data          28  fluxobserve.o(.bss)
    AEMFRM                                   0x20001230   Data          28  fluxobserve.o(.bss)
    AEMFRT                                   0x2000124c   Data          28  fluxobserve.o(.bss)
    AFWR                                     0x20001268   Data          20  fluxobserve.o(.bss)
    __initial_sp                             0x20001580   Data           0  startup_lks32mc08x.o(STACK)



==============================================================================

Memory Map of the image

  Image Entry point : 0x000000c1

  Load Region LR_IROM1 (Base: 0x00000000, Size: 0x00006e98, Max: 0x00010000, ABSOLUTE)

    Execution Region ER_IROM1 (Exec base: 0x00000000, Load base: 0x00000000, Size: 0x00006e1c, Max: 0x00010000, ABSOLUTE)

    Exec Addr    Load Addr    Size         Type   Attr      Idx    E Section Name        Object

    0x00000000   0x00000000   0x000000c0   Data   RO         2613    RESET               startup_lks32mc08x.o
    0x000000c0   0x000000c0   0x00000000   Code   RO         3326  * .ARM.Collect$$$$00000000  mc_p.l(entry.o)
    0x000000c0   0x000000c0   0x00000004   Code   RO         3385    .ARM.Collect$$$$00000001  mc_p.l(entry2.o)
    0x000000c4   0x000000c4   0x00000004   Code   RO         3388    .ARM.Collect$$$$00000004  mc_p.l(entry5.o)
    0x000000c8   0x000000c8   0x00000000   Code   RO         3390    .ARM.Collect$$$$00000008  mc_p.l(entry7b.o)
    0x000000c8   0x000000c8   0x00000000   Code   RO         3392    .ARM.Collect$$$$0000000A  mc_p.l(entry8b.o)
    0x000000c8   0x000000c8   0x00000008   Code   RO         3393    .ARM.Collect$$$$0000000B  mc_p.l(entry9a.o)
    0x000000d0   0x000000d0   0x00000004   Code   RO         3400    .ARM.Collect$$$$0000000E  mc_p.l(entry12b.o)
    0x000000d4   0x000000d4   0x00000000   Code   RO         3395    .ARM.Collect$$$$0000000F  mc_p.l(entry10a.o)
    0x000000d4   0x000000d4   0x00000000   Code   RO         3397    .ARM.Collect$$$$00000011  mc_p.l(entry11a.o)
    0x000000d4   0x000000d4   0x00000004   Code   RO         3386    .ARM.Collect$$$$00002712  mc_p.l(entry2.o)
    0x000000d8   0x000000d8   0x00000028   Code   RO         2614    .text               startup_lks32mc08x.o
    0x00000100   0x00000100   0x0000002c   Code   RO         3329    .text               mc_p.l(uidiv.o)
    0x0000012c   0x0000012c   0x00000028   Code   RO         3331    .text               mc_p.l(idiv.o)
    0x00000154   0x00000154   0x00000060   Code   RO         3333    .text               mc_p.l(uldiv.o)
    0x000001b4   0x000001b4   0x0000004c   Code   RO         3335    .text               mc_p.l(ldiv.o)
    0x00000200   0x00000200   0x0000007a   Code   RO         3337    .text               mc_p.l(llmul.o)
    0x0000027a   0x0000027a   0x00000020   Code   RO         3339    .text               mc_p.l(llshl.o)
    0x0000029a   0x0000029a   0x00000026   Code   RO         3341    .text               mc_p.l(llsshr.o)
    0x000002c0   0x000002c0   0x00000024   Code   RO         3343    .text               mc_p.l(memcpya.o)
    0x000002e4   0x000002e4   0x00000024   Code   RO         3345    .text               mc_p.l(memseta.o)
    0x00000308   0x00000308   0x00000012   Code   RO         3349    .text               mc_p.l(strcpy.o)
    0x0000031a   0x0000031a   0x0000007a   Code   RO         3353    .text               mf_p.l(fmul.o)
    0x00000394   0x00000394   0x0000007c   Code   RO         3355    .text               mf_p.l(fdiv.o)
    0x00000410   0x00000410   0x00000168   Code   RO         3357    .text               mf_p.l(dadd.o)
    0x00000578   0x00000578   0x000000d0   Code   RO         3359    .text               mf_p.l(dmul.o)
    0x00000648   0x00000648   0x000000f0   Code   RO         3361    .text               mf_p.l(ddiv.o)
    0x00000738   0x00000738   0x00000016   Code   RO         3363    .text               mf_p.l(fflti.o)
    0x0000074e   0x0000074e   0x0000000e   Code   RO         3365    .text               mf_p.l(ffltui.o)
    0x0000075c   0x0000075c   0x00000028   Code   RO         3367    .text               mf_p.l(dflti.o)
    0x00000784   0x00000784   0x0000001c   Code   RO         3369    .text               mf_p.l(dfltui.o)
    0x000007a0   0x000007a0   0x0000002c   Code   RO         3371    .text               mf_p.l(dfltl.o)
    0x000007cc   0x000007cc   0x00000032   Code   RO         3373    .text               mf_p.l(ffixi.o)
    0x000007fe   0x000007fe   0x00000002   PAD
    0x00000800   0x00000800   0x00000048   Code   RO         3375    .text               mf_p.l(dfixi.o)
    0x00000848   0x00000848   0x0000003c   Code   RO         3377    .text               mf_p.l(dfixui.o)
    0x00000884   0x00000884   0x00000028   Code   RO         3379    .text               mf_p.l(f2d.o)
    0x000008ac   0x000008ac   0x00000028   Code   RO         3381    .text               mf_p.l(cdcmple.o)
    0x000008d4   0x000008d4   0x00000038   Code   RO         3383    .text               mf_p.l(d2f.o)
    0x0000090c   0x0000090c   0x00000022   Code   RO         3401    .text               mc_p.l(llushr.o)
    0x0000092e   0x0000092e   0x00000000   Code   RO         3403    .text               mc_p.l(iusefp.o)
    0x0000092e   0x0000092e   0x00000082   Code   RO         3404    .text               mf_p.l(fepilogue.o)
    0x000009b0   0x000009b0   0x000000be   Code   RO         3406    .text               mf_p.l(depilogue.o)
    0x00000a6e   0x00000a6e   0x00000002   PAD
    0x00000a70   0x00000a70   0x00000024   Code   RO         3410    .text               mc_p.l(init.o)
    0x00000a94   0x00000a94   0x000000f4   Code   RO          334    i.ADC0_IRQHandler   interrupt.o
    0x00000b88   0x00000b88   0x0000004c   Code   RO          172    i.ADC0_init         hardware_init.o
    0x00000bd4   0x00000bd4   0x0000002e   Code   RO         1443    i.ADC_ChannelConfig  lks32mc08x_adc.o
    0x00000c02   0x00000c02   0x00000002   PAD
    0x00000c04   0x00000c04   0x00000164   Code   RO         1447    i.ADC_Init          lks32mc08x_adc.o
    0x00000d68   0x00000d68   0x0000007c   Code   RO         1145    i.ADC_NormalModeCFG  signalchain_sample.o
    0x00000de4   0x00000de4   0x00000024   Code   RO         1449    i.ADC_StructInit    lks32mc08x_adc.o
    0x00000e08   0x00000e08   0x00000088   Code   RO         1078    i.AdcSampleCal      foc_drive.o
    0x00000e90   0x00000e90   0x000000b8   Code   RO         1198    i.Angle_Init_Process  mc_hall.o
    0x00000f48   0x00000f48   0x00000018   Code   RO          981    i.App2CoreCurTrans  app2core.o
    0x00000f60   0x00000f60   0x00000018   Code   RO          982    i.App2CoreFreqTrans  app2core.o
    0x00000f78   0x00000f78   0x00000024   Code   RO         2964    i.AutoFieldWeakReg  LKS08x_FluxOBS_Hall_V4p2.lib(fluxobserve.o)
    0x00000f9c   0x00000f9c   0x000000f0   Code   RO         1283    i.BemfSwitch        bemf_check0824.o
    0x0000108c   0x0000108c   0x000000c4   Code   RO         1284    i.Bemf_CheckInit    bemf_check0824.o
    0x00001150   0x00001150   0x000001c0   Code   RO         1285    i.Bemf_CheckProcess  bemf_check0824.o
    0x00001310   0x00001310   0x00000078   Code   RO         3110    i.BrakeStateCheck   LKS08x_FluxOBS_Hall_V4p2.lib(onthefly.o)
    0x00001388   0x00001388   0x0000007c   Code   RO          335    i.CMP_IRQHandler    interrupt.o
    0x00001404   0x00001404   0x00000148   Code   RO         1617    i.CMP_Init          lks32mc08x_cmp.o
    0x0000154c   0x0000154c   0x0000000e   Code   RO         1618    i.CMP_StructInit    lks32mc08x_cmp.o
    0x0000155a   0x0000155a   0x00000044   Code   RO          173    i.CMP_init          hardware_init.o
    0x0000159e   0x0000159e   0x00000002   PAD
    0x000015a0   0x000015a0   0x000001c0   Code   RO         2853    i.Calc_Atan         LKS08x_FluxOBS_Hall_V4p2.lib(lib_svpwm.o)
    0x00001760   0x00001760   0x0000003c   Code   RO          174    i.Clock_Init        hardware_init.o
    0x0000179c   0x0000179c   0x000001a0   Code   RO          688    i.CurrentAmplitudeCalc  fault_detection.o
    0x0000193c   0x0000193c   0x00000088   Code   RO          537    i.CurrentLoopAxisD_Set  state_machine.o
    0x000019c4   0x000019c4   0x00000088   Code   RO          538    i.CurrentLoopAxisQ_Set  state_machine.o
    0x00001a4c   0x00001a4c   0x00000090   Code   RO         1079    i.CurrentLoopReg    foc_drive.o
    0x00001adc   0x00001adc   0x00000134   Code   RO          465    i.CurrentOffsetCalibration  system_init.o
    0x00001c10   0x00001c10   0x00000044   Code   RO         1169    i.CurrentPIRegulator  pid_regulators.o
    0x00001c54   0x00001c54   0x000000b0   Code   RO          175    i.DAC_init          hardware_init.o
    0x00001d04   0x00001d04   0x0000000c   Code   RO         2270    i.DSP_Init          lks32mc08x_sys.o
    0x00001d10   0x00001d10   0x00000040   Code   RO         2965    i.DcVoltPerUnitCalc  LKS08x_FluxOBS_Hall_V4p2.lib(fluxobserve.o)
    0x00001d50   0x00001d50   0x00000002   Code   RO          336    i.ENCODER0_IRQHandler  interrupt.o
    0x00001d52   0x00001d52   0x00000002   Code   RO          337    i.ENCODER1_IRQHandler  interrupt.o
    0x00001d54   0x00001d54   0x00000088   Code   RO         1080    i.FOC_InitstruParam  foc_drive.o
    0x00001ddc   0x00001ddc   0x00000194   Code   RO         1081    i.FOC_Model         foc_drive.o
    0x00001f70   0x00001f70   0x00000040   Code   RO         2966    i.FWLoopPIReg       LKS08x_FluxOBS_Hall_V4p2.lib(fluxobserve.o)
    0x00001fb0   0x00001fb0   0x0000005c   Code   RO          689    i.FaultCheck        fault_detection.o
    0x0000200c   0x0000200c   0x0000007c   Code   RO          690    i.FaultCurrentCheck  fault_detection.o
    0x00002088   0x00002088   0x00000138   Code   RO          692    i.FaultInit         fault_detection.o
    0x000021c0   0x000021c0   0x0000005c   Code   RO          695    i.FaultRecoverInit  fault_detection.o
    0x0000221c   0x0000221c   0x00000080   Code   RO          699    i.FaultVoltageCheck  fault_detection.o
    0x0000229c   0x0000229c   0x0000003a   Code   RO         3038    i.FindMaxIn3        LKS08x_FluxOBS_Hall_V4p2.lib(lib_ipd.o)
    0x000022d6   0x000022d6   0x0000001c   Code   RO         2967    i.FindQNum          LKS08x_FluxOBS_Hall_V4p2.lib(fluxobserve.o)
    0x000022f2   0x000022f2   0x00000002   PAD
    0x000022f4   0x000022f4   0x00000034   Code   RO          466    i.FluxObserveInit   system_init.o
    0x00002328   0x00002328   0x0000049c   Code   RO         2968    i.FluxObserveParaCalc  LKS08x_FluxOBS_Hall_V4p2.lib(fluxobserve.o)
    0x000027c4   0x000027c4   0x00000002   Code   RO          338    i.GPIO_IRQHandler   interrupt.o
    0x000027c6   0x000027c6   0x000000e2   Code   RO         1863    i.GPIO_Init         lks32mc08x_gpio.o
    0x000028a8   0x000028a8   0x0000010c   Code   RO         1865    i.GPIO_PinAFConfig  lks32mc08x_gpio.o
    0x000029b4   0x000029b4   0x0000000c   Code   RO         1872    i.GPIO_StructInit   lks32mc08x_gpio.o
    0x000029c0   0x000029c0   0x000000b8   Code   RO          177    i.GPIO_init         hardware_init.o
    0x00002a78   0x00002a78   0x00000064   Code   RO         1199    i.GetAvrgHallPeriod  mc_hall.o
    0x00002adc   0x00002adc   0x00000244   Code   RO         3129    i.GetHall_edgeAngle  LKS08x_FluxOBS_Hall_V4p2.lib(lib_mc_hall.o)
    0x00002d20   0x00002d20   0x00000014   Code   RO          339    i.HALL_IRQHandler   interrupt.o
    0x00002d34   0x00002d34   0x00000140   Code   RO         1200    i.HALL_IRQProcess   mc_hall.o
    0x00002e74   0x00002e74   0x00000044   Code   RO         1966    i.HALL_Init         lks32mc08x_hall.o
    0x00002eb8   0x00002eb8   0x00000134   Code   RO         1201    i.HALL_InitHallMeasure  mc_hall.o
    0x00002fec   0x00002fec   0x000001c0   Code   RO         1202    i.HALL_Init_Electrical_Angle  mc_hall.o
    0x000031ac   0x000031ac   0x00000030   Code   RO          178    i.HALL_Perip_init   hardware_init.o
    0x000031dc   0x000031dc   0x00000024   Code   RO         1967    i.HALL_StructInit   lks32mc08x_hall.o
    0x00003200   0x00003200   0x00000080   Code   RO         1203    i.Hall_ElecAnglePWM_Process  mc_hall.o
    0x00003280   0x00003280   0x000000a0   Code   RO         1204    i.Hall_learn_Process  mc_hall.o
    0x00003320   0x00003320   0x000000e4   Code   RO          179    i.Hardware_init     hardware_init.o
    0x00003404   0x00003404   0x00000002   Code   RO          340    i.I2C0_IRQHandler   interrupt.o
    0x00003406   0x00003406   0x00000002   PAD
    0x00003408   0x00003408   0x00000098   Code   RO         3039    i.IPD_AngleCalc     LKS08x_FluxOBS_Hall_V4p2.lib(lib_ipd.o)
    0x000034a0   0x000034a0   0x000000f8   Code   RO         3040    i.IPD_RotorPosEst   LKS08x_FluxOBS_Hall_V4p2.lib(lib_ipd.o)
    0x00003598   0x00003598   0x0000002e   Code   RO          821    i.LowPassControl    powercalculation.o
    0x000035c6   0x000035c6   0x00000002   PAD
    0x000035c8   0x000035c8   0x0000006c   Code   RO          180    i.MCPWM0_RegUpdate  hardware_init.o
    0x00003634   0x00003634   0x000002e0   Code   RO         2143    i.MCPWM_Init        lks32mc08x_mcpwm.o
    0x00003914   0x00003914   0x0000000e   Code   RO         2144    i.MCPWM_StructInit  lks32mc08x_mcpwm.o
    0x00003922   0x00003922   0x00000002   PAD
    0x00003924   0x00003924   0x000000c4   Code   RO          181    i.MCPWM_init        hardware_init.o
    0x000039e8   0x000039e8   0x000000c0   Code   RO         2969    i.ModuCircle_Limitation  LKS08x_FluxOBS_Hall_V4p2.lib(fluxobserve.o)
    0x00003aa8   0x00003aa8   0x00000010   Code   RO         2970    i.OnTheFlyDetectInit  LKS08x_FluxOBS_Hall_V4p2.lib(fluxobserve.o)
    0x00003ab8   0x00003ab8   0x00000070   Code   RO         3111    i.OnTheFlyDetectPro  LKS08x_FluxOBS_Hall_V4p2.lib(onthefly.o)
    0x00003b28   0x00003b28   0x00000094   Code   RO         2971    i.OpenCloseAngleSwitch  LKS08x_FluxOBS_Hall_V4p2.lib(fluxobserve.o)
    0x00003bbc   0x00003bbc   0x0000004a   Code   RO          788    i.OpenLoopCurRamp   process_control.o
    0x00003c06   0x00003c06   0x00000002   PAD
    0x00003c08   0x00003c08   0x0000003c   Code   RO          182    i.PGA_init          hardware_init.o
    0x00003c44   0x00003c44   0x0000003c   Code   RO         2145    i.PWMOutputs        lks32mc08x_mcpwm.o
    0x00003c80   0x00003c80   0x00000008   Code   RO          341    i.PWRDN_IRQHandler  interrupt.o
    0x00003c88   0x00003c88   0x00000060   Code   RO         3041    i.PoloEstCurSample  LKS08x_FluxOBS_Hall_V4p2.lib(lib_ipd.o)
    0x00003ce8   0x00003ce8   0x00000052   Code   RO          822    i.PowerCalc         powercalculation.o
    0x00003d3a   0x00003d3a   0x00000012   Code   RO         1205    i.ReadHallState     mc_hall.o
    0x00003d4c   0x00003d4c   0x0000003c   Code   RO         3263    i.Read_Trim         lks32mc08x_nvr.lib(lks32mc08x_nvr.o)
    0x00003d88   0x00003d88   0x00000094   Code   RO         2621    i.SEGGER_RTT_ConfigUpBuffer  segger_rtt.o
    0x00003e1c   0x00003e1c   0x00000048   Code   RO         2638    i.SEGGER_RTT_Write  segger_rtt.o
    0x00003e64   0x00003e64   0x00000084   Code   RO         2639    i.SEGGER_RTT_WriteNoLock  segger_rtt.o
    0x00003ee8   0x00003ee8   0x00000002   Code   RO          342    i.SPI0_IRQHandler   interrupt.o
    0x00003eea   0x00003eea   0x00000002   PAD
    0x00003eec   0x00003eec   0x0000013c   Code   RO         2856    i.SVPWM_2ShuntGEN   LKS08x_FluxOBS_Hall_V4p2.lib(lib_svpwm.o)
    0x00004028   0x00004028   0x000001ec   Code   RO         1146    i.SVPWM_2ShuntGetPhaseCurrent  signalchain_sample.o
    0x00004214   0x00004214   0x00000034   Code   RO         2271    i.SYS_AnalogModuleClockCmd  lks32mc08x_sys.o
    0x00004248   0x00004248   0x00000030   Code   RO         2278    i.SYS_ModuleClockCmd  lks32mc08x_sys.o
    0x00004278   0x00004278   0x0000008c   Code   RO         2282    i.SYS_VolSelModule  lks32mc08x_sys.o
    0x00004304   0x00004304   0x0000003c   Code   RO         2283    i.SYS_VolSelModuleEnableIRQ  lks32mc08x_sys.o
    0x00004340   0x00004340   0x00000088   Code   RO         2284    i.SYS_VolSelModuleIRQ  lks32mc08x_sys.o
    0x000043c8   0x000043c8   0x00000018   Code   RO          185    i.SoftDelay         hardware_init.o
    0x000043e0   0x000043e0   0x00000018   Code   RO         2287    i.SoftDelay         lks32mc08x_sys.o
    0x000043f8   0x000043f8   0x00000048   Code   RO         1082    i.SpeedLoopReg      foc_drive.o
    0x00004440   0x00004440   0x0000003a   Code   RO          539    i.SpeedLoop_Set     state_machine.o
    0x0000447a   0x0000447a   0x000000f4   Code   RO         1171    i.SpeedPIRegulator  pid_regulators.o
    0x0000456e   0x0000456e   0x00000036   Code   RO          790    i.SpeedReferenceGen  process_control.o
    0x000045a4   0x000045a4   0x000000ac   Code   RO          540    i.StateAlign        state_machine.o
    0x00004650   0x00004650   0x000001d0   Code   RO          541    i.StateBemfDirCheck  state_machine.o
    0x00004820   0x00004820   0x00000060   Code   RO          542    i.StateBemfStop     state_machine.o
    0x00004880   0x00004880   0x000001ac   Code   RO          543    i.StateCharge       state_machine.o
    0x00004a2c   0x00004a2c   0x00000160   Code   RO          544    i.StateDirCheck     state_machine.o
    0x00004b8c   0x00004b8c   0x00000014   Code   RO          545    i.StateFault        state_machine.o
    0x00004ba0   0x00004ba0   0x00000110   Code   RO          546    i.StateHallRun      state_machine.o
    0x00004cb0   0x00004cb0   0x00000290   Code   RO          547    i.StateInit         state_machine.o
    0x00004f40   0x00004f40   0x00000188   Code   RO          548    i.StateOpen         state_machine.o
    0x000050c8   0x000050c8   0x00000090   Code   RO          549    i.StatePosSeek      state_machine.o
    0x00005158   0x00005158   0x000001b0   Code   RO          550    i.StateRun          state_machine.o
    0x00005308   0x00005308   0x00000090   Code   RO          551    i.StateStop         state_machine.o
    0x00005398   0x00005398   0x00000002   Code   RO         1083    i.StopMotorImmdly   foc_drive.o
    0x0000539a   0x0000539a   0x00000002   Code   RO          344    i.SysTick_Handler   interrupt.o
    0x0000539c   0x0000539c   0x0000011c   Code   RO          552    i.Sys_State_Machine  state_machine.o
    0x000054b8   0x000054b8   0x00000008   Code   RO          186    i.SystemInit        hardware_init.o
    0x000054c0   0x000054c0   0x000000d4   Code   RO         2432    i.TIM_TimerCmd      lks32mc08x_tim.o
    0x00005594   0x00005594   0x00000144   Code   RO         2433    i.TIM_TimerInit     lks32mc08x_tim.o
    0x000056d8   0x000056d8   0x00000028   Code   RO         2434    i.TIM_TimerStrutInit  lks32mc08x_tim.o
    0x00005700   0x00005700   0x000000a0   Code   RO          505    i.Task_Scheduler    task_scheduler.o
    0x000057a0   0x000057a0   0x0000003c   Code   RO         2585    i.TempSensor_Init   lks32mc08x_tmp.o
    0x000057dc   0x000057dc   0x00000030   Code   RO          952    i.Trig_Functions    mc_math.o
    0x0000580c   0x0000580c   0x00000002   Code   RO          345    i.UART0_IRQHandler  interrupt.o
    0x0000580e   0x0000580e   0x00000002   Code   RO          346    i.UART1_IRQHandler  interrupt.o
    0x00005810   0x00005810   0x00000104   Code   RO         2524    i.UART_Init         lks32mc08x_uart.o
    0x00005914   0x00005914   0x0000001e   Code   RO         2529    i.UART_StructInit   lks32mc08x_uart.o
    0x00005932   0x00005932   0x00000002   PAD
    0x00005934   0x00005934   0x0000002c   Code   RO          189    i.UART_init         hardware_init.o
    0x00005960   0x00005960   0x00000030   Code   RO          347    i.UTIMER0_IRQHandler  interrupt.o
    0x00005990   0x00005990   0x00000002   Code   RO          348    i.UTIMER1_IRQHandler  interrupt.o
    0x00005992   0x00005992   0x00000002   Code   RO          349    i.UTIMER2_IRQHandler  interrupt.o
    0x00005994   0x00005994   0x00000002   Code   RO          350    i.UTIMER3_IRQHandler  interrupt.o
    0x00005996   0x00005996   0x00000002   PAD
    0x00005998   0x00005998   0x00000050   Code   RO          190    i.UTimer_init       hardware_init.o
    0x000059e8   0x000059e8   0x0000002c   Code   RO          990    i.User2AppAngleTrans  app2core.o
    0x00005a14   0x00005a14   0x0000002c   Code   RO          991    i.User2AppCurTrans  app2core.o
    0x00005a40   0x00005a40   0x0000002c   Code   RO          992    i.User2AppFreqTrans  app2core.o
    0x00005a6c   0x00005a6c   0x00000050   Code   RO          993    i.User2AppVolTrans  app2core.o
    0x00005abc   0x00005abc   0x000001d8   Code   RO         1206    i.Verify_Hall_State  mc_hall.o
    0x00005c94   0x00005c94   0x0000004c   Code   RO         3042    i.VolPulsePwmSet    LKS08x_FluxOBS_Hall_V4p2.lib(lib_ipd.o)
    0x00005ce0   0x00005ce0   0x00000118   Code   RO          902    i.VspSpeedScan      speedscan.o
    0x00005df8   0x00005df8   0x00000070   Code   RO         2643    i._DoInit           segger_rtt.o
    0x00005e68   0x00005e68   0x0000001c   Code   RO         2644    i._GetAvailWriteSpace  segger_rtt.o
    0x00005e84   0x00005e84   0x00000080   Code   RO         2646    i._WriteBlocking    segger_rtt.o
    0x00005f04   0x00005f04   0x0000004a   Code   RO         2647    i._WriteNoCheck     segger_rtt.o
    0x00005f4e   0x00005f4e   0x0000002e   Code   RO         3408    i.__ARM_clz         mf_p.l(depilogue.o)
    0x00005f7c   0x00005f7c   0x00000030   Code   RO         3032    i.__ARM_common_ll_mulss  LKS08x_FluxOBS_Hall_V4p2.lib(fluxobserve.o)
    0x00005fac   0x00005fac   0x00000030   Code   RO         3030    i.__ARM_common_ll_muluu  LKS08x_FluxOBS_Hall_V4p2.lib(fluxobserve.o)
    0x00005fdc   0x00005fdc   0x0000001a   Code   RO         2902    i.__ARM_common_switch8  LKS08x_FluxOBS_Hall_V4p2.lib(lib_svpwm.o)
    0x00005ff6   0x00005ff6   0x00000002   PAD
    0x00005ff8   0x00005ff8   0x00000018   Code   RO         2290    i.__NVIC_ClearPendingIRQ  lks32mc08x_sys.o
    0x00006010   0x00006010   0x00000020   Code   RO         2291    i.__NVIC_DisableIRQ  lks32mc08x_sys.o
    0x00006030   0x00006030   0x00000020   Code   RO          191    i.__NVIC_EnableIRQ  hardware_init.o
    0x00006050   0x00006050   0x00000078   Code   RO          192    i.__NVIC_SetPriority  hardware_init.o
    0x000060c8   0x000060c8   0x00000078   Code   RO         2292    i.__NVIC_SetPriority  lks32mc08x_sys.o
    0x00006140   0x00006140   0x0000000e   Code   RO         3413    i.__scatterload_copy  mc_p.l(handlers.o)
    0x0000614e   0x0000614e   0x00000002   Code   RO         3414    i.__scatterload_null  mc_p.l(handlers.o)
    0x00006150   0x00006150   0x0000000e   Code   RO         3415    i.__scatterload_zeroinit  mc_p.l(handlers.o)
    0x0000615e   0x0000615e   0x00000002   PAD
    0x00006160   0x00006160   0x00000094   Code   RO         3130    i.calc_first_ElectAngle  LKS08x_FluxOBS_Hall_V4p2.lib(lib_mc_hall.o)
    0x000061f4   0x000061f4   0x00000358   Code   RO         3131    i.check_hall_state  LKS08x_FluxOBS_Hall_V4p2.lib(lib_mc_hall.o)
    0x0000654c   0x0000654c   0x00000068   Code   RO         3132    i.closeLoopAnglePLL  LKS08x_FluxOBS_Hall_V4p2.lib(lib_mc_hall.o)
    0x000065b4   0x000065b4   0x00000108   Code   RO         3133    i.closeLoopAnglePLLInit  LKS08x_FluxOBS_Hall_V4p2.lib(lib_mc_hall.o)
    0x000066bc   0x000066bc   0x00000160   Code   RO         1207    i.hall_comm_VariableInit  mc_hall.o
    0x0000681c   0x0000681c   0x000000e4   Code   RO         3135    i.hall_repare_process  LKS08x_FluxOBS_Hall_V4p2.lib(lib_mc_hall.o)
    0x00006900   0x00006900   0x00000184   Code   RO         3136    i.learn_hall_proc   LKS08x_FluxOBS_Hall_V4p2.lib(lib_mc_hall.o)
    0x00006a84   0x00006a84   0x00000012   Code   RO         2859    i.lowPass_filter    LKS08x_FluxOBS_Hall_V4p2.lib(lib_svpwm.o)
    0x00006a96   0x00006a96   0x00000010   Code   RO          931    i.main              main.o
    0x00006aa6   0x00006aa6   0x00000028   Code   RO         3137    i.reduceToqueAnglePll  LKS08x_FluxOBS_Hall_V4p2.lib(lib_mc_hall.o)
    0x00006ace   0x00006ace   0x00000002   PAD
    0x00006ad0   0x00006ad0   0x0000002c   Code   RO         3043    i.soft_Trg_ADC      LKS08x_FluxOBS_Hall_V4p2.lib(lib_ipd.o)
    0x00006afc   0x00006afc   0x00000044   Code   RO          467    i.sys_init          system_init.o
    0x00006b40   0x00006b40   0x0000006c   Data   RO            4    .constdata          global_variable.o
    0x00006bac   0x00006bac   0x00000030   Data   RO         1208    .constdata          mc_hall.o
    0x00006bdc   0x00006bdc   0x00000220   Data   RO         2860    .constdata          LKS08x_FluxOBS_Hall_V4p2.lib(lib_svpwm.o)
    0x00006dfc   0x00006dfc   0x00000020   Data   RO         3412    Region$$Table       anon$$obj.o


    Execution Region RW_IRAM1 (Exec base: 0x20000000, Load base: 0x00006e1c, Size: 0x00001580, Max: 0x00002000, ABSOLUTE)

    Exec Addr    Load Addr    Size         Type   Attr      Idx    E Section Name        Object

    0x20000000   0x00006e1c   0x00000006   Data   RW            5    .data               global_variable.o
    0x20000006   0x00006e22   0x00000006   Data   RW          351    .data               interrupt.o
    0x2000000c   0x00006e28   0x0000000a   Data   RW          701    .data               fault_detection.o
    0x20000016   0x00006e32   0x00000002   Data   RW         1084    .data               foc_drive.o
    0x20000018   0x00006e34   0x00000004   Data   RW         2586    .data               lks32mc08x_tmp.o
    0x2000001c   0x00006e38   0x00000048   Data   RW         2975    .data               LKS08x_FluxOBS_Hall_V4p2.lib(fluxobserve.o)
    0x20000064   0x00006e80   0x00000010   Data   RW         3112    .data               LKS08x_FluxOBS_Hall_V4p2.lib(onthefly.o)
    0x20000074   0x00006e90   0x00000006   Data   RW         3139    .data               LKS08x_FluxOBS_Hall_V4p2.lib(lib_mc_hall.o)
    0x2000007a   0x00006e96   0x00000006   PAD
    0x20000080        -       0x0000037c   Zero   RW            3    .bss                global_variable.o
    0x200003fc        -       0x00000012   Zero   RW          553    .bss                state_machine.o
    0x2000040e   0x00006e96   0x00000002   PAD
    0x20000410        -       0x0000008a   Zero   RW          700    .bss                fault_detection.o
    0x2000049a   0x00006e96   0x00000006   PAD
    0x200004a0        -       0x0000006c   Zero   RW          829    .bss                powercalculation.o
    0x2000050c        -       0x0000004c   Zero   RW         1286    .bss                bemf_check0824.o
    0x20000558        -       0x00000cbc   Zero   RW         2648    .bss                segger_rtt.o
    0x20001214        -       0x00000068   Zero   RW         2974    .bss                LKS08x_FluxOBS_Hall_V4p2.lib(fluxobserve.o)
    0x2000127c   0x00006e96   0x00000004   PAD
    0x20001280        -       0x00000300   Zero   RW         2611    STACK               startup_lks32mc08x.o


==============================================================================

Image component sizes


      Code (inc. data)   RO Data    RW Data    ZI Data      Debug   Object Name

       260         52          0          0          0       4090   app2core.o
       884        106          0          0         76      13538   bemf_check0824.o
      1164        150          0         10        138       7459   fault_detection.o
       894        112          0          2          0      11785   foc_drive.o
         0          0        108          6        892      67254   global_variable.o
      1512        140          0          0          0      22029   hardware_init.o
       466         82          0          6          0      10200   interrupt.o
       438          8          0          0          0       2872   lks32mc08x_adc.o
       342         14          0          0          0       1936   lks32mc08x_cmp.o
       506         28          0          0          0       3085   lks32mc08x_gpio.o
       104          8          0          0          0       1882   lks32mc08x_hall.o
       810         34          0          0          0       7021   lks32mc08x_mcpwm.o
       648         80          0          0          0      15292   lks32mc08x_sys.o
       576          8          0          0          0       3016   lks32mc08x_tim.o
        60         14          0          4          0       1044   lks32mc08x_tmp.o
       290         22          0          0          0       2182   lks32mc08x_uart.o
        16          0          0          0          0        567   main.o
      2490         98         48          0          0      23468   mc_hall.o
        48          6          0          0          0        693   mc_math.o
       312          0          0          0          0       2216   pid_regulators.o
       128          0          0          0        108       3603   powercalculation.o
       128          0          0          0          0       1882   process_control.o
       694         54          0          0       3260      10126   segger_rtt.o
       616         44          0          0          0       2470   signalchain_sample.o
       280         38          0          0          0        707   speedscan.o
        40         14        192          0        768        764   startup_lks32mc08x.o
      4186        440          0          0         18      16939   state_machine.o
       428         60          0          0          0       2212   system_init.o
       160         26          0          0          0       2609   task_scheduler.o

    ----------------------------------------------------------------------
     18498       1638        380         28       5268     242941   Object Totals
         0          0         32          0          0          0   (incl. Generated)
        18          0          0          0          8          0   (incl. Padding)

    ----------------------------------------------------------------------

      Code (inc. data)   RO Data    RW Data    ZI Data      Debug   Library Member Name

      1824        170          0         72        104       8335   fluxobserve.o
       674         92          0          0          0       3722   lib_ipd.o
      2608         56          0          6          0      22058   lib_mc_hall.o
       808         20        544          0          0      17072   lib_svpwm.o
       232         32          0         16          0       1386   onthefly.o
        60         10          0          0          0        712   lks32mc08x_nvr.o
         0          0          0          0          0          0   entry.o
         0          0          0          0          0          0   entry10a.o
         0          0          0          0          0          0   entry11a.o
         4          0          0          0          0          0   entry12b.o
         8          4          0          0          0          0   entry2.o
         4          0          0          0          0          0   entry5.o
         0          0          0          0          0          0   entry7b.o
         0          0          0          0          0          0   entry8b.o
         8          4          0          0          0          0   entry9a.o
        30          0          0          0          0          0   handlers.o
        40          0          0          0          0         72   idiv.o
        36          8          0          0          0         68   init.o
         0          0          0          0          0          0   iusefp.o
        76          0          0          0          0         76   ldiv.o
       122          0          0          0          0         84   llmul.o
        32          0          0          0          0         68   llshl.o
        38          0          0          0          0         68   llsshr.o
        34          0          0          0          0         68   llushr.o
        36          0          0          0          0         60   memcpya.o
        36          0          0          0          0        100   memseta.o
        18          0          0          0          0         60   strcpy.o
        44          0          0          0          0         72   uidiv.o
        96          0          0          0          0         84   uldiv.o
        40          2          0          0          0         68   cdcmple.o
        56          0          0          0          0         68   d2f.o
       360          6          0          0          0        140   dadd.o
       240          6          0          0          0         84   ddiv.o
       236          0          0          0          0        216   depilogue.o
        72         10          0          0          0         72   dfixi.o
        60         10          0          0          0         68   dfixui.o
        40          6          0          0          0         68   dflti.o
        44          6          0          0          0         72   dfltl.o
        28          4          0          0          0         68   dfltui.o
       208          6          0          0          0         88   dmul.o
        40          0          0          0          0         60   f2d.o
       124          0          0          0          0         72   fdiv.o
       130          0          0          0          0        144   fepilogue.o
        50          0          0          0          0         60   ffixi.o
        22          0          0          0          0         68   fflti.o
        14          0          0          0          0         68   ffltui.o
       122          0          0          0          0         72   fmul.o

    ----------------------------------------------------------------------
      8766        452        544         96        112      55721   Library Totals
        12          0          0          2          8          0   (incl. Padding)

    ----------------------------------------------------------------------

      Code (inc. data)   RO Data    RW Data    ZI Data      Debug   Library Name

      6146        370        544         94        104      52573   LKS08x_FluxOBS_Hall_V4p2.lib
        60         10          0          0          0        712   lks32mc08x_nvr.lib
       662         16          0          0          0        880   mc_p.l
      1886         56          0          0          0       1556   mf_p.l

    ----------------------------------------------------------------------
      8766        452        544         96        112      55721   Library Totals

    ----------------------------------------------------------------------

==============================================================================


      Code (inc. data)   RO Data    RW Data    ZI Data      Debug   

     27264       2090        924        124       5380     290710   Grand Totals
     27264       2090        924        124       5380     290710   ELF Image Totals
     27264       2090        924        124          0          0   ROM Totals

==============================================================================

    Total RO  Size (Code + RO Data)                28188 (  27.53kB)
    Total RW  Size (RW Data + ZI Data)              5504 (   5.38kB)
    Total ROM Size (Code + RO Data + RW Data)      28312 (  27.65kB)

==============================================================================

